Component: ARM Compiler 5.06 update 5 (build 528) Tool: armlink [4d35e2]

==============================================================================

Section Cross References

    startup_stm32f103xb.o(RESET) refers to startup_stm32f103xb.o(STACK) for __initial_sp
    startup_stm32f103xb.o(RESET) refers to startup_stm32f103xb.o(.text) for Reset_Handler
    startup_stm32f103xb.o(RESET) refers to stm32f1xx_it.o(i.NMI_Handler) for NMI_Handler
    startup_stm32f103xb.o(RESET) refers to stm32f1xx_it.o(i.HardFault_Handler) for HardFault_Handler
    startup_stm32f103xb.o(RESET) refers to stm32f1xx_it.o(i.MemManage_Handler) for MemManage_Handler
    startup_stm32f103xb.o(RESET) refers to stm32f1xx_it.o(i.BusFault_Handler) for BusFault_Handler
    startup_stm32f103xb.o(RESET) refers to stm32f1xx_it.o(i.UsageFault_Handler) for UsageFault_Handler
    startup_stm32f103xb.o(RESET) refers to stm32f1xx_it.o(i.SVC_Handler) for SVC_Handler
    startup_stm32f103xb.o(RESET) refers to stm32f1xx_it.o(i.DebugMon_Handler) for DebugMon_Handler
    startup_stm32f103xb.o(RESET) refers to stm32f1xx_it.o(i.PendSV_Handler) for PendSV_Handler
    startup_stm32f103xb.o(RESET) refers to stm32f1xx_it.o(i.SysTick_Handler) for SysTick_Handler
    startup_stm32f103xb.o(RESET) refers to stm32f1xx_it.o(i.USART1_IRQHandler) for USART1_IRQHandler
    startup_stm32f103xb.o(.text) refers to system_stm32f1xx.o(i.SystemInit) for SystemInit
    startup_stm32f103xb.o(.text) refers to entry.o(.ARM.Collect$$$$00000000) for __main
    main.o(i.MX_GPIO_Init) refers to stm32f1xx_hal_gpio.o(i.HAL_GPIO_WritePin) for HAL_GPIO_WritePin
    main.o(i.MX_GPIO_Init) refers to stm32f1xx_hal_gpio.o(i.HAL_GPIO_Init) for HAL_GPIO_Init
    main.o(i.MX_USART1_UART_Init) refers to stm32f1xx_hal_uart.o(i.HAL_UART_Init) for HAL_UART_Init
    main.o(i.MX_USART1_UART_Init) refers to main.o(i.Error_Handler) for Error_Handler
    main.o(i.MX_USART1_UART_Init) refers to main.o(.bss) for huart1
    main.o(i.SystemClock_Config) refers to memseta.o(.text) for __aeabi_memclr4
    main.o(i.SystemClock_Config) refers to stm32f1xx_hal_rcc.o(i.HAL_RCC_OscConfig) for HAL_RCC_OscConfig
    main.o(i.SystemClock_Config) refers to main.o(i.Error_Handler) for Error_Handler
    main.o(i.SystemClock_Config) refers to stm32f1xx_hal_rcc.o(i.HAL_RCC_ClockConfig) for HAL_RCC_ClockConfig
    main.o(i.main) refers to stm32f1xx_hal.o(i.HAL_Init) for HAL_Init
    main.o(i.main) refers to main.o(i.SystemClock_Config) for SystemClock_Config
    main.o(i.main) refers to main.o(i.MX_GPIO_Init) for MX_GPIO_Init
    main.o(i.main) refers to main.o(i.MX_USART1_UART_Init) for MX_USART1_UART_Init
    main.o(i.main) refers to task.o(i.Led_Init) for Led_Init
    main.o(i.main) refers to test.o(i.vOledInit) for vOledInit
    main.o(i.main) refers to menu.o(i.vMenuInit) for vMenuInit
    main.o(i.main) refers to test.o(i.vCalcSystemInit) for vCalcSystemInit
    main.o(i.main) refers to task.o(i.Button_Init) for Button_Init
    main.o(i.main) refers to task.o(i.RingBuf_Init) for RingBuf_Init
    main.o(i.main) refers to task.o(i.vTask) for vTask
    stm32f1xx_it.o(i.SysTick_Handler) refers to stm32f1xx_hal.o(i.HAL_IncTick) for HAL_IncTick
    stm32f1xx_it.o(i.USART1_IRQHandler) refers to ring_buffer_device.o(i.ucWriteOnebyte) for ucWriteOnebyte
    stm32f1xx_hal_msp.o(i.HAL_UART_MspDeInit) refers to stm32f1xx_hal_gpio.o(i.HAL_GPIO_DeInit) for HAL_GPIO_DeInit
    stm32f1xx_hal_msp.o(i.HAL_UART_MspDeInit) refers to stm32f1xx_hal_cortex.o(i.HAL_NVIC_DisableIRQ) for HAL_NVIC_DisableIRQ
    stm32f1xx_hal_msp.o(i.HAL_UART_MspInit) refers to stm32f1xx_hal_gpio.o(i.HAL_GPIO_Init) for HAL_GPIO_Init
    stm32f1xx_hal_msp.o(i.HAL_UART_MspInit) refers to stm32f1xx_hal_cortex.o(i.HAL_NVIC_SetPriority) for HAL_NVIC_SetPriority
    stm32f1xx_hal_msp.o(i.HAL_UART_MspInit) refers to stm32f1xx_hal_cortex.o(i.HAL_NVIC_EnableIRQ) for HAL_NVIC_EnableIRQ
    stm32f1xx_hal_uart.o(i.HAL_HalfDuplex_Init) refers to stm32f1xx_hal_msp.o(i.HAL_UART_MspInit) for HAL_UART_MspInit
    stm32f1xx_hal_uart.o(i.HAL_HalfDuplex_Init) refers to stm32f1xx_hal_uart.o(i.UART_SetConfig) for UART_SetConfig
    stm32f1xx_hal_uart.o(i.HAL_LIN_Init) refers to stm32f1xx_hal_msp.o(i.HAL_UART_MspInit) for HAL_UART_MspInit
    stm32f1xx_hal_uart.o(i.HAL_LIN_Init) refers to stm32f1xx_hal_uart.o(i.UART_SetConfig) for UART_SetConfig
    stm32f1xx_hal_uart.o(i.HAL_MultiProcessor_Init) refers to stm32f1xx_hal_msp.o(i.HAL_UART_MspInit) for HAL_UART_MspInit
    stm32f1xx_hal_uart.o(i.HAL_MultiProcessor_Init) refers to stm32f1xx_hal_uart.o(i.UART_SetConfig) for UART_SetConfig
    stm32f1xx_hal_uart.o(i.HAL_UARTEx_ReceiveToIdle) refers to stm32f1xx_hal.o(i.HAL_GetTick) for HAL_GetTick
    stm32f1xx_hal_uart.o(i.HAL_UARTEx_ReceiveToIdle_DMA) refers to stm32f1xx_hal_uart.o(i.UART_Start_Receive_DMA) for UART_Start_Receive_DMA
    stm32f1xx_hal_uart.o(i.HAL_UARTEx_ReceiveToIdle_IT) refers to stm32f1xx_hal_uart.o(i.UART_Start_Receive_IT) for UART_Start_Receive_IT
[...]
    entry5.o(.ARM.Collect$$$$00000004) refers to init.o(.text) for __scatterload
    entry9a.o(.ARM.Collect$$$$0000000B) refers to main.o(i.main) for main
    entry9b.o(.ARM.Collect$$$$0000000C) refers to main.o(i.main) for main
    ctype_o.o(.text) refers to ctype_o.o(.constdata) for .constdata
    ctype_o.o(.constdata) refers to ctype_o.o(.constdata) for __ctype_table
    isalnum_o.o(.text) refers to ctype_o.o(.text) for __rt_ctype_table
    isalpha_o.o(.text) refers to ctype_o.o(.text) for __rt_ctype_table
    isblank_o.o(.text) refers to ctype_o.o(.constdata) for __ctype_table
    iscntrl_o.o(.text) refers to ctype_o.o(.text) for __rt_ctype_table
    isdigit_o.o(.text) refers to ctype_o.o(.text) for __rt_ctype_table
    isgraph_o.o(.text) refers to ctype_o.o(.text) for __rt_ctype_table
    islower_o.o(.text) refers to ctype_o.o(.text) for __rt_ctype_table
    isprint_o.o(.text) refers to ctype_o.o(.text) for __rt_ctype_table
    ispunct_o.o(.text) refers to ctype_o.o(.text) for __rt_ctype_table
    isspace_o.o(.text) refers to ctype_o.o(.text) for __rt_ctype_table
    isupper_o.o(.text) refers to ctype_o.o(.text) for __rt_ctype_table
    isxdigit_o.o(.text) refers to ctype_o.o(.text) for __rt_ctype_table
    errno.o(i.__aeabi_errno_addr) refers to errno.o(.data) for .data
    errno.o(i.__read_errno) refers to errno.o(.data) for .data
    errno.o(i.__set_errno) refers to errno.o(.data) for .data
    _strtoul.o(.text) refers to _chval.o(.text) for _chval
    _strtoul.o(.text) refers to errno.o(i.__aeabi_errno_addr) for __aeabi_errno_addr
    init.o(.text) refers to entry5.o(.ARM.Collect$$$$00000004) for __main_after_scatterload


==============================================================================

Removing Unused input sections from the image.

    Removing startup_stm32f103xb.o(HEAP), (512 bytes).
    Removing main.o(.rev16_text), (4 bytes).
    Removing main.o(.revsh_text), (4 bytes).
    Removing main.o(.rrx_text), (6 bytes).
    Removing stm32f1xx_it.o(.rev16_text), (4 bytes).
    Removing stm32f1xx_it.o(.revsh_text), (4 bytes).
    Removing stm32f1xx_it.o(.rrx_text), (6 bytes).
    Removing stm32f1xx_hal_msp.o(.rev16_text), (4 bytes).
    Removing stm32f1xx_hal_msp.o(.revsh_text), (4 bytes).
    Removing stm32f1xx_hal_msp.o(.rrx_text), (6 bytes).
    Removing stm32f1xx_hal_msp.o(i.HAL_UART_MspDeInit), (56 bytes).
    Removing stm32f1xx_hal_gpio_ex.o(.rev16_text), (4 bytes).
    Removing stm32f1xx_hal_gpio_ex.o(.revsh_text), (4 bytes).
    Removing stm32f1xx_hal_gpio_ex.o(.rrx_text), (6 bytes).
    Removing stm32f1xx_hal_gpio_ex.o(i.HAL_GPIOEx_ConfigEventout), (24 bytes).
    Removing stm32f1xx_hal_gpio_ex.o(i.HAL_GPIOEx_DisableEventout), (20 bytes).
    Removing stm32f1xx_hal_gpio_ex.o(i.HAL_GPIOEx_EnableEventout), (20 bytes).
    Removing stm32f1xx_hal_uart.o(.rev16_text), (4 bytes).
    Removing stm32f1xx_hal_uart.o(.revsh_text), (4 bytes).
    Removing stm32f1xx_hal_uart.o(.rrx_text), (6 bytes).
    Removing stm32f1xx_hal_uart.o(i.HAL_HalfDuplex_EnableReceiver), (68 bytes).
    Removing stm32f1xx_hal_uart.o(i.HAL_HalfDuplex_EnableTransmitter), (68 bytes).
    Removing stm32f1xx_hal_uart.o(i.HAL_HalfDuplex_Init), (122 bytes).
    Removing stm32f1xx_hal_uart.o(i.HAL_LIN_Init), (146 bytes).
    Removing stm32f1xx_hal_uart.o(i.HAL_LIN_SendBreak), (80 bytes).
    Removing stm32f1xx_hal_uart.o(i.HAL_MultiProcessor_EnterMuteMode), (82 bytes).
    Removing stm32f1xx_hal_uart.o(i.HAL_MultiProcessor_ExitMuteMode), (82 bytes).
    Removing stm32f1xx_hal_uart.o(i.HAL_MultiProcessor_Init), (158 bytes).
    Removing stm32f1xx_hal_uart.o(i.HAL_UARTEx_GetRxEventType), (6 bytes).
    Removing stm32f1xx_hal_uart.o(i.HAL_UARTEx_ReceiveToIdle), (296 bytes).
    Removing stm32f1xx_hal_uart.o(i.HAL_UARTEx_ReceiveToIdle_DMA), (112 bytes).
    Removing stm32f1xx_hal_uart.o(i.HAL_UARTEx_ReceiveToIdle_IT), (114 bytes).
    Removing stm32f1xx_hal_uart.o(i.HAL_UARTEx_RxEventCallback), (2 bytes).
    Removing stm32f1xx_hal_uart.o(i.HAL_UART_Abort), (278 bytes).
    Removing stm32f1xx_hal_uart.o(i.HAL_UART_AbortCpltCallback), (2 bytes).
    Removing stm32f1xx_hal_uart.o(i.HAL_UART_AbortReceive), (194 bytes).
    Removing stm32f1xx_hal_uart.o(i.HAL_UART_AbortReceiveCpltCallback), (2 bytes).
    Removing stm32f1xx_hal_uart.o(i.HAL_UART_AbortReceive_IT), (216 bytes).
    Removing stm32f1xx_hal_uart.o(i.HAL_UART_AbortTransmit), (124 bytes).
    Removing stm32f1xx_hal_uart.o(i.HAL_UART_AbortTransmitCpltCallback), (2 bytes).
    Removing stm32f1xx_hal_uart.o(i.HAL_UART_AbortTransmit_IT), (144 bytes).
    Removing stm32f1xx_hal_uart.o(i.HAL_UART_Abort_IT), (328 bytes).
    Removing stm32f1xx_hal_uart.o(i.HAL_UART_DMAPause), (166 bytes).
    Removing stm32f1xx_hal_uart.o(i.HAL_UART_DMAResume), (170 bytes).
    Removing stm32f1xx_hal_uart.o(i.HAL_UART_DMAStop), (138 bytes).
    Removing stm32f1xx_hal_uart.o(i.HAL_UART_DeInit), (62 bytes).
    Removing stm32f1xx_hal_uart.o(i.HAL_UART_ErrorCallback), (2 bytes).
    Removing stm32f1xx_hal_uart.o(i.HAL_UART_GetError), (6 bytes).
    Removing stm32f1xx_hal_uart.o(i.HAL_UART_GetState), (20 bytes).
    Removing stm32f1xx_hal_uart.o(i.HAL_UART_IRQHandler), (740 bytes).
    Removing stm32f1xx_hal_uart.o(i.HAL_UART_MspDeInit), (2 bytes).
    Removing stm32f1xx_hal_uart.o(i.HAL_UART_MspInit), (2 bytes).
    Removing stm32f1xx_hal_uart.o(i.HAL_UART_Receive), (194 bytes).
    Removing stm32f1xx_hal_uart.o(i.HAL_UART_Receive_DMA), (44 bytes).
    Removing stm32f1xx_hal_uart.o(i.HAL_UART_Receive_IT), (44 bytes).
    Removing stm32f1xx_hal_uart.o(i.HAL_UART_RxCpltCallback), (2 bytes).
    Removing stm32f1xx_hal_uart.o(i.HAL_UART_RxHalfCpltCallback), (2 bytes).
    Removing stm32f1xx_hal_uart.o(i.HAL_UART_Transmit_DMA), (140 bytes).
    Removing stm32f1xx_hal_uart.o(i.HAL_UART_Transmit_IT), (56 bytes).
    Removing stm32f1xx_hal_uart.o(i.HAL_UART_TxCpltCallback), (2 bytes).
    Removing stm32f1xx_hal_uart.o(i.HAL_UART_TxHalfCpltCallback), (2 bytes).
    Removing stm32f1xx_hal_uart.o(i.UART_DMAAbortOnError), (20 bytes).
    Removing stm32f1xx_hal_uart.o(i.UART_DMAError), (80 bytes).
    Removing stm32f1xx_hal_uart.o(i.UART_DMAReceiveCplt), (180 bytes).
    Removing stm32f1xx_hal_uart.o(i.UART_DMARxAbortCallback), (56 bytes).
    Removing stm32f1xx_hal_uart.o(i.UART_DMARxHalfCplt), (36 bytes).
    Removing stm32f1xx_hal_uart.o(i.UART_DMARxOnlyAbortCallback), (28 bytes).
    Removing stm32f1xx_hal_uart.o(i.UART_DMATransmitCplt), (88 bytes).
    Removing stm32f1xx_hal_uart.o(i.UART_DMATxAbortCallback), (56 bytes).
    Removing stm32f1xx_hal_uart.o(i.UART_DMATxHalfCplt), (14 bytes).
    Removing stm32f1xx_hal_uart.o(i.UART_DMATxOnlyAbortCallback), (24 bytes).
    Removing stm32f1xx_hal_uart.o(i.UART_EndTransmit_IT), (32 bytes).
    Removing stm32f1xx_hal_uart.o(i.UART_EndTxTransfer), (38 bytes).
    Removing stm32f1xx_hal_uart.o(i.UART_Receive_IT), (252 bytes).
    Removing stm32f1xx_hal_uart.o(i.UART_Start_Receive_DMA), (200 bytes).
    Removing stm32f1xx_hal_uart.o(i.UART_Start_Receive_IT), (64 bytes).
    Removing stm32f1xx_hal_uart.o(i.UART_Transmit_IT), (96 bytes).
    Removing stm32f1xx_hal.o(.rev16_text), (4 bytes).
    Removing stm32f1xx_hal.o(.revsh_text), (4 bytes).
    Removing stm32f1xx_hal.o(.rrx_text), (6 bytes).
    Removing stm32f1xx_hal.o(i.HAL_DBGMCU_DisableDBGSleepMode), (20 bytes).
    Removing stm32f1xx_hal.o(i.HAL_DBGMCU_DisableDBGStandbyMode), (20 bytes).
    Removing stm32f1xx_hal.o(i.HAL_DBGMCU_DisableDBGStopMode), (20 bytes).
    Removing stm32f1xx_hal.o(i.HAL_DBGMCU_EnableDBGSleepMode), (20 bytes).
    Removing stm32f1xx_hal.o(i.HAL_DBGMCU_EnableDBGStandbyMode), (20 bytes).
    Removing stm32f1xx_hal.o(i.HAL_DBGMCU_EnableDBGStopMode), (20 bytes).
    Removing stm32f1xx_hal.o(i.HAL_DeInit), (36 bytes).
    Removing stm32f1xx_hal.o(i.HAL_Delay), (40 bytes).
    Removing stm32f1xx_hal.o(i.HAL_GetDEVID), (16 bytes).
    Removing stm32f1xx_hal.o(i.HAL_GetHalVersion), (8 bytes).
    Removing stm32f1xx_hal.o(i.HAL_GetREVID), (12 bytes).
    Removing stm32f1xx_hal.o(i.HAL_GetTickFreq), (12 bytes).
    Removing stm32f1xx_hal.o(i.HAL_GetTickPrio), (12 bytes).
    Removing stm32f1xx_hal.o(i.HAL_GetUIDw0), (12 bytes).
    Removing stm32f1xx_hal.o(i.HAL_GetUIDw1), (12 bytes).
    Removing stm32f1xx_hal.o(i.HAL_GetUIDw2), (12 bytes).
    Removing stm32f1xx_hal.o(i.HAL_MspDeInit), (2 bytes).
    Removing stm32f1xx_hal.o(i.HAL_MspInit), (2 bytes).
    Removing stm32f1xx_hal.o(i.HAL_ResumeTick), (18 bytes).
    Removing stm32f1xx_hal.o(i.HAL_SetTickFreq), (48 bytes).
    Removing stm32f1xx_hal.o(i.HAL_SuspendTick), (18 bytes).
    Removing stm32f1xx_hal_rcc.o(.rev16_text), (4 bytes).
    Removing stm32f1xx_hal_rcc.o(.revsh_text), (4 bytes).
    Removing stm32f1xx_hal_rcc.o(.rrx_text), (6 bytes).
    Removing stm32f1xx_hal_rcc.o(i.HAL_RCC_CSSCallback), (2 bytes).
    Removing stm32f1xx_hal_rcc.o(i.HAL_RCC_DeInit), (272 bytes).
    Removing stm32f1xx_hal_rcc.o(i.HAL_RCC_DisableCSS), (12 bytes).
    Removing stm32f1xx_hal_rcc.o(i.HAL_RCC_EnableCSS), (12 bytes).
    Removing stm32f1xx_hal_rcc.o(i.HAL_RCC_GetClockConfig), (68 bytes).
    Removing stm32f1xx_hal_rcc.o(i.HAL_RCC_GetOscConfig), (200 bytes).
    Removing stm32f1xx_hal_rcc.o(i.HAL_RCC_MCOConfig), (100 bytes).
    Removing stm32f1xx_hal_rcc.o(i.HAL_RCC_NMI_IRQHandler), (32 bytes).
    Removing stm32f1xx_hal_rcc_ex.o(.rev16_text), (4 bytes).
    Removing stm32f1xx_hal_rcc_ex.o(.revsh_text), (4 bytes).
    Removing stm32f1xx_hal_rcc_ex.o(.rrx_text), (6 bytes).
    Removing stm32f1xx_hal_rcc_ex.o(i.HAL_RCCEx_GetPeriphCLKConfig), (60 bytes).
    Removing stm32f1xx_hal_rcc_ex.o(i.HAL_RCCEx_GetPeriphCLKFreq), (252 bytes).
    Removing stm32f1xx_hal_rcc_ex.o(i.HAL_RCCEx_PeriphCLKConfig), (304 bytes).
    Removing stm32f1xx_hal_rcc_ex.o(.constdata), (18 bytes).
    Removing stm32f1xx_hal_gpio.o(.rev16_text), (4 bytes).
    Removing stm32f1xx_hal_gpio.o(.revsh_text), (4 bytes).
    Removing stm32f1xx_hal_gpio.o(.rrx_text), (6 bytes).
    Removing stm32f1xx_hal_gpio.o(i.HAL_GPIO_DeInit), (308 bytes).
    Removing stm32f1xx_hal_gpio.o(i.HAL_GPIO_EXTI_Callback), (2 bytes).
    Removing stm32f1xx_hal_gpio.o(i.HAL_GPIO_EXTI_IRQHandler), (28 bytes).
    Removing stm32f1xx_hal_gpio.o(i.HAL_GPIO_LockPin), (46 bytes).
    Removing stm32f1xx_hal_gpio.o(i.HAL_GPIO_TogglePin), (20 bytes).
    Removing stm32f1xx_hal_dma.o(.rev16_text), (4 bytes).
    Removing stm32f1xx_hal_dma.o(.revsh_text), (4 bytes).
    Removing stm32f1xx_hal_dma.o(.rrx_text), (6 bytes).
    Removing stm32f1xx_hal_dma.o(i.DMA_SetConfig), (44 bytes).
    Removing stm32f1xx_hal_dma.o(i.HAL_DMA_Abort), (86 bytes).
    Removing stm32f1xx_hal_dma.o(i.HAL_DMA_Abort_IT), (176 bytes).
    Removing stm32f1xx_hal_dma.o(i.HAL_DMA_DeInit), (104 bytes).
    Removing stm32f1xx_hal_dma.o(i.HAL_DMA_GetError), (6 bytes).
    Removing stm32f1xx_hal_dma.o(i.HAL_DMA_GetState), (8 bytes).
    Removing stm32f1xx_hal_dma.o(i.HAL_DMA_IRQHandler), (412 bytes).
    Removing stm32f1xx_hal_dma.o(i.HAL_DMA_Init), (104 bytes).
    Removing stm32f1xx_hal_dma.o(i.HAL_DMA_PollForTransfer), (692 bytes).
    Removing stm32f1xx_hal_dma.o(i.HAL_DMA_RegisterCallback), (90 bytes).
    Removing stm32f1xx_hal_dma.o(i.HAL_DMA_Start), (114 bytes).
    Removing stm32f1xx_hal_dma.o(i.HAL_DMA_Start_IT), (156 bytes).
    Removing stm32f1xx_hal_dma.o(i.HAL_DMA_UnRegisterCallback), (106 bytes).
    Removing stm32f1xx_hal_cortex.o(.rev16_text), (4 bytes).
    Removing stm32f1xx_hal_cortex.o(.revsh_text), (4 bytes).
    Removing stm32f1xx_hal_cortex.o(.rrx_text), (6 bytes).
    Removing stm32f1xx_hal_cortex.o(i.HAL_NVIC_ClearPendingIRQ), (36 bytes).
    Removing stm32f1xx_hal_cortex.o(i.HAL_NVIC_DisableIRQ), (68 bytes).
    Removing stm32f1xx_hal_cortex.o(i.HAL_NVIC_GetActive), (48 bytes).
    Removing stm32f1xx_hal_cortex.o(i.HAL_NVIC_GetPendingIRQ), (48 bytes).
    Removing stm32f1xx_hal_cortex.o(i.HAL_NVIC_GetPriority), (148 bytes).
    Removing stm32f1xx_hal_cortex.o(i.HAL_NVIC_GetPriorityGrouping), (8 bytes).
    Removing stm32f1xx_hal_cortex.o(i.HAL_NVIC_SetPendingIRQ), (36 bytes).
    Removing stm32f1xx_hal_cortex.o(i.HAL_NVIC_SystemReset), (68 bytes).
    Removing stm32f1xx_hal_cortex.o(i.HAL_SYSTICK_CLKSourceConfig), (40 bytes).
    Removing stm32f1xx_hal_cortex.o(i.HAL_SYSTICK_Callback), (2 bytes).
    Removing stm32f1xx_hal_cortex.o(i.HAL_SYSTICK_IRQHandler), (8 bytes).
    Removing stm32f1xx_hal_pwr.o(.rev16_text), (4 bytes).
    Removing stm32f1xx_hal_pwr.o(.revsh_text), (4 bytes).
    Removing stm32f1xx_hal_pwr.o(.rrx_text), (6 bytes).
    Removing stm32f1xx_hal_pwr.o(i.HAL_PWR_ConfigPVD), (180 bytes).
    Removing stm32f1xx_hal_pwr.o(i.HAL_PWR_DeInit), (28 bytes).
    Removing stm32f1xx_hal_pwr.o(i.HAL_PWR_DisableBkUpAccess), (12 bytes).
    Removing stm32f1xx_hal_pwr.o(i.HAL_PWR_DisablePVD), (12 bytes).
    Removing stm32f1xx_hal_pwr.o(i.HAL_PWR_DisableSEVOnPend), (20 bytes).
    Removing stm32f1xx_hal_pwr.o(i.HAL_PWR_DisableSleepOnExit), (20 bytes).
    Removing stm32f1xx_hal_pwr.o(i.HAL_PWR_DisableWakeUpPin), (28 bytes).
    Removing stm32f1xx_hal_pwr.o(i.HAL_PWR_EnableBkUpAccess), (12 bytes).
    Removing stm32f1xx_hal_pwr.o(i.HAL_PWR_EnablePVD), (12 bytes).
    Removing stm32f1xx_hal_pwr.o(i.HAL_PWR_EnableSEVOnPend), (20 bytes).
    Removing stm32f1xx_hal_pwr.o(i.HAL_PWR_EnableSleepOnExit), (20 bytes).
    Removing stm32f1xx_hal_pwr.o(i.HAL_PWR_EnableWakeUpPin), (28 bytes).
    Removing stm32f1xx_hal_pwr.o(i.HAL_PWR_EnterSLEEPMode), (32 bytes).
    Removing stm32f1xx_hal_pwr.o(i.HAL_PWR_EnterSTANDBYMode), (40 bytes).
    Removing stm32f1xx_hal_pwr.o(i.HAL_PWR_EnterSTOPMode), (84 bytes).
    Removing stm32f1xx_hal_pwr.o(i.HAL_PWR_PVDCallback), (2 bytes).
    Removing stm32f1xx_hal_pwr.o(i.HAL_PWR_PVD_IRQHandler), (32 bytes).
    Removing stm32f1xx_hal_pwr.o(i.PWR_OverloadWfe), (6 bytes).
    Removing stm32f1xx_hal_flash.o(.rev16_text), (4 bytes).
    Removing stm32f1xx_hal_flash.o(.revsh_text), (4 bytes).
    Removing stm32f1xx_hal_flash.o(.rrx_text), (6 bytes).
    Removing stm32f1xx_hal_flash.o(i.FLASH_Program_HalfWord), (32 bytes).
    Removing stm32f1xx_hal_flash.o(i.FLASH_SetErrorCode), (132 bytes).
    Removing stm32f1xx_hal_flash.o(i.FLASH_WaitForLastOperation), (112 bytes).
    Removing stm32f1xx_hal_flash.o(i.HAL_FLASH_EndOfOperationCallback), (2 bytes).
    Removing stm32f1xx_hal_flash.o(i.HAL_FLASH_GetError), (12 bytes).
    Removing stm32f1xx_hal_flash.o(i.HAL_FLASH_IRQHandler), (376 bytes).
    Removing stm32f1xx_hal_flash.o(i.HAL_FLASH_Lock), (20 bytes).
    Removing stm32f1xx_hal_flash.o(i.HAL_FLASH_OB_Launch), (8 bytes).
    Removing stm32f1xx_hal_flash.o(i.HAL_FLASH_OB_Lock), (20 bytes).
    Removing stm32f1xx_hal_flash.o(i.HAL_FLASH_OB_Unlock), (44 bytes).
    Removing stm32f1xx_hal_flash.o(i.HAL_FLASH_OperationErrorCallback), (2 bytes).
    Removing stm32f1xx_hal_flash.o(i.HAL_FLASH_Program), (176 bytes).
    Removing stm32f1xx_hal_flash.o(i.HAL_FLASH_Program_IT), (100 bytes).
    Removing stm32f1xx_hal_flash.o(i.HAL_FLASH_Unlock), (48 bytes).
    Removing stm32f1xx_hal_flash.o(.bss), (32 bytes).
    Removing stm32f1xx_hal_flash_ex.o(.rev16_text), (4 bytes).
    Removing stm32f1xx_hal_flash_ex.o(.revsh_text), (4 bytes).
    Removing stm32f1xx_hal_flash_ex.o(.rrx_text), (6 bytes).
    Removing stm32f1xx_hal_flash_ex.o(i.FLASH_MassErase), (40 bytes).
    Removing stm32f1xx_hal_flash_ex.o(i.FLASH_OB_DisableWRP), (232 bytes).
    Removing stm32f1xx_hal_flash_ex.o(i.FLASH_OB_EnableWRP), (236 bytes).
    Removing stm32f1xx_hal_flash_ex.o(i.FLASH_OB_GetRDP), (28 bytes).
    Removing stm32f1xx_hal_flash_ex.o(i.FLASH_OB_GetUser), (16 bytes).
    Removing stm32f1xx_hal_flash_ex.o(i.FLASH_OB_GetWRP), (12 bytes).
    Removing stm32f1xx_hal_flash_ex.o(i.FLASH_OB_ProgramData), (76 bytes).
    Removing stm32f1xx_hal_flash_ex.o(i.FLASH_OB_RDP_LevelConfig), (124 bytes).
    Removing stm32f1xx_hal_flash_ex.o(i.FLASH_OB_UserConfig), (84 bytes).
    Removing stm32f1xx_hal_flash_ex.o(i.FLASH_PageErase), (40 bytes).
    Removing stm32f1xx_hal_flash_ex.o(i.HAL_FLASHEx_Erase), (176 bytes).
    Removing stm32f1xx_hal_flash_ex.o(i.HAL_FLASHEx_Erase_IT), (80 bytes).
    Removing stm32f1xx_hal_flash_ex.o(i.HAL_FLASHEx_OBErase), (96 bytes).
    Removing stm32f1xx_hal_flash_ex.o(i.HAL_FLASHEx_OBGetConfig), (28 bytes).
    Removing stm32f1xx_hal_flash_ex.o(i.HAL_FLASHEx_OBGetUserData), (40 bytes).
    Removing stm32f1xx_hal_flash_ex.o(i.HAL_FLASHEx_OBProgram), (200 bytes).
    Removing stm32f1xx_hal_exti.o(.rev16_text), (4 bytes).
    Removing stm32f1xx_hal_exti.o(.revsh_text), (4 bytes).
    Removing stm32f1xx_hal_exti.o(.rrx_text), (6 bytes).
    Removing stm32f1xx_hal_exti.o(i.HAL_EXTI_ClearConfigLine), (120 bytes).
    Removing stm32f1xx_hal_exti.o(i.HAL_EXTI_ClearPending), (28 bytes).
    Removing stm32f1xx_hal_exti.o(i.HAL_EXTI_GenerateSWI), (24 bytes).
    Removing stm32f1xx_hal_exti.o(i.HAL_EXTI_GetConfigLine), (156 bytes).
    Removing stm32f1xx_hal_exti.o(i.HAL_EXTI_GetHandle), (14 bytes).
    Removing stm32f1xx_hal_exti.o(i.HAL_EXTI_GetPending), (36 bytes).
    Removing stm32f1xx_hal_exti.o(i.HAL_EXTI_IRQHandler), (44 bytes).
    Removing stm32f1xx_hal_exti.o(i.HAL_EXTI_RegisterCallback), (20 bytes).
    Removing stm32f1xx_hal_exti.o(i.HAL_EXTI_SetConfigLine), (240 bytes).
    Removing system_stm32f1xx.o(.rev16_text), (4 bytes).
    Removing system_stm32f1xx.o(.revsh_text), (4 bytes).
    Removing system_stm32f1xx.o(.rrx_text), (6 bytes).
    Removing system_stm32f1xx.o(i.SystemCoreClockUpdate), (164 bytes).
    Removing oled_device.o(.rev16_text), (4 bytes).
    Removing oled_device.o(.revsh_text), (4 bytes).
    Removing oled_device.o(.rrx_text), (6 bytes).
    Removing oled_device.o(i.c_pstGetOledDeviceParam), (20 bytes).
    Removing oled_device.o(i.vOledClearBuffer), (20 bytes).
    Removing oled_device.o(i.vOledClearOnePointToBuffer), (68 bytes).
    Removing oled_device.o(i.vOledDeviceRunningParamInit), (36 bytes).
    Removing oled_device.o(i.vOledDrawArrow), (64 bytes).
    Removing oled_device.o(i.vOledDrawOnePointToBuffer), (68 bytes).
    Removing oled_device.o(i.vOledDrawRectangle), (204 bytes).
    Removing oled_device.o(i.vOledWriteStringToBuffer), (72 bytes).
    Removing keypad4_4.o(.rev16_text), (4 bytes).
    Removing keypad4_4.o(.revsh_text), (4 bytes).
    Removing keypad4_4.o(.rrx_text), (6 bytes).
    Removing keypad4_4.o(i.ucKeypad_scan), (384 bytes).
    Removing keypad4_4.o(.data), (18 bytes).
    Removing led_device.o(.rev16_text), (4 bytes).
    Removing led_device.o(.revsh_text), (4 bytes).
    Removing led_device.o(.rrx_text), (6 bytes).
    Removing botton.o(.rev16_text), (4 bytes).
    Removing botton.o(.revsh_text), (4 bytes).
    Removing botton.o(.rrx_text), (6 bytes).
    Removing botton.o(i.c_pstGetBtnRunningParam), (20 bytes).
    Removing botton.o(i.emBtnGetCurEvent), (20 bytes).
    Removing botton.o(i.emBtnGetCurStatus), (20 bytes).
    Removing botton.o(i.emBtnGetLastStatus), (20 bytes).
    Removing botton.o(i.ucBtnGetucDoubleWait), (24 bytes).
    Removing botton.o(i.ulBtnGetClickTick), (20 bytes).
    Removing botton.o(i.ulBtnGetDeCntTh), (20 bytes).
    Removing botton.o(i.ulBtnGetDoubleClickCntTh), (20 bytes).
    Removing botton.o(i.ulBtnGetLongPressCntTh), (20 bytes).
    Removing botton.o(i.ulBtnGetPressTick), (20 bytes).
    Removing botton.o(i.vBtnSetClickTick), (20 bytes).
    Removing botton.o(i.vBtnSetCurEvent), (20 bytes).
    Removing botton.o(i.vBtnSetLastStatus), (20 bytes).
    Removing botton.o(i.vBtnSetPressTick), (20 bytes).
    Removing botton.o(i.vBtnSetucDoubleWait), (20 bytes).
    Removing botton.o(i.vBtnStatusUpdata), (204 bytes).
    Removing ring_buffer_device.o(.rev16_text), (4 bytes).
    Removing ring_buffer_device.o(.revsh_text), (4 bytes).
    Removing ring_buffer_device.o(.rrx_text), (6 bytes).
    Removing interpreter_device.o(.rev16_text), (4 bytes).
    Removing interpreter_device.o(.revsh_text), (4 bytes).
    Removing interpreter_device.o(.rrx_text), (6 bytes).
    Removing test.o(.rev16_text), (4 bytes).
    Removing test.o(.revsh_text), (4 bytes).
    Removing test.o(.rrx_text), (6 bytes).
    Removing test.o(i.emHandleInput1State), (140 bytes).
    Removing test.o(i.emHandleInput2State), (184 bytes).
    Removing test.o(i.emHandleResultState), (120 bytes).
    Removing test.o(i.emProcessOperator), (136 bytes).
    Removing test.o(i.emReturnEvent), (42 bytes).
    Removing test.o(i.iEventSum), (92 bytes).
    Removing test.o(i.lStringToInt32), (62 bytes).
    Removing test.o(i.ucInt32ToStr), (152 bytes).
    Removing test.o(i.ucOledShowNumber), (76 bytes).
    Removing test.o(i.vState_machine_run), (44 bytes).
    Removing test.o(i.vTest), (26 bytes).
    Removing test.o(.data), (16 bytes).
    Removing task.o(.rev16_text), (4 bytes).
    Removing task.o(.revsh_text), (4 bytes).
    Removing task.o(.rrx_text), (6 bytes).
    Removing task.o(i.vMainMenuKeyHandler), (154 bytes).
    Removing task.o(.constdata), (65 bytes).
    Removing led_app.o(.rev16_text), (4 bytes).
    Removing led_app.o(.revsh_text), (4 bytes).
    Removing led_app.o(.rrx_text), (6 bytes).
    Removing led_app.o(i.vLedAppInit), (2 bytes).
    Removing menu.o(.rev16_text), (4 bytes).
    Removing menu.o(.revsh_text), (4 bytes).
    Removing menu.o(.rrx_text), (6 bytes).
    Removing menu.o(i.emGetCurrentPage), (12 bytes).
    Removing menu.o(i.ucGetMenuSelectedIndex), (44 bytes).
    Removing menu.o(i.vCurrentPageShow), (84 bytes).
    Removing menu.o(i.vMenuCancel), (12 bytes).
    Removing menu.o(i.vMenuEnter), (72 bytes).
    Removing menu.o(i.vMenuSelectDown), (84 bytes).
    Removing menu.o(i.vMenuSelectUp), (80 bytes).
    Removing menu.o(i.vShowCalculatorMenu), (2 bytes).
    Removing menu.o(i.vShowLEDMenu), (28 bytes).
    Removing menu.o(i.vShowMenu), (8 bytes).
    Removing menu.o(i.vShowMenuTextAll), (104 bytes).
    Removing menu.o(i.vShowSerialMenu), (16 bytes).
    Removing ui_button.o(.rev16_text), (4 bytes).
    Removing ui_button.o(.revsh_text), (4 bytes).
    Removing ui_button.o(.rrx_text), (6 bytes).
    Removing ui_button.o(i.emUibuttonTriggerStuScan), (58 bytes).
    Removing ui_button.o(i.ucGetUibuttonSelectedIndex), (44 bytes).
    Removing ui_button.o(i.vBtnScanAndExecute), (64 bytes).
    Removing ui_button.o(i.vButtonCallback_Off), (12 bytes).
    Removing ui_button.o(i.vButtonCallback_On), (12 bytes).
    Removing ui_button.o(i.vButtonCallback_Turn), (12 bytes).
    Removing ui_button.o(i.vShowNumberSelectorAll), (92 bytes).
    Removing ui_button.o(i.vShowUibuttonTextAll), (196 bytes).
    Removing ui_button.o(i.vUibuttonCancel), (10 bytes).
    Removing ui_button.o(i.vUibuttonEnter), (24 bytes).
    Removing ui_button.o(i.vUibuttonSelectDown), (52 bytes).
    Removing ui_button.o(i.vUibuttonSelectUp), (48 bytes).
    Removing ui_button.o(.data), (128 bytes).
    Removing ui_text.o(.rev16_text), (4 bytes).
    Removing ui_text.o(.revsh_text), (4 bytes).
    Removing ui_text.o(.rrx_text), (6 bytes).
    Removing ui_text.o(i.vShowSingleLineAll), (84 bytes).
    Removing ui_text.o(.data), (80 bytes).
    Removing button_mid.o(.rev16_text), (4 bytes).
    Removing button_mid.o(.revsh_text), (4 bytes).
    Removing button_mid.o(.rrx_text), (6 bytes).
    Removing button_mid.o(i.vBtnEventClear), (38 bytes).
    Removing button_mid.o(i.vBtnEventUpdata), (266 bytes).
    Removing button_mid.o(i.vBtnExecute), (28 bytes).

341 unused section(s) (total 20071 bytes) removed from the image.

==============================================================================

Image Symbol Table

    Local Symbols

    Symbol Name                              Value     Ov Type        Size  Object(Section)

    ../Core/Src/main.c                       0x00000000   Number         0  main.o ABSOLUTE
    ../Core/Src/stm32f1xx_hal_msp.c          0x00000000   Number         0  stm32f1xx_hal_msp.o ABSOLUTE
    ../Core/Src/stm32f1xx_it.c               0x00000000   Number         0  stm32f1xx_it.o ABSOLUTE
    ../Core/Src/system_stm32f1xx.c           0x00000000   Number         0  system_stm32f1xx.o ABSOLUTE
    ../Drivers/STM32F1xx_HAL_Driver/Src/stm32f1xx_hal.c 0x00000000   Number         0  stm32f1xx_hal.o ABSOLUTE
    ../Drivers/STM32F1xx_HAL_Driver/Src/stm32f1xx_hal_cortex.c 0x00000000   Number         0  stm32f1xx_hal_cortex.o ABSOLUTE
    ../Drivers/STM32F1xx_HAL_Driver/Src/stm32f1xx_hal_dma.c 0x00000000   Number         0  stm32f1xx_hal_dma.o ABSOLUTE
    ../Drivers/STM32F1xx_HAL_Driver/Src/stm32f1xx_hal_exti.c 0x00000000   Number         0  stm32f1xx_hal_exti.o ABSOLUTE
    ../Drivers/STM32F1xx_HAL_Driver/Src/stm32f1xx_hal_flash.c 0x00000000   Number         0  stm32f1xx_hal_flash.o ABSOLUTE
    ../Drivers/STM32F1xx_HAL_Driver/Src/stm32f1xx_hal_flash_ex.c 0x00000000   Number         0  stm32f1xx_hal_flash_ex.o ABSOLUTE
    ../Drivers/STM32F1xx_HAL_Driver/Src/stm32f1xx_hal_gpio.c 0x00000000   Number         0  stm32f1xx_hal_gpio.o ABSOLUTE
    ../Drivers/STM32F1xx_HAL_Driver/Src/stm32f1xx_hal_gpio_ex.c 0x00000000   Number         0  stm32f1xx_hal_gpio_ex.o ABSOLUTE
    ../Drivers/STM32F1xx_HAL_Driver/Src/stm32f1xx_hal_pwr.c 0x00000000   Number         0  stm32f1xx_hal_pwr.o ABSOLUTE
    ../Drivers/STM32F1xx_HAL_Driver/Src/stm32f1xx_hal_rcc.c 0x00000000   Number         0  stm32f1xx_hal_rcc.o ABSOLUTE
    ../Drivers/STM32F1xx_HAL_Driver/Src/stm32f1xx_hal_rcc_ex.c 0x00000000   Number         0  stm32f1xx_hal_rcc_ex.o ABSOLUTE
    ../Drivers/STM32F1xx_HAL_Driver/Src/stm32f1xx_hal_uart.c 0x00000000   Number         0  stm32f1xx_hal_uart.o ABSOLUTE
    ../clib/../cmprslib/zerorunl2.c          0x00000000   Number         0  __dczerorl2.o ABSOLUTE
    ../clib/microlib/ctype/ctype.c           0x00000000   Number         0  ctype_o.o ABSOLUTE
    ../clib/microlib/ctype/ctype.c           0x00000000   Number         0  isalnum_o.o ABSOLUTE
    ../clib/microlib/ctype/ctype.c           0x00000000   Number         0  isupper_o.o ABSOLUTE
    ../clib/microlib/ctype/ctype.c           0x00000000   Number         0  isalpha_o.o ABSOLUTE
    ../clib/microlib/ctype/ctype.c           0x00000000   Number         0  isblank_o.o ABSOLUTE
    ../clib/microlib/ctype/ctype.c           0x00000000   Number         0  isxdigit_o.o ABSOLUTE
    ../clib/microlib/ctype/ctype.c           0x00000000   Number         0  iscntrl_o.o ABSOLUTE
    ../clib/microlib/ctype/ctype.c           0x00000000   Number         0  isdigit_o.o ABSOLUTE
    ../clib/microlib/ctype/ctype.c           0x00000000   Number         0  isprint_o.o ABSOLUTE
    ../clib/microlib/ctype/ctype.c           0x00000000   Number         0  isgraph_o.o ABSOLUTE
    ../clib/microlib/ctype/ctype.c           0x00000000   Number         0  islower_o.o ABSOLUTE
    ../clib/microlib/ctype/ctype.c           0x00000000   Number         0  ispunct_o.o ABSOLUTE
    ../clib/microlib/ctype/ctype.c           0x00000000   Number         0  isspace_o.o ABSOLUTE
    ../clib/microlib/errno.c                 0x00000000   Number         0  errno.o ABSOLUTE
    ../clib/microlib/init/entry.s            0x00000000   Number         0  entry9a.o ABSOLUTE
    ../clib/microlib/init/entry.s            0x00000000   Number         0  entry7a.o ABSOLUTE
    ../clib/microlib/init/entry.s            0x00000000   Number         0  entry7b.o ABSOLUTE
    ../clib/microlib/init/entry.s            0x00000000   Number         0  entry8a.o ABSOLUTE
    ../clib/microlib/init/entry.s            0x00000000   Number         0  entry8b.o ABSOLUTE
    ../clib/microlib/init/entry.s            0x00000000   Number         0  entry10b.o ABSOLUTE
    ../clib/microlib/init/entry.s            0x00000000   Number         0  entry.o ABSOLUTE
    ../clib/microlib/init/entry.s            0x00000000   Number         0  entry9b.o ABSOLUTE
    ../clib/microlib/init/entry.s            0x00000000   Number         0  entry10a.o ABSOLUTE
    ../clib/microlib/init/entry.s            0x00000000   Number         0  entry11a.o ABSOLUTE
    ../clib/microlib/init/entry.s            0x00000000   Number         0  entry11b.o ABSOLUTE
    ../clib/microlib/init/entry.s            0x00000000   Number         0  entry5.o ABSOLUTE
    ../clib/microlib/init/entry.s            0x00000000   Number         0  entry2.o ABSOLUTE
    ../clib/microlib/longlong.c              0x00000000   Number         0  llushr.o ABSOLUTE
    ../clib/microlib/string/memcpy.c         0x00000000   Number         0  memcpya.o ABSOLUTE
    ../clib/microlib/string/memcpy.c         0x00000000   Number         0  memcpyb.o ABSOLUTE
    ../clib/microlib/string/memset.c         0x00000000   Number         0  memseta.o ABSOLUTE
    ../clib/microlib/string/strcmp.c         0x00000000   Number         0  strcmp.o ABSOLUTE
    ../clib/microlib/string/strlen.c         0x00000000   Number         0  strlen.o ABSOLUTE
    ../clib/microlib/string/strtok.c         0x00000000   Number         0  strtok.o ABSOLUTE
    ../clib/microlib/string/strtok.c         0x00000000   Number         0  strtok_r.o ABSOLUTE
    ../clib/scanf.c                          0x00000000   Number         0  _strtoul.o ABSOLUTE
    ../clib/scanf.c                          0x00000000   Number         0  strtoul.o ABSOLUTE
    ../clib/scanf.c                          0x00000000   Number         0  _chval.o ABSOLUTE
    ..\Core\Src\main.c                       0x00000000   Number         0  main.o ABSOLUTE
    ..\Core\Src\stm32f1xx_hal_msp.c          0x00000000   Number         0  stm32f1xx_hal_msp.o ABSOLUTE
    ..\Core\Src\stm32f1xx_it.c               0x00000000   Number         0  stm32f1xx_it.o ABSOLUTE
    ..\Core\Src\system_stm32f1xx.c           0x00000000   Number         0  system_stm32f1xx.o ABSOLUTE
    ..\Drivers\STM32F1xx_HAL_Driver\Src\stm32f1xx_hal.c 0x00000000   Number         0  stm32f1xx_hal.o ABSOLUTE
    ..\Drivers\STM32F1xx_HAL_Driver\Src\stm32f1xx_hal_cortex.c 0x00000000   Number         0  stm32f1xx_hal_cortex.o ABSOLUTE
    ..\Drivers\STM32F1xx_HAL_Driver\Src\stm32f1xx_hal_dma.c 0x00000000   Number         0  stm32f1xx_hal_dma.o ABSOLUTE
    ..\Drivers\STM32F1xx_HAL_Driver\Src\stm32f1xx_hal_exti.c 0x00000000   Number         0  stm32f1xx_hal_exti.o ABSOLUTE
    ..\Drivers\STM32F1xx_HAL_Driver\Src\stm32f1xx_hal_flash.c 0x00000000   Number         0  stm32f1xx_hal_flash.o ABSOLUTE
    ..\Drivers\STM32F1xx_HAL_Driver\Src\stm32f1xx_hal_flash_ex.c 0x00000000   Number         0  stm32f1xx_hal_flash_ex.o ABSOLUTE
    ..\Drivers\STM32F1xx_HAL_Driver\Src\stm32f1xx_hal_gpio.c 0x00000000   Number         0  stm32f1xx_hal_gpio.o ABSOLUTE
    ..\Drivers\STM32F1xx_HAL_Driver\Src\stm32f1xx_hal_gpio_ex.c 0x00000000   Number         0  stm32f1xx_hal_gpio_ex.o ABSOLUTE
    ..\Drivers\STM32F1xx_HAL_Driver\Src\stm32f1xx_hal_pwr.c 0x00000000   Number         0  stm32f1xx_hal_pwr.o ABSOLUTE
    ..\Drivers\STM32F1xx_HAL_Driver\Src\stm32f1xx_hal_rcc.c 0x00000000   Number         0  stm32f1xx_hal_rcc.o ABSOLUTE
    ..\Drivers\STM32F1xx_HAL_Driver\Src\stm32f1xx_hal_rcc_ex.c 0x00000000   Number         0  stm32f1xx_hal_rcc_ex.o ABSOLUTE
    ..\Drivers\STM32F1xx_HAL_Driver\Src\stm32f1xx_hal_uart.c 0x00000000   Number         0  stm32f1xx_hal_uart.o ABSOLUTE
    ..\User\APP\led_app.c                    0x00000000   Number         0  led_app.o ABSOLUTE
    ..\User\APP\task.c                       0x00000000   Number         0  task.o ABSOLUTE
    ..\User\APP\test.c                       0x00000000   Number         0  test.o ABSOLUTE
    ..\User\Device\botton.c                  0x00000000   Number         0  botton.o ABSOLUTE
    ..\User\Device\interpreter_device.c      0x00000000   Number         0  interpreter_device.o ABSOLUTE
    ..\User\Device\keypad4_4.c               0x00000000   Number         0  keypad4_4.o ABSOLUTE
    ..\User\Device\led_device.c              0x00000000   Number         0  led_device.o ABSOLUTE
    ..\User\Device\oled_device.c             0x00000000   Number         0  oled_device.o ABSOLUTE
    ..\User\Device\oled_font.c               0x00000000   Number         0  oled_font.o ABSOLUTE
    ..\User\Device\ring_buffer_device.c      0x00000000   Number         0  ring_buffer_device.o ABSOLUTE
    ..\User\Middle\button_mid.c              0x00000000   Number         0  button_mid.o ABSOLUTE
    ..\User\Ui\menu.c                        0x00000000   Number         0  menu.o ABSOLUTE
    ..\User\Ui\ui_button.c                   0x00000000   Number         0  ui_button.o ABSOLUTE
    ..\User\Ui\ui_text.c                     0x00000000   Number         0  ui_text.o ABSOLUTE
    ..\\User\\APP\\led_app.c                 0x00000000   Number         0  led_app.o ABSOLUTE
    ..\\User\\APP\\task.c                    0x00000000   Number         0  task.o ABSOLUTE
    ..\\User\\APP\\test.c                    0x00000000   Number         0  test.o ABSOLUTE
    ..\\User\\Device\\botton.c               0x00000000   Number         0  botton.o ABSOLUTE
    ..\\User\\Device\\interpreter_device.c   0x00000000   Number         0  interpreter_device.o ABSOLUTE
    ..\\User\\Device\\keypad4_4.c            0x00000000   Number         0  keypad4_4.o ABSOLUTE
    ..\\User\\Device\\led_device.c           0x00000000   Number         0  led_device.o ABSOLUTE
    ..\\User\\Device\\oled_device.c          0x00000000   Number         0  oled_device.o ABSOLUTE
    ..\\User\\Device\\ring_buffer_device.c   0x00000000   Number         0  ring_buffer_device.o ABSOLUTE
    ..\\User\\Middle\\button_mid.c           0x00000000   Number         0  button_mid.o ABSOLUTE
    ..\\User\\Ui\\menu.c                     0x00000000   Number         0  menu.o ABSOLUTE
    ..\\User\\Ui\\ui_button.c                0x00000000   Number         0  ui_button.o ABSOLUTE
    ..\\User\\Ui\\ui_text.c                  0x00000000   Number         0  ui_text.o ABSOLUTE
    dc.s                                     0x00000000   Number         0  dc.o ABSOLUTE
    handlers.s                               0x00000000   Number         0  handlers.o ABSOLUTE
    init.s                                   0x00000000   Number         0  init.o ABSOLUTE
    startup_stm32f103xb.s                    0x00000000   Number         0  startup_stm32f103xb.o ABSOLUTE
    RESET                                    0x08000000   Section      236  startup_stm32f103xb.o(RESET)
    .ARM.Collect$$$$00000000                 0x080000ec   Section        0  entry.o(.ARM.Collect$$$$00000000)
    .ARM.Collect$$$$00000001                 0x080000ec   Section        4  entry2.o(.ARM.Collect$$$$00000001)
    .ARM.Collect$$$$00000004                 0x080000f0   Section        4  entry5.o(.ARM.Collect$$$$00000004)
    .ARM.Collect$$$$00000008                 0x080000f4   Section        0  entry7b.o(.ARM.Collect$$$$00000008)
    .ARM.Collect$$$$0000000A                 0x080000f4   Section        0  entry8b.o(.ARM.Collect$$$$0000000A)
    .ARM.Collect$$$$0000000B                 0x080000f4   Section        8  entry9a.o(.ARM.Collect$$$$0000000B)
    .ARM.Collect$$$$0000000D                 0x080000fc   Section        0  entry10a.o(.ARM.Collect$$$$0000000D)
    .ARM.Collect$$$$0000000F                 0x080000fc   Section        0  entry11a.o(.ARM.Collect$$$$0000000F)
    .ARM.Collect$$$$00002712                 0x080000fc   Section        4  entry2.o(.ARM.Collect$$$$00002712)
    __lit__00000000                          0x080000fc   Data           4  entry2.o(.ARM.Collect$$$$00002712)
    .text                                    0x08000100   Section       36  startup_stm32f103xb.o(.text)
    .text                                    0x08000124   Section        0  memcpya.o(.text)
    .text                                    0x08000148   Section        0  memseta.o(.text)
    .text                                    0x0800016c   Section        0  strlen.o(.text)
    .text                                    0x0800017a   Section        0  strcmp.o(.text)
    .text                                    0x08000198   Section        0  strtok.o(.text)
    .text                                    0x080001dc   Section        0  strtoul.o(.text)
    .text                                    0x08000250   Section        0  ctype_o.o(.text)
    .text                                    0x08000258   Section        0  _strtoul.o(.text)
    .text                                    0x080002f8   Section       36  init.o(.text)
    .text                                    0x0800031c   Section        0  _chval.o(.text)
    .text                                    0x08000338   Section        0  __dczerorl2.o(.text)
    i.BusFault_Handler                       0x0800038e   Section        0  stm32f1xx_it.o(i.BusFault_Handler)
    i.Button_Init                            0x08000394   Section        0  task.o(i.Button_Init)
    i.DebugMon_Handler                       0x0800043c   Section        0  stm32f1xx_it.o(i.DebugMon_Handler)
    i.Error_Handler                          0x0800043e   Section        0  main.o(i.Error_Handler)
    i.HAL_GPIO_Init                          0x08000444   Section        0  stm32f1xx_hal_gpio.o(i.HAL_GPIO_Init)
    i.HAL_GPIO_ReadPin                       0x08000764   Section        0  stm32f1xx_hal_gpio.o(i.HAL_GPIO_ReadPin)
    i.HAL_GPIO_WritePin                      0x08000774   Section        0  stm32f1xx_hal_gpio.o(i.HAL_GPIO_WritePin)
    i.HAL_GetTick                            0x08000780   Section        0  stm32f1xx_hal.o(i.HAL_GetTick)
    i.HAL_IncTick                            0x0800078c   Section        0  stm32f1xx_hal.o(i.HAL_IncTick)
    i.HAL_Init                               0x080007a4   Section        0  stm32f1xx_hal.o(i.HAL_Init)
    i.HAL_InitTick                           0x080007cc   Section        0  stm32f1xx_hal.o(i.HAL_InitTick)
    i.HAL_MspInit                            0x08000818   Section        0  stm32f1xx_hal_msp.o(i.HAL_MspInit)
    i.HAL_NVIC_EnableIRQ                     0x0800086c   Section        0  stm32f1xx_hal_cortex.o(i.HAL_NVIC_EnableIRQ)
    i.HAL_NVIC_SetPriority                   0x0800088c   Section        0  stm32f1xx_hal_cortex.o(i.HAL_NVIC_SetPriority)
    i.HAL_NVIC_SetPriorityGrouping           0x08000908   Section        0  stm32f1xx_hal_cortex.o(i.HAL_NVIC_SetPriorityGrouping)
    i.HAL_RCC_ClockConfig                    0x08000930   Section        0  stm32f1xx_hal_rcc.o(i.HAL_RCC_ClockConfig)
    i.HAL_RCC_GetHCLKFreq                    0x08000abc   Section        0  stm32f1xx_hal_rcc.o(i.HAL_RCC_GetHCLKFreq)
    i.HAL_RCC_GetPCLK1Freq                   0x08000ac8   Section        0  stm32f1xx_hal_rcc.o(i.HAL_RCC_GetPCLK1Freq)
    i.HAL_RCC_GetPCLK2Freq                   0x08000ae8   Section        0  stm32f1xx_hal_rcc.o(i.HAL_RCC_GetPCLK2Freq)
    i.HAL_RCC_GetSysClockFreq                0x08000b08   Section        0  stm32f1xx_hal_rcc.o(i.HAL_RCC_GetSysClockFreq)
    i.HAL_RCC_OscConfig                      0x08000b78   Section        0  stm32f1xx_hal_rcc.o(i.HAL_RCC_OscConfig)
    i.HAL_SYSTICK_Config                     0x08000fdc   Section        0  stm32f1xx_hal_cortex.o(i.HAL_SYSTICK_Config)
    i.HAL_UART_Init                          0x08001010   Section        0  stm32f1xx_hal_uart.o(i.HAL_UART_Init)
    i.HAL_UART_MspInit                       0x08001088   Section        0  stm32f1xx_hal_msp.o(i.HAL_UART_MspInit)
    i.HAL_UART_Transmit                      0x08001120   Section        0  stm32f1xx_hal_uart.o(i.HAL_UART_Transmit)
    i.HardFault_Handler                      0x080011de   Section        0  stm32f1xx_it.o(i.HardFault_Handler)
    i.Led_Init                               0x080011e4   Section        0  task.o(i.Led_Init)
    i.MX_GPIO_Init                           0x08001258   Section        0  main.o(i.MX_GPIO_Init)
    MX_GPIO_Init                             0x08001259   Thumb Code   350  main.o(i.MX_GPIO_Init)
    i.MX_USART1_UART_Init                    0x080013c8   Section        0  main.o(i.MX_USART1_UART_Init)
    MX_USART1_UART_Init                      0x080013c9   Thumb Code    78  main.o(i.MX_USART1_UART_Init)
    i.MemManage_Handler                      0x08001420   Section        0  stm32f1xx_it.o(i.MemManage_Handler)
    i.NMI_Handler                            0x08001424   Section        0  stm32f1xx_it.o(i.NMI_Handler)
    i.PendSV_Handler                         0x08001428   Section        0  stm32f1xx_it.o(i.PendSV_Handler)
    i.RCC_Delay                              0x0800142c   Section        0  stm32f1xx_hal_rcc.o(i.RCC_Delay)
    RCC_Delay                                0x0800142d   Thumb Code    36  stm32f1xx_hal_rcc.o(i.RCC_Delay)
    i.RingBuf_Init                           0x08001454   Section        0  task.o(i.RingBuf_Init)
    i.SVC_Handler                            0x0800146c   Section        0  stm32f1xx_it.o(i.SVC_Handler)
    i.SysTick_Handler                        0x0800146e   Section        0  stm32f1xx_it.o(i.SysTick_Handler)
    i.SystemClock_Config                     0x08001476   Section        0  main.o(i.SystemClock_Config)
    i.SystemInit                             0x080014dc   Section        0  system_stm32f1xx.o(i.SystemInit)
    i.UART_EndRxTransfer                     0x080014de   Section        0  stm32f1xx_hal_uart.o(i.UART_EndRxTransfer)
    UART_EndRxTransfer                       0x080014df   Thumb Code   108  stm32f1xx_hal_uart.o(i.UART_EndRxTransfer)
    i.UART_SetConfig                         0x0800154c   Section        0  stm32f1xx_hal_uart.o(i.UART_SetConfig)
    UART_SetConfig                           0x0800154d   Thumb Code   248  stm32f1xx_hal_uart.o(i.UART_SetConfig)
    i.UART_WaitOnFlagUntilTimeout            0x08001648   Section        0  stm32f1xx_hal_uart.o(i.UART_WaitOnFlagUntilTimeout)
    UART_WaitOnFlagUntilTimeout              0x08001649   Thumb Code   140  stm32f1xx_hal_uart.o(i.UART_WaitOnFlagUntilTimeout)
    i.USART1_IRQHandler                      0x080016d4   Section        0  stm32f1xx_it.o(i.USART1_IRQHandler)
    i.UsageFault_Handler                     0x080016f8   Section        0  stm32f1xx_it.o(i.UsageFault_Handler)
    i.__NVIC_GetPriorityGrouping             0x080016fc   Section        0  stm32f1xx_hal_cortex.o(i.__NVIC_GetPriorityGrouping)
    __NVIC_GetPriorityGrouping               0x080016fd   Thumb Code    10  stm32f1xx_hal_cortex.o(i.__NVIC_GetPriorityGrouping)
    i.__NVIC_SetPriority                     0x0800170c   Section        0  stm32f1xx_hal_cortex.o(i.__NVIC_SetPriority)
    __NVIC_SetPriority                       0x0800170d   Thumb Code    32  stm32f1xx_hal_cortex.o(i.__NVIC_SetPriority)
    i.__aeabi_errno_addr                     0x08001734   Section        0  errno.o(i.__aeabi_errno_addr)
    i.__scatterload_copy                     0x0800173c   Section       14  handlers.o(i.__scatterload_copy)
    i.__scatterload_null                     0x0800174a   Section        2  handlers.o(i.__scatterload_null)
    i.__scatterload_zeroinit                 0x0800174c   Section       14  handlers.o(i.__scatterload_zeroinit)
    i.main                                   0x0800175a   Section        0  main.o(i.main)
    i.s_vBtnStaticParamCopy                  0x0800178c   Section        0  botton.o(i.s_vBtnStaticParamCopy)
    s_vBtnStaticParamCopy                    0x0800178d   Thumb Code    26  botton.o(i.s_vBtnStaticParamCopy)
    i.s_vCmdLedOff                           0x080017ac   Section        0  led_app.o(i.s_vCmdLedOff)
    s_vCmdLedOff                             0x080017ad   Thumb Code    86  led_app.o(i.s_vCmdLedOff)
    i.s_vCmdLedOn                            0x08001864   Section        0  led_app.o(i.s_vCmdLedOn)
    s_vCmdLedOn                              0x08001865   Thumb Code    86  led_app.o(i.s_vCmdLedOn)
    i.s_vCmdLedTurn                          0x0800191c   Section        0  led_app.o(i.s_vCmdLedTurn)
    s_vCmdLedTurn                            0x0800191d   Thumb Code    86  led_app.o(i.s_vCmdLedTurn)
    i.s_vLedOffCallback                      0x080019d4   Section        0  led_app.o(i.s_vLedOffCallback)
    s_vLedOffCallback                        0x080019d5   Thumb Code    12  led_app.o(i.s_vLedOffCallback)
    i.s_vLedOnCallback                       0x080019e0   Section        0  led_app.o(i.s_vLedOnCallback)
    s_vLedOnCallback                         0x080019e1   Thumb Code    12  led_app.o(i.s_vLedOnCallback)
    i.s_vLedStaticParamCopy                  0x080019ec   Section        0  led_device.o(i.s_vLedStaticParamCopy)
    s_vLedStaticParamCopy                    0x080019ed   Thumb Code    20  led_device.o(i.s_vLedStaticParamCopy)
    i.s_vLedTurnCallback                     0x08001a04   Section        0  led_app.o(i.s_vLedTurnCallback)
    s_vLedTurnCallback                       0x08001a05   Thumb Code    12  led_app.o(i.s_vLedTurnCallback)
    i.s_vOledIicSendByte                     0x08001a10   Section        0  oled_device.o(i.s_vOledIicSendByte)
    s_vOledIicSendByte                       0x08001a11   Thumb Code    62  oled_device.o(i.s_vOledIicSendByte)
    i.s_vOledIicStart                        0x08001a4e   Section        0  oled_device.o(i.s_vOledIicStart)
    s_vOledIicStart                          0x08001a4f   Thumb Code    30  oled_device.o(i.s_vOledIicStart)
    i.s_vOledIicStop                         0x08001a6c   Section        0  oled_device.o(i.s_vOledIicStop)
    s_vOledIicStop                           0x08001a6d   Thumb Code    24  oled_device.o(i.s_vOledIicStop)
    i.s_vOledIicWaitAck                      0x08001a84   Section        0  oled_device.o(i.s_vOledIicWaitAck)
    s_vOledIicWaitAck                        0x08001a85   Thumb Code    18  oled_device.o(i.s_vOledIicWaitAck)
    i.s_vOledSclReset                        0x08001a98   Section        0  oled_device.o(i.s_vOledSclReset)
    s_vOledSclReset                          0x08001a99   Thumb Code    32  oled_device.o(i.s_vOledSclReset)
    i.s_vOledSclSet                          0x08001abc   Section        0  oled_device.o(i.s_vOledSclSet)
    s_vOledSclSet                            0x08001abd   Thumb Code    30  oled_device.o(i.s_vOledSclSet)
    i.s_vOledSdaReset                        0x08001ae0   Section        0  oled_device.o(i.s_vOledSdaReset)
    s_vOledSdaReset                          0x08001ae1   Thumb Code    32  oled_device.o(i.s_vOledSdaReset)
    i.s_vOledSdaSet                          0x08001b04   Section        0  oled_device.o(i.s_vOledSdaSet)
    s_vOledSdaSet                            0x08001b05   Thumb Code    30  oled_device.o(i.s_vOledSdaSet)
    i.s_vOledWriteFewBytesData               0x08001b28   Section        0  oled_device.o(i.s_vOledWriteFewBytesData)
    s_vOledWriteFewBytesData                 0x08001b29   Thumb Code    80  oled_device.o(i.s_vOledWriteFewBytesData)
    i.s_vOledWriteOneByteCmd                 0x08001b78   Section        0  oled_device.o(i.s_vOledWriteOneByteCmd)
    s_vOledWriteOneByteCmd                   0x08001b79   Thumb Code    62  oled_device.o(i.s_vOledWriteOneByteCmd)
    i.s_vUartSendString                      0x08001bb8   Section        0  led_app.o(i.s_vUartSendString)
    s_vUartSendString                        0x08001bb9   Thumb Code    28  led_app.o(i.s_vUartSendString)
    i.ucFenCi                                0x08001bd8   Section        0  interpreter_device.o(i.ucFenCi)
    i.ucReadOnebyte                          0x08001c40   Section        0  ring_buffer_device.o(i.ucReadOnebyte)
    i.ucWriteOnebyte                         0x08001ccc   Section        0  ring_buffer_device.o(i.ucWriteOnebyte)
    i.vBianliCmdList                         0x08001d58   Section        0  interpreter_device.o(i.vBianliCmdList)
    i.vBtnParamInit                          0x08001dcc   Section        0  botton.o(i.vBtnParamInit)
    i.vCalcParamInit                         0x08001e6c   Section        0  test.o(i.vCalcParamInit)
    i.vCalcSystemInit                        0x08001e98   Section        0  test.o(i.vCalcSystemInit)
    i.vInterpreterInit                       0x08001ea8   Section        0  interpreter_device.o(i.vInterpreterInit)
    i.vInterpreterRegisterCmdTable           0x08001eb4   Section        0  interpreter_device.o(i.vInterpreterRegisterCmdTable)
    i.vLedAppRegisterCommands                0x08001f0c   Section        0  led_app.o(i.vLedAppRegisterCommands)
    i.vLedParamInit                          0x08001f1c   Section        0  led_device.o(i.vLedParamInit)
    i.vLed_Off                               0x08001f68   Section        0  led_device.o(i.vLed_Off)
    i.vLed_On                                0x08001f88   Section        0  led_device.o(i.vLed_On)
    i.vLed_Turn                              0x08001fa8   Section        0  led_device.o(i.vLed_Turn)
    i.vLed_Update                            0x08001fd0   Section        0  led_device.o(i.vLed_Update)
    i.vMenuInit                              0x08002020   Section        0  menu.o(i.vMenuInit)
    i.vOledCmdInit                           0x08002038   Section        0  oled_device.o(i.vOledCmdInit)
    i.vOledDeviceInit                        0x08002120   Section        0  oled_device.o(i.vOledDeviceInit)
    i.vOledInit                              0x08002144   Section        0  test.o(i.vOledInit)
    i.vOledRefreshFromBuffer                 0x08002168   Section        0  oled_device.o(i.vOledRefreshFromBuffer)
    i.vOledWriteOneCharToBuffer              0x080021b4   Section        0  oled_device.o(i.vOledWriteOneCharToBuffer)
    i.vRingBufParamCopy                      0x080023d8   Section        0  ring_buffer_device.o(i.vRingBufParamCopy)
    i.vTask                                  0x080023fc   Section        0  task.o(i.vTask)
    i.vUartFrameProcess                      0x08002438   Section        0  task.o(i.vUartFrameProcess)
    .constdata                               0x080024b8   Section       18  stm32f1xx_hal_rcc.o(.constdata)
    aPLLMULFactorTable                       0x080024b8   Data          16  stm32f1xx_hal_rcc.o(.constdata)
    aPredivFactorTable                       0x080024c8   Data           2  stm32f1xx_hal_rcc.o(.constdata)
    .constdata                               0x080024ca   Section       24  system_stm32f1xx.o(.constdata)
    .constdata                               0x080024e2   Section     6080  oled_font.o(.constdata)
    .constdata                               0x08003ca4   Section      132  led_app.o(.constdata)
    s_astLedCmdTable                         0x08003cec   Data          60  led_app.o(.constdata)
    .constdata                               0x08003d28   Section      129  ctype_o.o(.constdata)
    .constdata                               0x08003dac   Section        4  ctype_o.o(.constdata)
    table                                    0x08003dac   Data           4  ctype_o.o(.constdata)
    .conststring                             0x08003db0   Section       17  led_app.o(.conststring)
    .data                                    0x20000000   Section        9  stm32f1xx_hal.o(.data)
    .data                                    0x2000000c   Section        4  system_stm32f1xx.o(.data)
    .data                                    0x20000010   Section        1  interpreter_device.o(.data)
    s_ucCmdCount                             0x20000010   Data           1  interpreter_device.o(.data)
    .data                                    0x20000011   Section        2  task.o(.data)
    s_ucFrameIndex                           0x20000011   Data           1  task.o(.data)
    .data                                    0x20000014   Section       84  led_app.o(.data)
    s_aucLedOn                               0x20000014   Data           3  led_app.o(.data)
    s_aucLedOff                              0x20000017   Data           4  led_app.o(.data)
    s_aucLedTurn                             0x2000001b   Data           5  led_app.o(.data)
    s_stBtnLedOn                             0x20000020   Data          24  led_app.o(.data)
    s_stBtnLedOff                            0x20000038   Data          24  led_app.o(.data)
    s_stBtnLedTurn                           0x20000050   Data          24  led_app.o(.data)
    .data                                    0x20000068   Section      216  menu.o(.data)
    s_emCurrentPage                          0x20000068   Data           1  menu.o(.data)
    s_ucWindowStart                          0x20000069   Data           1  menu.o(.data)
    s_aucCalc                                0x2000006a   Data          13  menu.o(.data)
    s_aucLed                                 0x20000077   Data          14  menu.o(.data)
    s_aucSnake                               0x20000085   Data          13  menu.o(.data)
    s_aucSerial                              0x20000092   Data          14  menu.o(.data)
    s_auctest1                               0x200000a0   Data           8  menu.o(.data)
    s_auctest2                               0x200000a8   Data           8  menu.o(.data)
    s_auctest3                               0x200000b0   Data           8  menu.o(.data)
    s_auctest4                               0x200000b8   Data           8  menu.o(.data)
    s_astMenuLines                           0x200000c0   Data         128  menu.o(.data)
    .data                                    0x20000140   Section        4  strtok.o(.data)
    state                                    0x20000140   Data           4  strtok.o(.data)
    .data                                    0x20000144   Section        4  errno.o(.data)
    _errno                                   0x20000144   Data           4  errno.o(.data)
    .bss                                     0x20000148   Section       72  main.o(.bss)
    .bss                                     0x20000190   Section     1040  oled_device.o(.bss)
    .bss                                     0x200005a0   Section       48  led_device.o(.bss)
    s_astLedDevice                           0x200005a0   Data          48  led_device.o(.bss)
    .bss                                     0x200005d0   Section      160  botton.o(.bss)
    s_astBtnDevice                           0x200005d0   Data         160  botton.o(.bss)
    .bss                                     0x20000670   Section       53  ring_buffer_device.o(.bss)
    s_stRingBuf                              0x20000670   Data          53  ring_buffer_device.o(.bss)
    .bss                                     0x200006a8   Section      400  interpreter_device.o(.bss)
    s_astGlobalCmdTable                      0x200006a8   Data         400  interpreter_device.o(.bss)
    .bss                                     0x20000838   Section       20  test.o(.bss)
    s_stCalcParam                            0x20000838   Data          20  test.o(.bss)
    .bss                                     0x2000084c   Section       90  task.o(.bss)
    s_apsArgv                                0x2000084c   Data          40  task.o(.bss)
    s_aucFrameBuf                            0x20000874   Data          50  task.o(.bss)
    STACK                                    0x200008a8   Section     1024  startup_stm32f103xb.o(STACK)

    Global Symbols

    Symbol Name                              Value     Ov Type        Size  Object(Section)

    BuildAttributes$$THM_ISAv4$P$D$K$B$S$PE$A:L22UL41UL21$X:L11$S22US41US21$IEEE1$IW$USESV6$~STKCKD$USESV7$~SHL$OSPACE$EBA8$MICROLIB$REQ8$PRES8$EABIv2 0x00000000   Number         0  anon$$obj.o ABSOLUTE
    __ARM_use_no_argv                        0x00000000   Number         0  main.o ABSOLUTE
    __cpp_initialize__aeabi_                  - Undefined Weak Reference
    __cxa_finalize                            - Undefined Weak Reference
    _clock_init                               - Undefined Weak Reference
    _microlib_exit                            - Undefined Weak Reference
    __Vectors_Size                           0x000000ec   Number         0  startup_stm32f103xb.o ABSOLUTE
    __Vectors                                0x08000000   Data           4  startup_stm32f103xb.o(RESET)
    __Vectors_End                            0x080000ec   Data           0  startup_stm32f103xb.o(RESET)
    __main                                   0x080000ed   Thumb Code     0  entry.o(.ARM.Collect$$$$00000000)
    _main_stk                                0x080000ed   Thumb Code     0  entry2.o(.ARM.Collect$$$$00000001)
    _main_scatterload                        0x080000f1   Thumb Code     0  entry5.o(.ARM.Collect$$$$00000004)
    __main_after_scatterload                 0x080000f5   Thumb Code     0  entry5.o(.ARM.Collect$$$$00000004)
    _main_clock                              0x080000f5   Thumb Code     0  entry7b.o(.ARM.Collect$$$$00000008)
    _main_cpp_init                           0x080000f5   Thumb Code     0  entry8b.o(.ARM.Collect$$$$0000000A)
    _main_init                               0x080000f5   Thumb Code     0  entry9a.o(.ARM.Collect$$$$0000000B)
    __rt_final_cpp                           0x080000fd   Thumb Code     0  entry10a.o(.ARM.Collect$$$$0000000D)
    __rt_final_exit                          0x080000fd   Thumb Code     0  entry11a.o(.ARM.Collect$$$$0000000F)
    Reset_Handler                            0x08000101   Thumb Code     8  startup_stm32f103xb.o(.text)
    ADC1_2_IRQHandler                        0x0800011b   Thumb Code     0  startup_stm32f103xb.o(.text)
    CAN1_RX1_IRQHandler                      0x0800011b   Thumb Code     0  startup_stm32f103xb.o(.text)
    CAN1_SCE_IRQHandler                      0x0800011b   Thumb Code     0  startup_stm32f103xb.o(.text)
    DMA1_Channel1_IRQHandler                 0x0800011b   Thumb Code     0  startup_stm32f103xb.o(.text)
    DMA1_Channel2_IRQHandler                 0x0800011b   Thumb Code     0  startup_stm32f103xb.o(.text)
    DMA1_Channel3_IRQHandler                 0x0800011b   Thumb Code     0  startup_stm32f103xb.o(.text)
    DMA1_Channel4_IRQHandler                 0x0800011b   Thumb Code     0  startup_stm32f103xb.o(.text)
    DMA1_Channel5_IRQHandler                 0x0800011b   Thumb Code     0  startup_stm32f103xb.o(.text)
    DMA1_Channel6_IRQHandler                 0x0800011b   Thumb Code     0  startup_stm32f103xb.o(.text)
    DMA1_Channel7_IRQHandler                 0x0800011b   Thumb Code     0  startup_stm32f103xb.o(.text)
    EXTI0_IRQHandler                         0x0800011b   Thumb Code     0  startup_stm32f103xb.o(.text)
    EXTI15_10_IRQHandler                     0x0800011b   Thumb Code     0  startup_stm32f103xb.o(.text)
    EXTI1_IRQHandler                         0x0800011b   Thumb Code     0  startup_stm32f103xb.o(.text)
    EXTI2_IRQHandler                         0x0800011b   Thumb Code     0  startup_stm32f103xb.o(.text)
    EXTI3_IRQHandler                         0x0800011b   Thumb Code     0  startup_stm32f103xb.o(.text)
    EXTI4_IRQHandler                         0x0800011b   Thumb Code     0  startup_stm32f103xb.o(.text)
    EXTI9_5_IRQHandler                       0x0800011b   Thumb Code     0  startup_stm32f103xb.o(.text)
    FLASH_IRQHandler                         0x0800011b   Thumb Code     0  startup_stm32f103xb.o(.text)
    I2C1_ER_IRQHandler                       0x0800011b   Thumb Code     0  startup_stm32f103xb.o(.text)
    I2C1_EV_IRQHandler                       0x0800011b   Thumb Code     0  startup_stm32f103xb.o(.text)
    I2C2_ER_IRQHandler                       0x0800011b   Thumb Code     0  startup_stm32f103xb.o(.text)
    I2C2_EV_IRQHandler                       0x0800011b   Thumb Code     0  startup_stm32f103xb.o(.text)
    PVD_IRQHandler                           0x0800011b   Thumb Code     0  startup_stm32f103xb.o(.text)
    RCC_IRQHandler                           0x0800011b   Thumb Code     0  startup_stm32f103xb.o(.text)
    RTC_Alarm_IRQHandler                     0x0800011b   Thumb Code     0  startup_stm32f103xb.o(.text)
    RTC_IRQHandler                           0x0800011b   Thumb Code     0  startup_stm32f103xb.o(.text)
    SPI1_IRQHandler                          0x0800011b   Thumb Code     0  startup_stm32f103xb.o(.text)
    SPI2_IRQHandler                          0x0800011b   Thumb Code     0  startup_stm32f103xb.o(.text)
    TAMPER_IRQHandler                        0x0800011b   Thumb Code     0  startup_stm32f103xb.o(.text)
    TIM1_BRK_IRQHandler                      0x0800011b   Thumb Code     0  startup_stm32f103xb.o(.text)
    TIM1_CC_IRQHandler                       0x0800011b   Thumb Code     0  startup_stm32f103xb.o(.text)
    TIM1_TRG_COM_IRQHandler                  0x0800011b   Thumb Code     0  startup_stm32f103xb.o(.text)
    TIM1_UP_IRQHandler                       0x0800011b   Thumb Code     0  startup_stm32f103xb.o(.text)
    TIM2_IRQHandler                          0x0800011b   Thumb Code     0  startup_stm32f103xb.o(.text)
    TIM3_IRQHandler                          0x0800011b   Thumb Code     0  startup_stm32f103xb.o(.text)
    TIM4_IRQHandler                          0x0800011b   Thumb Code     0  startup_stm32f103xb.o(.text)
    USART2_IRQHandler                        0x0800011b   Thumb Code     0  startup_stm32f103xb.o(.text)
    USART3_IRQHandler                        0x0800011b   Thumb Code     0  startup_stm32f103xb.o(.text)
    USBWakeUp_IRQHandler                     0x0800011b   Thumb Code     0  startup_stm32f103xb.o(.text)
    USB_HP_CAN1_TX_IRQHandler                0x0800011b   Thumb Code     0  startup_stm32f103xb.o(.text)
    USB_LP_CAN1_RX0_IRQHandler               0x0800011b   Thumb Code     0  startup_stm32f103xb.o(.text)
    WWDG_IRQHandler                          0x0800011b   Thumb Code     0  startup_stm32f103xb.o(.text)
    __aeabi_memcpy                           0x08000125   Thumb Code    36  memcpya.o(.text)
    __aeabi_memcpy4                          0x08000125   Thumb Code     0  memcpya.o(.text)
    __aeabi_memcpy8                          0x08000125   Thumb Code     0  memcpya.o(.text)
    __aeabi_memset                           0x08000149   Thumb Code    14  memseta.o(.text)
    __aeabi_memset4                          0x08000149   Thumb Code     0  memseta.o(.text)
    __aeabi_memset8                          0x08000149   Thumb Code     0  memseta.o(.text)
    __aeabi_memclr                           0x08000157   Thumb Code     4  memseta.o(.text)
    __aeabi_memclr4                          0x08000157   Thumb Code     0  memseta.o(.text)
    __aeabi_memclr8                          0x08000157   Thumb Code     0  memseta.o(.text)
    _memset$wrapper                          0x0800015b   Thumb Code    18  memseta.o(.text)
    strlen                                   0x0800016d   Thumb Code    14  strlen.o(.text)
    strcmp                                   0x0800017b   Thumb Code    28  strcmp.o(.text)
    strtok                                   0x08000199   Thumb Code    62  strtok.o(.text)
    strtoul                                  0x080001dd   Thumb Code   114  strtoul.o(.text)
    __rt_ctype_table                         0x08000251   Thumb Code     4  ctype_o.o(.text)
    _strtoul                                 0x08000259   Thumb Code   158  _strtoul.o(.text)
    __scatterload                            0x080002f9   Thumb Code    28  init.o(.text)
    __scatterload_rt2                        0x080002f9   Thumb Code     0  init.o(.text)
    _chval                                   0x0800031d   Thumb Code    28  _chval.o(.text)
    __decompress                             0x08000339   Thumb Code     0  __dczerorl2.o(.text)
    __decompress1                            0x08000339   Thumb Code    86  __dczerorl2.o(.text)
    BusFault_Handler                         0x0800038f   Thumb Code     4  stm32f1xx_it.o(i.BusFault_Handler)
    Button_Init                              0x08000395   Thumb Code   158  task.o(i.Button_Init)
    DebugMon_Handler                         0x0800043d   Thumb Code     2  stm32f1xx_it.o(i.DebugMon_Handler)
    Error_Handler                            0x0800043f   Thumb Code     6  main.o(i.Error_Handler)
    HAL_GPIO_Init                            0x08000445   Thumb Code   766  stm32f1xx_hal_gpio.o(i.HAL_GPIO_Init)
    HAL_GPIO_ReadPin                         0x08000765   Thumb Code    16  stm32f1xx_hal_gpio.o(i.HAL_GPIO_ReadPin)
    HAL_GPIO_WritePin                        0x08000775   Thumb Code    12  stm32f1xx_hal_gpio.o(i.HAL_GPIO_WritePin)
    HAL_GetTick                              0x08000781   Thumb Code     6  stm32f1xx_hal.o(i.HAL_GetTick)
    HAL_IncTick                              0x0800078d   Thumb Code    16  stm32f1xx_hal.o(i.HAL_IncTick)
    HAL_Init                                 0x080007a5   Thumb Code    34  stm32f1xx_hal.o(i.HAL_Init)
    HAL_InitTick                             0x080007cd   Thumb Code    64  stm32f1xx_hal.o(i.HAL_InitTick)
    HAL_MspInit                              0x08000819   Thumb Code    76  stm32f1xx_hal_msp.o(i.HAL_MspInit)
    HAL_NVIC_EnableIRQ                       0x0800086d   Thumb Code    32  stm32f1xx_hal_cortex.o(i.HAL_NVIC_EnableIRQ)
    HAL_NVIC_SetPriority                     0x0800088d   Thumb Code   124  stm32f1xx_hal_cortex.o(i.HAL_NVIC_SetPriority)
    HAL_NVIC_SetPriorityGrouping             0x08000909   Thumb Code    32  stm32f1xx_hal_cortex.o(i.HAL_NVIC_SetPriorityGrouping)
    HAL_RCC_ClockConfig                      0x08000931   Thumb Code   376  stm32f1xx_hal_rcc.o(i.HAL_RCC_ClockConfig)
    HAL_RCC_GetHCLKFreq                      0x08000abd   Thumb Code     6  stm32f1xx_hal_rcc.o(i.HAL_RCC_GetHCLKFreq)
    HAL_RCC_GetPCLK1Freq                     0x08000ac9   Thumb Code    22  stm32f1xx_hal_rcc.o(i.HAL_RCC_GetPCLK1Freq)
    HAL_RCC_GetPCLK2Freq                     0x08000ae9   Thumb Code    22  stm32f1xx_hal_rcc.o(i.HAL_RCC_GetPCLK2Freq)
    HAL_RCC_GetSysClockFreq                  0x08000b09   Thumb Code    92  stm32f1xx_hal_rcc.o(i.HAL_RCC_GetSysClockFreq)
    HAL_RCC_OscConfig                        0x08000b79   Thumb Code  1114  stm32f1xx_hal_rcc.o(i.HAL_RCC_OscConfig)
    HAL_SYSTICK_Config                       0x08000fdd   Thumb Code    52  stm32f1xx_hal_cortex.o(i.HAL_SYSTICK_Config)
    HAL_UART_Init                            0x08001011   Thumb Code   118  stm32f1xx_hal_uart.o(i.HAL_UART_Init)
    HAL_UART_MspInit                         0x08001089   Thumb Code   138  stm32f1xx_hal_msp.o(i.HAL_UART_MspInit)
    HAL_UART_Transmit                        0x08001121   Thumb Code   190  stm32f1xx_hal_uart.o(i.HAL_UART_Transmit)
    HardFault_Handler                        0x080011df   Thumb Code     4  stm32f1xx_it.o(i.HardFault_Handler)
    Led_Init                                 0x080011e5   Thumb Code   102  task.o(i.Led_Init)
    MemManage_Handler                        0x08001421   Thumb Code     4  stm32f1xx_it.o(i.MemManage_Handler)
    NMI_Handler                              0x08001425   Thumb Code     4  stm32f1xx_it.o(i.NMI_Handler)
    PendSV_Handler                           0x08001429   Thumb Code     2  stm32f1xx_it.o(i.PendSV_Handler)
    RingBuf_Init                             0x08001455   Thumb Code    24  task.o(i.RingBuf_Init)
    SVC_Handler                              0x0800146d   Thumb Code     2  stm32f1xx_it.o(i.SVC_Handler)
    SysTick_Handler                          0x0800146f   Thumb Code     8  stm32f1xx_it.o(i.SysTick_Handler)
    SystemClock_Config                       0x08001477   Thumb Code   102  main.o(i.SystemClock_Config)
    SystemInit                               0x080014dd   Thumb Code     2  system_stm32f1xx.o(i.SystemInit)
    USART1_IRQHandler                        0x080016d5   Thumb Code    32  stm32f1xx_it.o(i.USART1_IRQHandler)
    UsageFault_Handler                       0x080016f9   Thumb Code     4  stm32f1xx_it.o(i.UsageFault_Handler)
    __aeabi_errno_addr                       0x08001735   Thumb Code     4  errno.o(i.__aeabi_errno_addr)
    __rt_errno_addr                          0x08001735   Thumb Code     0  errno.o(i.__aeabi_errno_addr)
    __scatterload_copy                       0x0800173d   Thumb Code    14  handlers.o(i.__scatterload_copy)
    __scatterload_null                       0x0800174b   Thumb Code     2  handlers.o(i.__scatterload_null)
    __scatterload_zeroinit                   0x0800174d   Thumb Code    14  handlers.o(i.__scatterload_zeroinit)
    main                                     0x0800175b   Thumb Code    48  main.o(i.main)
    ucFenCi                                  0x08001bd9   Thumb Code    98  interpreter_device.o(i.ucFenCi)
    ucReadOnebyte                            0x08001c41   Thumb Code   134  ring_buffer_device.o(i.ucReadOnebyte)
    ucWriteOnebyte                           0x08001ccd   Thumb Code   134  ring_buffer_device.o(i.ucWriteOnebyte)
    vBianliCmdList                           0x08001d59   Thumb Code   108  interpreter_device.o(i.vBianliCmdList)
    vBtnParamInit                            0x08001dcd   Thumb Code   154  botton.o(i.vBtnParamInit)
    vCalcParamInit                           0x08001e6d   Thumb Code    44  test.o(i.vCalcParamInit)
    vCalcSystemInit                          0x08001e99   Thumb Code    10  test.o(i.vCalcSystemInit)
    vInterpreterInit                         0x08001ea9   Thumb Code     8  interpreter_device.o(i.vInterpreterInit)
    vInterpreterRegisterCmdTable             0x08001eb5   Thumb Code    78  interpreter_device.o(i.vInterpreterRegisterCmdTable)
    vLedAppRegisterCommands                  0x08001f0d   Thumb Code    12  led_app.o(i.vLedAppRegisterCommands)
    vLedParamInit                            0x08001f1d   Thumb Code    70  led_device.o(i.vLedParamInit)
    vLed_Off                                 0x08001f69   Thumb Code    26  led_device.o(i.vLed_Off)
    vLed_On                                  0x08001f89   Thumb Code    26  led_device.o(i.vLed_On)
    vLed_Turn                                0x08001fa9   Thumb Code    36  led_device.o(i.vLed_Turn)
    vLed_Update                              0x08001fd1   Thumb Code    76  led_device.o(i.vLed_Update)
    vMenuInit                                0x08002021   Thumb Code    14  menu.o(i.vMenuInit)
    vOledCmdInit                             0x08002039   Thumb Code   230  oled_device.o(i.vOledCmdInit)
    vOledDeviceInit                          0x08002121   Thumb Code    30  oled_device.o(i.vOledDeviceInit)
    vOledInit                                0x08002145   Thumb Code    30  test.o(i.vOledInit)
    vOledRefreshFromBuffer                   0x08002169   Thumb Code    70  oled_device.o(i.vOledRefreshFromBuffer)
    vOledWriteOneCharToBuffer                0x080021b5   Thumb Code   530  oled_device.o(i.vOledWriteOneCharToBuffer)
    vRingBufParamCopy                        0x080023d9   Thumb Code    30  ring_buffer_device.o(i.vRingBufParamCopy)
    vTask                                    0x080023fd   Thumb Code    48  task.o(i.vTask)
    vUartFrameProcess                        0x08002439   Thumb Code   116  task.o(i.vUartFrameProcess)
    AHBPrescTable                            0x080024ca   Data          16  system_stm32f1xx.o(.constdata)
    APBPrescTable                            0x080024da   Data           8  system_stm32f1xx.o(.constdata)
    c_a2ucOledFont_Ascii_1206                0x080024e2   Data        1140  oled_font.o(.constdata)
    c_a2ucOledFont_Ascii_1608                0x08002956   Data        1520  oled_font.o(.constdata)
    c_a2ucOledFont_Ascii_2412                0x08002f46   Data        3420  oled_font.o(.constdata)
    c_aucAckLed_On                           0x08003ca4   Data          17  led_app.o(.constdata)
    c_aucAckLed_Off                          0x08003cb5   Data          18  led_app.o(.constdata)
    c_aucAckLed_Turn                         0x08003cc7   Data          19  led_app.o(.constdata)
    s_astLedButtons                          0x08003cdc   Data          12  led_app.o(.constdata)
    s_ucLedButtonCount                       0x08003ce8   Data           1  led_app.o(.constdata)
    __ctype_table                            0x08003d28   Data         129  ctype_o.o(.constdata)
    Region$$Table$$Base                      0x08003dc4   Number         0  anon$$obj.o(Region$$Table)
    Region$$Table$$Limit                     0x08003de4   Number         0  anon$$obj.o(Region$$Table)
    uwTick                                   0x20000000   Data           4  stm32f1xx_hal.o(.data)
    uwTickPrio                               0x20000004   Data           4  stm32f1xx_hal.o(.data)
    uwTickFreq                               0x20000008   Data           1  stm32f1xx_hal.o(.data)
    SystemCoreClock                          0x2000000c   Data           4  system_stm32f1xx.o(.data)
    s_ucRxComplete                           0x20000012   Data           1  task.o(.data)
    huart1                                   0x20000148   Data          72  main.o(.bss)
    astOledDeviceParam                       0x20000190   Data        1040  oled_device.o(.bss)
    __initial_sp                             0x20000ca8   Data           0  startup_stm32f103xb.o(STACK)



==============================================================================

Memory Map of the image

  Image Entry point : 0x080000ed

  Load Region LR_IROM1 (Base: 0x08000000, Size: 0x00003f2c, Max: 0x00010000, ABSOLUTE, COMPRESSED[0x00003e9c])

    Execution Region ER_IROM1 (Exec base: 0x08000000, Load base: 0x08000000, Size: 0x00003de4, Max: 0x00010000, ABSOLUTE)

    Exec Addr    Load Addr    Size         Type   Attr      Idx    E Section Name        Object

    0x08000000   0x08000000   0x000000ec   Data   RO            3    RESET               startup_stm32f103xb.o
    0x080000ec   0x080000ec   0x00000000   Code   RO         2736  * .ARM.Collect$$$$00000000  mc_w.l(entry.o)
    0x080000ec   0x080000ec   0x00000004   Code   RO         2759    .ARM.Collect$$$$00000001  mc_w.l(entry2.o)
    0x080000f0   0x080000f0   0x00000004   Code   RO         2762    .ARM.Collect$$$$00000004  mc_w.l(entry5.o)
    0x080000f4   0x080000f4   0x00000000   Code   RO         2764    .ARM.Collect$$$$00000008  mc_w.l(entry7b.o)
    0x080000f4   0x080000f4   0x00000000   Code   RO         2766    .ARM.Collect$$$$0000000A  mc_w.l(entry8b.o)
    0x080000f4   0x080000f4   0x00000008   Code   RO         2767    .ARM.Collect$$$$0000000B  mc_w.l(entry9a.o)
    0x080000fc   0x080000fc   0x00000000   Code   RO         2769    .ARM.Collect$$$$0000000D  mc_w.l(entry10a.o)
    0x080000fc   0x080000fc   0x00000000   Code   RO         2771    .ARM.Collect$$$$0000000F  mc_w.l(entry11a.o)
    0x080000fc   0x080000fc   0x00000004   Code   RO         2760    .ARM.Collect$$$$00002712  mc_w.l(entry2.o)
    0x08000100   0x08000100   0x00000024   Code   RO            4    .text               startup_stm32f103xb.o
    0x08000124   0x08000124   0x00000024   Code   RO         2741    .text               mc_w.l(memcpya.o)
    0x08000148   0x08000148   0x00000024   Code   RO         2743    .text               mc_w.l(memseta.o)
    0x0800016c   0x0800016c   0x0000000e   Code   RO         2745    .text               mc_w.l(strlen.o)
    0x0800017a   0x0800017a   0x0000001c   Code   RO         2747    .text               mc_w.l(strcmp.o)
    0x08000196   0x08000196   0x00000002   PAD
    0x08000198   0x08000198   0x00000044   Code   RO         2749    .text               mc_w.l(strtok.o)
    0x080001dc   0x080001dc   0x00000072   Code   RO         2757    .text               mc_w.l(strtoul.o)
    0x0800024e   0x0800024e   0x00000002   PAD
    0x08000250   0x08000250   0x00000008   Code   RO         2773    .text               mc_w.l(ctype_o.o)
    0x08000258   0x08000258   0x0000009e   Code   RO         2808    .text               mc_w.l(_strtoul.o)
    0x080002f6   0x080002f6   0x00000002   PAD
    0x080002f8   0x080002f8   0x00000024   Code   RO         2810    .text               mc_w.l(init.o)
    0x0800031c   0x0800031c   0x0000001c   Code   RO         2812    .text               mc_w.l(_chval.o)
    0x08000338   0x08000338   0x00000056   Code   RO         2822    .text               mc_w.l(__dczerorl2.o)
    0x0800038e   0x0800038e   0x00000004   Code   RO          166    i.BusFault_Handler  stm32f1xx_it.o
    0x08000392   0x08000392   0x00000002   PAD
    0x08000394   0x08000394   0x000000a8   Code   RO         2328    i.Button_Init       task.o
    0x0800043c   0x0800043c   0x00000002   Code   RO          167    i.DebugMon_Handler  stm32f1xx_it.o
    0x0800043e   0x0800043e   0x00000006   Code   RO           13    i.Error_Handler     main.o
    0x08000444   0x08000444   0x00000320   Code   RO         1021    i.HAL_GPIO_Init     stm32f1xx_hal_gpio.o
    0x08000764   0x08000764   0x00000010   Code   RO         1023    i.HAL_GPIO_ReadPin  stm32f1xx_hal_gpio.o
    0x08000774   0x08000774   0x0000000c   Code   RO         1025    i.HAL_GPIO_WritePin  stm32f1xx_hal_gpio.o
    0x08000780   0x08000780   0x0000000c   Code   RO          710    i.HAL_GetTick       stm32f1xx_hal.o
    0x0800078c   0x0800078c   0x00000018   Code   RO          716    i.HAL_IncTick       stm32f1xx_hal.o
    0x080007a4   0x080007a4   0x00000028   Code   RO          717    i.HAL_Init          stm32f1xx_hal.o
    0x080007cc   0x080007cc   0x0000004c   Code   RO          718    i.HAL_InitTick      stm32f1xx_hal.o
    0x08000818   0x08000818   0x00000054   Code   RO          254    i.HAL_MspInit       stm32f1xx_hal_msp.o
    0x0800086c   0x0800086c   0x00000020   Code   RO         1181    i.HAL_NVIC_EnableIRQ  stm32f1xx_hal_cortex.o
    0x0800088c   0x0800088c   0x0000007c   Code   RO         1187    i.HAL_NVIC_SetPriority  stm32f1xx_hal_cortex.o
    0x08000908   0x08000908   0x00000028   Code   RO         1188    i.HAL_NVIC_SetPriorityGrouping  stm32f1xx_hal_cortex.o
    0x08000930   0x08000930   0x0000018c   Code   RO          874    i.HAL_RCC_ClockConfig  stm32f1xx_hal_rcc.o
    0x08000abc   0x08000abc   0x0000000c   Code   RO          879    i.HAL_RCC_GetHCLKFreq  stm32f1xx_hal_rcc.o
    0x08000ac8   0x08000ac8   0x00000020   Code   RO          881    i.HAL_RCC_GetPCLK1Freq  stm32f1xx_hal_rcc.o
    0x08000ae8   0x08000ae8   0x00000020   Code   RO          882    i.HAL_RCC_GetPCLK2Freq  stm32f1xx_hal_rcc.o
    0x08000b08   0x08000b08   0x00000070   Code   RO          883    i.HAL_RCC_GetSysClockFreq  stm32f1xx_hal_rcc.o
    0x08000b78   0x08000b78   0x00000464   Code   RO          886    i.HAL_RCC_OscConfig  stm32f1xx_hal_rcc.o
    0x08000fdc   0x08000fdc   0x00000034   Code   RO         1192    i.HAL_SYSTICK_Config  stm32f1xx_hal_cortex.o
    0x08001010   0x08001010   0x00000076   Code   RO          356    i.HAL_UART_Init     stm32f1xx_hal_uart.o
    0x08001086   0x08001086   0x00000002   PAD
    0x08001088   0x08001088   0x00000098   Code   RO          256    i.HAL_UART_MspInit  stm32f1xx_hal_msp.o
    0x08001120   0x08001120   0x000000be   Code   RO          364    i.HAL_UART_Transmit  stm32f1xx_hal_uart.o
    0x080011de   0x080011de   0x00000004   Code   RO          168    i.HardFault_Handler  stm32f1xx_it.o
    0x080011e2   0x080011e2   0x00000002   PAD
    0x080011e4   0x080011e4   0x00000074   Code   RO         2329    i.Led_Init          task.o
    0x08001258   0x08001258   0x00000170   Code   RO           14    i.MX_GPIO_Init      main.o
    0x080013c8   0x080013c8   0x00000058   Code   RO           15    i.MX_USART1_UART_Init  main.o
    0x08001420   0x08001420   0x00000004   Code   RO          169    i.MemManage_Handler  stm32f1xx_it.o
    0x08001424   0x08001424   0x00000004   Code   RO          170    i.NMI_Handler       stm32f1xx_it.o
    0x08001428   0x08001428   0x00000002   Code   RO          171    i.PendSV_Handler    stm32f1xx_it.o
    0x0800142a   0x0800142a   0x00000002   PAD
    0x0800142c   0x0800142c   0x00000028   Code   RO          887    i.RCC_Delay         stm32f1xx_hal_rcc.o
    0x08001454   0x08001454   0x00000018   Code   RO         2330    i.RingBuf_Init      task.o
    0x0800146c   0x0800146c   0x00000002   Code   RO          172    i.SVC_Handler       stm32f1xx_it.o
    0x0800146e   0x0800146e   0x00000008   Code   RO          173    i.SysTick_Handler   stm32f1xx_it.o
    0x08001476   0x08001476   0x00000066   Code   RO           16    i.SystemClock_Config  main.o
    0x080014dc   0x080014dc   0x00000002   Code   RO         1708    i.SystemInit        system_stm32f1xx.o
    0x080014de   0x080014de   0x0000006c   Code   RO          379    i.UART_EndRxTransfer  stm32f1xx_hal_uart.o
    0x0800154a   0x0800154a   0x00000002   PAD
    0x0800154c   0x0800154c   0x000000fc   Code   RO          383    i.UART_SetConfig    stm32f1xx_hal_uart.o
    0x08001648   0x08001648   0x0000008c   Code   RO          387    i.UART_WaitOnFlagUntilTimeout  stm32f1xx_hal_uart.o
    0x080016d4   0x080016d4   0x00000024   Code   RO          174    i.USART1_IRQHandler  stm32f1xx_it.o
    0x080016f8   0x080016f8   0x00000004   Code   RO          175    i.UsageFault_Handler  stm32f1xx_it.o
    0x080016fc   0x080016fc   0x00000010   Code   RO         1194    i.__NVIC_GetPriorityGrouping  stm32f1xx_hal_cortex.o
    0x0800170c   0x0800170c   0x00000028   Code   RO         1195    i.__NVIC_SetPriority  stm32f1xx_hal_cortex.o
    0x08001734   0x08001734   0x00000008   Code   RO         2801    i.__aeabi_errno_addr  mc_w.l(errno.o)
    0x0800173c   0x0800173c   0x0000000e   Code   RO         2816    i.__scatterload_copy  mc_w.l(handlers.o)
    0x0800174a   0x0800174a   0x00000002   Code   RO         2817    i.__scatterload_null  mc_w.l(handlers.o)
    0x0800174c   0x0800174c   0x0000000e   Code   RO         2818    i.__scatterload_zeroinit  mc_w.l(handlers.o)
    0x0800175a   0x0800175a   0x00000030   Code   RO           17    i.main              main.o
    0x0800178a   0x0800178a   0x00000002   PAD
    0x0800178c   0x0800178c   0x00000020   Code   RO         2005    i.s_vBtnStaticParamCopy  botton.o
    0x080017ac   0x080017ac   0x000000b8   Code   RO         2404    i.s_vCmdLedOff      led_app.o
    0x08001864   0x08001864   0x000000b8   Code   RO         2405    i.s_vCmdLedOn       led_app.o
    0x0800191c   0x0800191c   0x000000b8   Code   RO         2406    i.s_vCmdLedTurn     led_app.o
    0x080019d4   0x080019d4   0x0000000c   Code   RO         2407    i.s_vLedOffCallback  led_app.o
    0x080019e0   0x080019e0   0x0000000c   Code   RO         2408    i.s_vLedOnCallback  led_app.o
    0x080019ec   0x080019ec   0x00000018   Code   RO         1943    i.s_vLedStaticParamCopy  led_device.o
    0x08001a04   0x08001a04   0x0000000c   Code   RO         2409    i.s_vLedTurnCallback  led_app.o
    0x08001a10   0x08001a10   0x0000003e   Code   RO         1745    i.s_vOledIicSendByte  oled_device.o
    0x08001a4e   0x08001a4e   0x0000001e   Code   RO         1746    i.s_vOledIicStart   oled_device.o
    0x08001a6c   0x08001a6c   0x00000018   Code   RO         1747    i.s_vOledIicStop    oled_device.o
    0x08001a84   0x08001a84   0x00000012   Code   RO         1748    i.s_vOledIicWaitAck  oled_device.o
    0x08001a96   0x08001a96   0x00000002   PAD
    0x08001a98   0x08001a98   0x00000024   Code   RO         1749    i.s_vOledSclReset   oled_device.o
    0x08001abc   0x08001abc   0x00000024   Code   RO         1750    i.s_vOledSclSet     oled_device.o
    0x08001ae0   0x08001ae0   0x00000024   Code   RO         1751    i.s_vOledSdaReset   oled_device.o
    0x08001b04   0x08001b04   0x00000024   Code   RO         1752    i.s_vOledSdaSet     oled_device.o
    0x08001b28   0x08001b28   0x00000050   Code   RO         1753    i.s_vOledWriteFewBytesData  oled_device.o
    0x08001b78   0x08001b78   0x0000003e   Code   RO         1754    i.s_vOledWriteOneByteCmd  oled_device.o
    0x08001bb6   0x08001bb6   0x00000002   PAD
    0x08001bb8   0x08001bb8   0x00000020   Code   RO         2410    i.s_vUartSendString  led_app.o
    0x08001bd8   0x08001bd8   0x00000068   Code   RO         2172    i.ucFenCi           interpreter_device.o
    0x08001c40   0x08001c40   0x0000008c   Code   RO         2131    i.ucReadOnebyte     ring_buffer_device.o
    0x08001ccc   0x08001ccc   0x0000008c   Code   RO         2132    i.ucWriteOnebyte    ring_buffer_device.o
    0x08001d58   0x08001d58   0x00000074   Code   RO         2173    i.vBianliCmdList    interpreter_device.o
    0x08001dcc   0x08001dcc   0x000000a0   Code   RO         2012    i.vBtnParamInit     botton.o
    0x08001e6c   0x08001e6c   0x0000002c   Code   RO         2229    i.vCalcParamInit    test.o
    0x08001e98   0x08001e98   0x00000010   Code   RO         2230    i.vCalcSystemInit   test.o
    0x08001ea8   0x08001ea8   0x0000000c   Code   RO         2174    i.vInterpreterInit  interpreter_device.o
    0x08001eb4   0x08001eb4   0x00000058   Code   RO         2175    i.vInterpreterRegisterCmdTable  interpreter_device.o
    0x08001f0c   0x08001f0c   0x00000010   Code   RO         2412    i.vLedAppRegisterCommands  led_app.o
    0x08001f1c   0x08001f1c   0x0000004c   Code   RO         1944    i.vLedParamInit     led_device.o
    0x08001f68   0x08001f68   0x00000020   Code   RO         1945    i.vLed_Off          led_device.o
    0x08001f88   0x08001f88   0x00000020   Code   RO         1946    i.vLed_On           led_device.o
    0x08001fa8   0x08001fa8   0x00000028   Code   RO         1947    i.vLed_Turn         led_device.o
    0x08001fd0   0x08001fd0   0x00000050   Code   RO         1948    i.vLed_Update       led_device.o
    0x08002020   0x08002020   0x00000018   Code   RO         2483    i.vMenuInit         menu.o
    0x08002038   0x08002038   0x000000e6   Code   RO         1757    i.vOledCmdInit      oled_device.o
    0x0800211e   0x0800211e   0x00000002   PAD
    0x08002120   0x08002120   0x00000024   Code   RO         1758    i.vOledDeviceInit   oled_device.o
    0x08002144   0x08002144   0x00000024   Code   RO         2231    i.vOledInit         test.o
    0x08002168   0x08002168   0x0000004c   Code   RO         1763    i.vOledRefreshFromBuffer  oled_device.o
    0x080021b4   0x080021b4   0x00000224   Code   RO         1764    i.vOledWriteOneCharToBuffer  oled_device.o
    0x080023d8   0x080023d8   0x00000024   Code   RO         2133    i.vRingBufParamCopy  ring_buffer_device.o
    0x080023fc   0x080023fc   0x0000003c   Code   RO         2332    i.vTask             task.o
    0x08002438   0x08002438   0x00000080   Code   RO         2333    i.vUartFrameProcess  task.o
    0x080024b8   0x080024b8   0x00000012   Data   RO          888    .constdata          stm32f1xx_hal_rcc.o
    0x080024ca   0x080024ca   0x00000018   Data   RO         1709    .constdata          system_stm32f1xx.o
    0x080024e2   0x080024e2   0x000017c0   Data   RO         1898    .constdata          oled_font.o
    0x08003ca2   0x08003ca2   0x00000002   PAD
    0x08003ca4   0x08003ca4   0x00000084   Data   RO         2413    .constdata          led_app.o
    0x08003d28   0x08003d28   0x00000081   Data   RO         2774    .constdata          mc_w.l(ctype_o.o)
    0x08003da9   0x08003da9   0x00000003   PAD
    0x08003dac   0x08003dac   0x00000004   Data   RO         2775    .constdata          mc_w.l(ctype_o.o)
    0x08003db0   0x08003db0   0x00000011   Data   RO         2414    .conststring        led_app.o
    0x08003dc1   0x08003dc1   0x00000003   PAD
    0x08003dc4   0x08003dc4   0x00000020   Data   RO         2814    Region$$Table       anon$$obj.o


    Execution Region RW_IRAM1 (Exec base: 0x20000000, Load base: 0x08003de4, Size: 0x00000ca8, Max: 0x00005000, ABSOLUTE, COMPRESSED[0x000000b8])

    Exec Addr    Load Addr    Size         Type   Attr      Idx    E Section Name        Object

    0x20000000   COMPRESSED   0x00000009   Data   RW          724    .data               stm32f1xx_hal.o
    0x20000009   COMPRESSED   0x00000003   PAD
    0x2000000c   COMPRESSED   0x00000004   Data   RW         1710    .data               system_stm32f1xx.o
    0x20000010   COMPRESSED   0x00000001   Data   RW         2177    .data               interpreter_device.o
    0x20000011   COMPRESSED   0x00000002   Data   RW         2336    .data               task.o
    0x20000013   COMPRESSED   0x00000001   PAD
    0x20000014   COMPRESSED   0x00000054   Data   RW         2415    .data               led_app.o
    0x20000068   COMPRESSED   0x000000d8   Data   RW         2491    .data               menu.o
    0x20000140   COMPRESSED   0x00000004   Data   RW         2750    .data               mc_w.l(strtok.o)
    0x20000144   COMPRESSED   0x00000004   Data   RW         2804    .data               mc_w.l(errno.o)
    0x20000148        -       0x00000048   Zero   RW           18    .bss                main.o
    0x20000190        -       0x00000410   Zero   RW         1766    .bss                oled_device.o
    0x200005a0        -       0x00000030   Zero   RW         1949    .bss                led_device.o
    0x200005d0        -       0x000000a0   Zero   RW         2019    .bss                botton.o
    0x20000670        -       0x00000035   Zero   RW         2134    .bss                ring_buffer_device.o
    0x200006a5   COMPRESSED   0x00000003   PAD
    0x200006a8        -       0x00000190   Zero   RW         2176    .bss                interpreter_device.o
    0x20000838        -       0x00000014   Zero   RW         2234    .bss                test.o
    0x2000084c        -       0x0000005a   Zero   RW         2334    .bss                task.o
    0x200008a6   COMPRESSED   0x00000002   PAD
    0x200008a8        -       0x00000400   Zero   RW            1    STACK               startup_stm32f103xb.o


==============================================================================

Image component sizes


      Code (inc. data)   RO Data    RW Data    ZI Data      Debug   Object Name

       192         12          0          0        160       2992   botton.o
       320         28          0          1        400       4093   interpreter_device.o
       636        302        149         84          0       5556   led_app.o
       284         30          0          0         48       4843   led_device.o
       612         28          0          0         72     400573   main.o
        24         10          0        216          0       1432   menu.o
      1310         50          0          0       1040      10303   oled_device.o
         0          0       6080          0          0        776   oled_font.o
       316         18          0          0         53       3177   ring_buffer_device.o
        36          8        236          0       1024        812   startup_stm32f103xb.o
       152         32          0          9          0       5349   stm32f1xx_hal.o
       304         22          0          0          0      29487   stm32f1xx_hal_cortex.o
       828         34          0          0          0       3355   stm32f1xx_hal_gpio.o
       236         22          0          0          0       1633   stm32f1xx_hal_msp.o
      1748         98         18          0          0       6048   stm32f1xx_hal_rcc.o
       808          4          0          0          0       4440   stm32f1xx_hal_uart.o
        70          4          0          0          0       5146   stm32f1xx_it.o
         2          0         24          4          0       1151   system_stm32f1xx.o
       496         48          0          2         90       5842   task.o
        96         12          0          0         20       2883   test.o

    ----------------------------------------------------------------------
      8488        762       6544        320       2912     499891   Object Totals
         0          0         32          0          0          0   (incl. Generated)
        18          0          5          4          5          0   (incl. Padding)

    ----------------------------------------------------------------------

      Code (inc. data)   RO Data    RW Data    ZI Data      Debug   Library Member Name

        86          0          0          0          0          0   __dczerorl2.o
        28          0          0          0          0         68   _chval.o
       158          0          0          0          0         92   _strtoul.o
         8          4        133          0          0         68   ctype_o.o
         0          0          0          0          0          0   entry.o
         0          0          0          0          0          0   entry10a.o
         0          0          0          0          0          0   entry11a.o
         8          4          0          0          0          0   entry2.o
         4          0          0          0          0          0   entry5.o
         0          0          0          0          0          0   entry7b.o
         0          0          0          0          0          0   entry8b.o
         8          4          0          0          0          0   entry9a.o
         8          4          0          4          0         68   errno.o
        30          0          0          0          0          0   handlers.o
        36          8          0          0          0         68   init.o
        36          0          0          0          0         68   memcpya.o
        36          0          0          0          0        108   memseta.o
        28          0          0          0          0         76   strcmp.o
        14          0          0          0          0         68   strlen.o
        68          6          0          4          0         80   strtok.o
       114          0          0          0          0         92   strtoul.o

    ----------------------------------------------------------------------
       676         30        136          8          0        856   Library Totals
         6          0          3          0          0          0   (incl. Padding)

    ----------------------------------------------------------------------

      Code (inc. data)   RO Data    RW Data    ZI Data      Debug   Library Name

       670         30        133          8          0        856   mc_w.l

    ----------------------------------------------------------------------
       676         30        136          8          0        856   Library Totals

    ----------------------------------------------------------------------

==============================================================================


      Code (inc. data)   RO Data    RW Data    ZI Data      Debug   

      9164        792       6680        328       2912     496299   Grand Totals
      9164        792       6680        184       2912     496299   ELF Image Totals (compressed)
      9164        792       6680        184          0          0   ROM Totals

==============================================================================

    Total RO  Size (Code + RO Data)                15844 (  15.47kB)
    Total RW  Size (RW Data + ZI Data)              3240 (   3.16kB)
    Total ROM Size (Code + RO Data + RW Data)      16028 (  15.65kB)

==============================================================================

