<!doctype html public "-//w3c//dtd html 4.0 transitional//en">
<html><head>
<title>Static Call Graph - [001oled_keypad_calculator\001oled_keypad_calculator.axf]</title></head>
<body><HR>
<H1>Static Call Graph for image 001oled_keypad_calculator\001oled_keypad_calculator.axf</H1><HR>
<BR><P>#&#060CALLGRAPH&#062# ARM Linker, 5060528: Last Updated: Thu Jun 11 20:57:43 2026
<BR><P>
<H3>Maximum Stack Usage =        188 bytes + Unknown(Cycles, Untraceable Function Pointers)</H3><H3>
Call chain for Maximum Stack Depth:</H3>
main &rArr; vTask &rArr; vCurrentPageShow &rArr; vShowLEDMenu &rArr; vShowUibuttonTextAll &rArr; vOledDrawArrow &rArr; vOledWriteStringToBuffer &rArr; vOledWriteOneCharToBuffer
<P>
<H3>
Mutually Recursive functions
</H3> <LI><a href="#[23]">ADC1_2_IRQHandler</a>&nbsp;&nbsp;&nbsp;&rArr;&nbsp;&nbsp;&nbsp;<a href="#[23]">ADC1_2_IRQHandler</a><BR>
</UL>
<P>
<H3>
Function Pointers
</H3><UL>
 <LI><a href="#[23]">ADC1_2_IRQHandler</a> from startup_stm32f103xb.o(.text) referenced from startup_stm32f103xb.o(RESET)
 <LI><a href="#[b]">BusFault_Handler</a> from stm32f1xx_it.o(i.BusFault_Handler) referenced from startup_stm32f103xb.o(RESET)
 <LI><a href="#[26]">CAN1_RX1_IRQHandler</a> from startup_stm32f103xb.o(.text) referenced from startup_stm32f103xb.o(RESET)
 <LI><a href="#[27]">CAN1_SCE_IRQHandler</a> from startup_stm32f103xb.o(.text) referenced from startup_stm32f103xb.o(RESET)
 <LI><a href="#[1c]">DMA1_Channel1_IRQHandler</a> from startup_stm32f103xb.o(.text) referenced from startup_stm32f103xb.o(RESET)
 <LI><a href="#[1d]">DMA1_Channel2_IRQHandler</a> from startup_stm32f103xb.o(.text) referenced from startup_stm32f103xb.o(RESET)
 <LI><a href="#[1e]">DMA1_Channel3_IRQHandler</a> from startup_stm32f103xb.o(.text) referenced from startup_stm32f103xb.o(RESET)
 <LI><a href="#[1f]">DMA1_Channel4_IRQHandler</a> from startup_stm32f103xb.o(.text) referenced from startup_stm32f103xb.o(RESET)
 <LI><a href="#[20]">DMA1_Channel5_IRQHandler</a> from startup_stm32f103xb.o(.text) referenced from startup_stm32f103xb.o(RESET)
 <LI><a href="#[21]">DMA1_Channel6_IRQHandler</a> from startup_stm32f103xb.o(.text) referenced from startup_stm32f103xb.o(RESET)
 <LI><a href="#[22]">DMA1_Channel7_IRQHandler</a> from startup_stm32f103xb.o(.text) referenced from startup_stm32f103xb.o(RESET)
 <LI><a href="#[e]">DebugMon_Handler</a> from stm32f1xx_it.o(i.DebugMon_Handler) referenced from startup_stm32f103xb.o(RESET)
 <LI><a href="#[17]">EXTI0_IRQHandler</a> from startup_stm32f103xb.o(.text) referenced from startup_stm32f103xb.o(RESET)
 <LI><a href="#[39]">EXTI15_10_IRQHandler</a> from startup_stm32f103xb.o(.text) referenced from startup_stm32f103xb.o(RESET)
 <LI><a href="#[18]">EXTI1_IRQHandler</a> from startup_stm32f103xb.o(.text) referenced from startup_stm32f103xb.o(RESET)
 <LI><a href="#[19]">EXTI2_IRQHandler</a> from startup_stm32f103xb.o(.text) referenced from startup_stm32f103xb.o(RESET)
 <LI><a href="#[1a]">EXTI3_IRQHandler</a> from startup_stm32f103xb.o(.text) referenced from startup_stm32f103xb.o(RESET)
 <LI><a href="#[1b]">EXTI4_IRQHandler</a> from startup_stm32f103xb.o(.text) referenced from startup_stm32f103xb.o(RESET)
 <LI><a href="#[28]">EXTI9_5_IRQHandler</a> from startup_stm32f103xb.o(.text) referenced from startup_stm32f103xb.o(RESET)
 <LI><a href="#[15]">FLASH_IRQHandler</a> from startup_stm32f103xb.o(.text) referenced from startup_stm32f103xb.o(RESET)
 <LI><a href="#[9]">HardFault_Handler</a> from stm32f1xx_it.o(i.HardFault_Handler) referenced from startup_stm32f103xb.o(RESET)
 <LI><a href="#[31]">I2C1_ER_IRQHandler</a> from startup_stm32f103xb.o(.text) referenced from startup_stm32f103xb.o(RESET)
 <LI><a href="#[30]">I2C1_EV_IRQHandler</a> from startup_stm32f103xb.o(.text) referenced from startup_stm32f103xb.o(RESET)
 <LI><a href="#[33]">I2C2_ER_IRQHandler</a> from startup_stm32f103xb.o(.text) referenced from startup_stm32f103xb.o(RESET)
 <LI><a href="#[32]">I2C2_EV_IRQHandler</a> from startup_stm32f103xb.o(.text) referenced from startup_stm32f103xb.o(RESET)
 <LI><a href="#[a]">MemManage_Handler</a> from stm32f1xx_it.o(i.MemManage_Handler) referenced from startup_stm32f103xb.o(RESET)
 <LI><a href="#[8]">NMI_Handler</a> from stm32f1xx_it.o(i.NMI_Handler) referenced from startup_stm32f103xb.o(RESET)
 <LI><a href="#[12]">PVD_IRQHandler</a> from startup_stm32f103xb.o(.text) referenced from startup_stm32f103xb.o(RESET)
 <LI><a href="#[f]">PendSV_Handler</a> from stm32f1xx_it.o(i.PendSV_Handler) referenced from startup_stm32f103xb.o(RESET)
 <LI><a href="#[16]">RCC_IRQHandler</a> from startup_stm32f103xb.o(.text) referenced from startup_stm32f103xb.o(RESET)
 <LI><a href="#[3a]">RTC_Alarm_IRQHandler</a> from startup_stm32f103xb.o(.text) referenced from startup_stm32f103xb.o(RESET)
 <LI><a href="#[14]">RTC_IRQHandler</a> from startup_stm32f103xb.o(.text) referenced from startup_stm32f103xb.o(RESET)
 <LI><a href="#[7]">Reset_Handler</a> from startup_stm32f103xb.o(.text) referenced from startup_stm32f103xb.o(RESET)
 <LI><a href="#[34]">SPI1_IRQHandler</a> from startup_stm32f103xb.o(.text) referenced from startup_stm32f103xb.o(RESET)
 <LI><a href="#[35]">SPI2_IRQHandler</a> from startup_stm32f103xb.o(.text) referenced from startup_stm32f103xb.o(RESET)
 <LI><a href="#[d]">SVC_Handler</a> from stm32f1xx_it.o(i.SVC_Handler) referenced from startup_stm32f103xb.o(RESET)
 <LI><a href="#[10]">SysTick_Handler</a> from stm32f1xx_it.o(i.SysTick_Handler) referenced from startup_stm32f103xb.o(RESET)
 <LI><a href="#[3d]">SystemInit</a> from system_stm32f1xx.o(i.SystemInit) referenced from startup_stm32f103xb.o(.text)
 <LI><a href="#[13]">TAMPER_IRQHandler</a> from startup_stm32f103xb.o(.text) referenced from startup_stm32f103xb.o(RESET)
 <LI><a href="#[29]">TIM1_BRK_IRQHandler</a> from startup_stm32f103xb.o(.text) referenced from startup_stm32f103xb.o(RESET)
 <LI><a href="#[2c]">TIM1_CC_IRQHandler</a> from startup_stm32f103xb.o(.text) referenced from startup_stm32f103xb.o(RESET)
 <LI><a href="#[2b]">TIM1_TRG_COM_IRQHandler</a> from startup_stm32f103xb.o(.text) referenced from startup_stm32f103xb.o(RESET)
 <LI><a href="#[2a]">TIM1_UP_IRQHandler</a> from startup_stm32f103xb.o(.text) referenced from startup_stm32f103xb.o(RESET)
 <LI><a href="#[2d]">TIM2_IRQHandler</a> from startup_stm32f103xb.o(.text) referenced from startup_stm32f103xb.o(RESET)
 <LI><a href="#[2e]">TIM3_IRQHandler</a> from startup_stm32f103xb.o(.text) referenced from startup_stm32f103xb.o(RESET)
 <LI><a href="#[2f]">TIM4_IRQHandler</a> from startup_stm32f103xb.o(.text) referenced from startup_stm32f103xb.o(RESET)
 <LI><a href="#[36]">USART1_IRQHandler</a> from startup_stm32f103xb.o(.text) referenced from startup_stm32f103xb.o(RESET)
 <LI><a href="#[37]">USART2_IRQHandler</a> from startup_stm32f103xb.o(.text) referenced from startup_stm32f103xb.o(RESET)
 <LI><a href="#[38]">USART3_IRQHandler</a> from startup_stm32f103xb.o(.text) referenced from startup_stm32f103xb.o(RESET)
 <LI><a href="#[3b]">USBWakeUp_IRQHandler</a> from startup_stm32f103xb.o(.text) referenced from startup_stm32f103xb.o(RESET)
 <LI><a href="#[24]">USB_HP_CAN1_TX_IRQHandler</a> from startup_stm32f103xb.o(.text) referenced from startup_stm32f103xb.o(RESET)
 <LI><a href="#[25]">USB_LP_CAN1_RX0_IRQHandler</a> from startup_stm32f103xb.o(.text) referenced from startup_stm32f103xb.o(RESET)
 <LI><a href="#[c]">UsageFault_Handler</a> from stm32f1xx_it.o(i.UsageFault_Handler) referenced from startup_stm32f103xb.o(RESET)
 <LI><a href="#[11]">WWDG_IRQHandler</a> from startup_stm32f103xb.o(.text) referenced from startup_stm32f103xb.o(RESET)
 <LI><a href="#[3e]">__main</a> from entry.o(.ARM.Collect$$$$00000000) referenced from startup_stm32f103xb.o(.text)
 <LI><a href="#[0]">emHandleInput1State</a> from test.o(i.emHandleInput1State) referenced 2 times from test.o(.data)
 <LI><a href="#[2]">emHandleInput2State</a> from test.o(i.emHandleInput2State) referenced 2 times from test.o(.data)
 <LI><a href="#[3]">emHandleResultState</a> from test.o(i.emHandleResultState) referenced 2 times from test.o(.data)
 <LI><a href="#[1]">emProcessOperator</a> from test.o(i.emProcessOperator) referenced 2 times from test.o(.data)
 <LI><a href="#[3c]">main</a> from main.o(i.main) referenced from entry9a.o(.ARM.Collect$$$$0000000B)
 <LI><a href="#[5]">vButtonCallback_Off</a> from ui_button.o(i.vButtonCallback_Off) referenced 2 times from ui_button.o(.data)
 <LI><a href="#[4]">vButtonCallback_On</a> from ui_button.o(i.vButtonCallback_On) referenced 2 times from ui_button.o(.data)
 <LI><a href="#[6]">vButtonCallback_Turn</a> from ui_button.o(i.vButtonCallback_Turn) referenced 2 times from ui_button.o(.data)
</UL>
<P>
<H3>
Global Symbols
</H3>
<P><STRONG><a name="[3e]"></a>__main</STRONG> (Thumb, 0 bytes, Stack size unknown bytes, entry.o(.ARM.Collect$$$$00000000))
<BR>[Address Reference Count : 1]<UL><LI> startup_stm32f103xb.o(.text)
</UL>
<P><STRONG><a name="[ad]"></a>_main_stk</STRONG> (Thumb, 0 bytes, Stack size unknown bytes, entry2.o(.ARM.Collect$$$$00000001))

<P><STRONG><a name="[3f]"></a>_main_scatterload</STRONG> (Thumb, 0 bytes, Stack size unknown bytes, entry5.o(.ARM.Collect$$$$00000004))
<BR><BR>[Calls]<UL><LI><a href="#[40]">&gt;&gt;</a>&nbsp;&nbsp;&nbsp;__scatterload
</UL>

<P><STRONG><a name="[44]"></a>__main_after_scatterload</STRONG> (Thumb, 0 bytes, Stack size unknown bytes, entry5.o(.ARM.Collect$$$$00000004))
<BR><BR>[Called By]<UL><LI><a href="#[40]">&gt;&gt;</a>&nbsp;&nbsp;&nbsp;__scatterload
</UL>

<P><STRONG><a name="[ae]"></a>_main_clock</STRONG> (Thumb, 0 bytes, Stack size unknown bytes, entry7b.o(.ARM.Collect$$$$00000008))

<P><STRONG><a name="[af]"></a>_main_cpp_init</STRONG> (Thumb, 0 bytes, Stack size unknown bytes, entry8b.o(.ARM.Collect$$$$0000000A))

<P><STRONG><a name="[b0]"></a>_main_init</STRONG> (Thumb, 0 bytes, Stack size unknown bytes, entry9a.o(.ARM.Collect$$$$0000000B))

<P><STRONG><a name="[b1]"></a>__rt_final_cpp</STRONG> (Thumb, 0 bytes, Stack size unknown bytes, entry10a.o(.ARM.Collect$$$$0000000D))

<P><STRONG><a name="[b2]"></a>__rt_final_exit</STRONG> (Thumb, 0 bytes, Stack size unknown bytes, entry11a.o(.ARM.Collect$$$$0000000F))

<P><STRONG><a name="[7]"></a>Reset_Handler</STRONG> (Thumb, 8 bytes, Stack size 0 bytes, startup_stm32f103xb.o(.text))
<BR>[Address Reference Count : 1]<UL><LI> startup_stm32f103xb.o(RESET)
</UL>
<P><STRONG><a name="[23]"></a>ADC1_2_IRQHandler</STRONG> (Thumb, 0 bytes, Stack size 0 bytes, startup_stm32f103xb.o(.text))
<BR><BR>[Calls]<UL><LI><a href="#[23]">&gt;&gt;</a>&nbsp;&nbsp;&nbsp;ADC1_2_IRQHandler
</UL>
<BR>[Called By]<UL><LI><a href="#[23]">&gt;&gt;</a>&nbsp;&nbsp;&nbsp;ADC1_2_IRQHandler
</UL>
<BR>[Address Reference Count : 1]<UL><LI> startup_stm32f103xb.o(RESET)
</UL>
<P><STRONG><a name="[26]"></a>CAN1_RX1_IRQHandler</STRONG> (Thumb, 0 bytes, Stack size 0 bytes, startup_stm32f103xb.o(.text))
<BR>[Address Reference Count : 1]<UL><LI> startup_stm32f103xb.o(RESET)
</UL>
<P><STRONG><a name="[27]"></a>CAN1_SCE_IRQHandler</STRONG> (Thumb, 0 bytes, Stack size 0 bytes, startup_stm32f103xb.o(.text))
<BR>[Address Reference Count : 1]<UL><LI> startup_stm32f103xb.o(RESET)
</UL>
<P><STRONG><a name="[1c]"></a>DMA1_Channel1_IRQHandler</STRONG> (Thumb, 0 bytes, Stack size 0 bytes, startup_stm32f103xb.o(.text))
<BR>[Address Reference Count : 1]<UL><LI> startup_stm32f103xb.o(RESET)
</UL>
<P><STRONG><a name="[1d]"></a>DMA1_Channel2_IRQHandler</STRONG> (Thumb, 0 bytes, Stack size 0 bytes, startup_stm32f103xb.o(.text))
<BR>[Address Reference Count : 1]<UL><LI> startup_stm32f103xb.o(RESET)
</UL>
<P><STRONG><a name="[1e]"></a>DMA1_Channel3_IRQHandler</STRONG> (Thumb, 0 bytes, Stack size 0 bytes, startup_stm32f103xb.o(.text))
<BR>[Address Reference Count : 1]<UL><LI> startup_stm32f103xb.o(RESET)
</UL>
<P><STRONG><a name="[1f]"></a>DMA1_Channel4_IRQHandler</STRONG> (Thumb, 0 bytes, Stack size 0 bytes, startup_stm32f103xb.o(.text))
<BR>[Address Reference Count : 1]<UL><LI> startup_stm32f103xb.o(RESET)
</UL>
<P><STRONG><a name="[20]"></a>DMA1_Channel5_IRQHandler</STRONG> (Thumb, 0 bytes, Stack size 0 bytes, startup_stm32f103xb.o(.text))
<BR>[Address Reference Count : 1]<UL><LI> startup_stm32f103xb.o(RESET)
</UL>
<P><STRONG><a name="[21]"></a>DMA1_Channel6_IRQHandler</STRONG> (Thumb, 0 bytes, Stack size 0 bytes, startup_stm32f103xb.o(.text))
<BR>[Address Reference Count : 1]<UL><LI> startup_stm32f103xb.o(RESET)
</UL>
<P><STRONG><a name="[22]"></a>DMA1_Channel7_IRQHandler</STRONG> (Thumb, 0 bytes, Stack size 0 bytes, startup_stm32f103xb.o(.text))
<BR>[Address Reference Count : 1]<UL><LI> startup_stm32f103xb.o(RESET)
</UL>
<P><STRONG><a name="[17]"></a>EXTI0_IRQHandler</STRONG> (Thumb, 0 bytes, Stack size 0 bytes, startup_stm32f103xb.o(.text))
<BR>[Address Reference Count : 1]<UL><LI> startup_stm32f103xb.o(RESET)
</UL>
<P><STRONG><a name="[39]"></a>EXTI15_10_IRQHandler</STRONG> (Thumb, 0 bytes, Stack size 0 bytes, startup_stm32f103xb.o(.text))
<BR>[Address Reference Count : 1]<UL><LI> startup_stm32f103xb.o(RESET)
</UL>
<P><STRONG><a name="[18]"></a>EXTI1_IRQHandler</STRONG> (Thumb, 0 bytes, Stack size 0 bytes, startup_stm32f103xb.o(.text))
<BR>[Address Reference Count : 1]<UL><LI> startup_stm32f103xb.o(RESET)
</UL>
<P><STRONG><a name="[19]"></a>EXTI2_IRQHandler</STRONG> (Thumb, 0 bytes, Stack size 0 bytes, startup_stm32f103xb.o(.text))
<BR>[Address Reference Count : 1]<UL><LI> startup_stm32f103xb.o(RESET)
</UL>
<P><STRONG><a name="[1a]"></a>EXTI3_IRQHandler</STRONG> (Thumb, 0 bytes, Stack size 0 bytes, startup_stm32f103xb.o(.text))
<BR>[Address Reference Count : 1]<UL><LI> startup_stm32f103xb.o(RESET)
</UL>
<P><STRONG><a name="[1b]"></a>EXTI4_IRQHandler</STRONG> (Thumb, 0 bytes, Stack size 0 bytes, startup_stm32f103xb.o(.text))
<BR>[Address Reference Count : 1]<UL><LI> startup_stm32f103xb.o(RESET)
</UL>
<P><STRONG><a name="[28]"></a>EXTI9_5_IRQHandler</STRONG> (Thumb, 0 bytes, Stack size 0 bytes, startup_stm32f103xb.o(.text))
<BR>[Address Reference Count : 1]<UL><LI> startup_stm32f103xb.o(RESET)
</UL>
<P><STRONG><a name="[15]"></a>FLASH_IRQHandler</STRONG> (Thumb, 0 bytes, Stack size 0 bytes, startup_stm32f103xb.o(.text))
<BR>[Address Reference Count : 1]<UL><LI> startup_stm32f103xb.o(RESET)
</UL>
<P><STRONG><a name="[31]"></a>I2C1_ER_IRQHandler</STRONG> (Thumb, 0 bytes, Stack size 0 bytes, startup_stm32f103xb.o(.text))
<BR>[Address Reference Count : 1]<UL><LI> startup_stm32f103xb.o(RESET)
</UL>
<P><STRONG><a name="[30]"></a>I2C1_EV_IRQHandler</STRONG> (Thumb, 0 bytes, Stack size 0 bytes, startup_stm32f103xb.o(.text))
<BR>[Address Reference Count : 1]<UL><LI> startup_stm32f103xb.o(RESET)
</UL>
<P><STRONG><a name="[33]"></a>I2C2_ER_IRQHandler</STRONG> (Thumb, 0 bytes, Stack size 0 bytes, startup_stm32f103xb.o(.text))
<BR>[Address Reference Count : 1]<UL><LI> startup_stm32f103xb.o(RESET)
</UL>
<P><STRONG><a name="[32]"></a>I2C2_EV_IRQHandler</STRONG> (Thumb, 0 bytes, Stack size 0 bytes, startup_stm32f103xb.o(.text))
<BR>[Address Reference Count : 1]<UL><LI> startup_stm32f103xb.o(RESET)
</UL>
<P><STRONG><a name="[12]"></a>PVD_IRQHandler</STRONG> (Thumb, 0 bytes, Stack size 0 bytes, startup_stm32f103xb.o(.text))
<BR>[Address Reference Count : 1]<UL><LI> startup_stm32f103xb.o(RESET)
</UL>
<P><STRONG><a name="[16]"></a>RCC_IRQHandler</STRONG> (Thumb, 0 bytes, Stack size 0 bytes, startup_stm32f103xb.o(.text))
<BR>[Address Reference Count : 1]<UL><LI> startup_stm32f103xb.o(RESET)
</UL>
<P><STRONG><a name="[3a]"></a>RTC_Alarm_IRQHandler</STRONG> (Thumb, 0 bytes, Stack size 0 bytes, startup_stm32f103xb.o(.text))
<BR>[Address Reference Count : 1]<UL><LI> startup_stm32f103xb.o(RESET)
</UL>
<P><STRONG><a name="[14]"></a>RTC_IRQHandler</STRONG> (Thumb, 0 bytes, Stack size 0 bytes, startup_stm32f103xb.o(.text))
<BR>[Address Reference Count : 1]<UL><LI> startup_stm32f103xb.o(RESET)
</UL>
<P><STRONG><a name="[34]"></a>SPI1_IRQHandler</STRONG> (Thumb, 0 bytes, Stack size 0 bytes, startup_stm32f103xb.o(.text))
<BR>[Address Reference Count : 1]<UL><LI> startup_stm32f103xb.o(RESET)
</UL>
<P><STRONG><a name="[35]"></a>SPI2_IRQHandler</STRONG> (Thumb, 0 bytes, Stack size 0 bytes, startup_stm32f103xb.o(.text))
<BR>[Address Reference Count : 1]<UL><LI> startup_stm32f103xb.o(RESET)
</UL>
<P><STRONG><a name="[13]"></a>TAMPER_IRQHandler</STRONG> (Thumb, 0 bytes, Stack size 0 bytes, startup_stm32f103xb.o(.text))
<BR>[Address Reference Count : 1]<UL><LI> startup_stm32f103xb.o(RESET)
</UL>
<P><STRONG><a name="[29]"></a>TIM1_BRK_IRQHandler</STRONG> (Thumb, 0 bytes, Stack size 0 bytes, startup_stm32f103xb.o(.text))
<BR>[Address Reference Count : 1]<UL><LI> startup_stm32f103xb.o(RESET)
</UL>
<P><STRONG><a name="[2c]"></a>TIM1_CC_IRQHandler</STRONG> (Thumb, 0 bytes, Stack size 0 bytes, startup_stm32f103xb.o(.text))
<BR>[Address Reference Count : 1]<UL><LI> startup_stm32f103xb.o(RESET)
</UL>
<P><STRONG><a name="[2b]"></a>TIM1_TRG_COM_IRQHandler</STRONG> (Thumb, 0 bytes, Stack size 0 bytes, startup_stm32f103xb.o(.text))
<BR>[Address Reference Count : 1]<UL><LI> startup_stm32f103xb.o(RESET)
</UL>
<P><STRONG><a name="[2a]"></a>TIM1_UP_IRQHandler</STRONG> (Thumb, 0 bytes, Stack size 0 bytes, startup_stm32f103xb.o(.text))
<BR>[Address Reference Count : 1]<UL><LI> startup_stm32f103xb.o(RESET)
</UL>
<P><STRONG><a name="[2d]"></a>TIM2_IRQHandler</STRONG> (Thumb, 0 bytes, Stack size 0 bytes, startup_stm32f103xb.o(.text))
<BR>[Address Reference Count : 1]<UL><LI> startup_stm32f103xb.o(RESET)
</UL>
<P><STRONG><a name="[2e]"></a>TIM3_IRQHandler</STRONG> (Thumb, 0 bytes, Stack size 0 bytes, startup_stm32f103xb.o(.text))
<BR>[Address Reference Count : 1]<UL><LI> startup_stm32f103xb.o(RESET)
</UL>
<P><STRONG><a name="[2f]"></a>TIM4_IRQHandler</STRONG> (Thumb, 0 bytes, Stack size 0 bytes, startup_stm32f103xb.o(.text))
<BR>[Address Reference Count : 1]<UL><LI> startup_stm32f103xb.o(RESET)
</UL>
<P><STRONG><a name="[36]"></a>USART1_IRQHandler</STRONG> (Thumb, 0 bytes, Stack size 0 bytes, startup_stm32f103xb.o(.text))
<BR>[Address Reference Count : 1]<UL><LI> startup_stm32f103xb.o(RESET)
</UL>
<P><STRONG><a name="[37]"></a>USART2_IRQHandler</STRONG> (Thumb, 0 bytes, Stack size 0 bytes, startup_stm32f103xb.o(.text))
<BR>[Address Reference Count : 1]<UL><LI> startup_stm32f103xb.o(RESET)
</UL>
<P><STRONG><a name="[38]"></a>USART3_IRQHandler</STRONG> (Thumb, 0 bytes, Stack size 0 bytes, startup_stm32f103xb.o(.text))
<BR>[Address Reference Count : 1]<UL><LI> startup_stm32f103xb.o(RESET)
</UL>
<P><STRONG><a name="[3b]"></a>USBWakeUp_IRQHandler</STRONG> (Thumb, 0 bytes, Stack size 0 bytes, startup_stm32f103xb.o(.text))
<BR>[Address Reference Count : 1]<UL><LI> startup_stm32f103xb.o(RESET)
</UL>
<P><STRONG><a name="[24]"></a>USB_HP_CAN1_TX_IRQHandler</STRONG> (Thumb, 0 bytes, Stack size 0 bytes, startup_stm32f103xb.o(.text))
<BR>[Address Reference Count : 1]<UL><LI> startup_stm32f103xb.o(RESET)
</UL>
<P><STRONG><a name="[25]"></a>USB_LP_CAN1_RX0_IRQHandler</STRONG> (Thumb, 0 bytes, Stack size 0 bytes, startup_stm32f103xb.o(.text))
<BR>[Address Reference Count : 1]<UL><LI> startup_stm32f103xb.o(RESET)
</UL>
<P><STRONG><a name="[11]"></a>WWDG_IRQHandler</STRONG> (Thumb, 0 bytes, Stack size 0 bytes, startup_stm32f103xb.o(.text))
<BR>[Address Reference Count : 1]<UL><LI> startup_stm32f103xb.o(RESET)
</UL>
<P><STRONG><a name="[b3]"></a>__aeabi_memcpy</STRONG> (Thumb, 36 bytes, Stack size 0 bytes, memcpya.o(.text), UNUSED)

<P><STRONG><a name="[66]"></a>__aeabi_memcpy4</STRONG> (Thumb, 0 bytes, Stack size 0 bytes, memcpya.o(.text))
<BR><BR>[Called By]<UL><LI><a href="#[65]">&gt;&gt;</a>&nbsp;&nbsp;&nbsp;s_vBtnStaticParamCopy
</UL>

<P><STRONG><a name="[b4]"></a>__aeabi_memcpy8</STRONG> (Thumb, 0 bytes, Stack size 0 bytes, memcpya.o(.text), UNUSED)

<P><STRONG><a name="[42]"></a>__aeabi_memset</STRONG> (Thumb, 14 bytes, Stack size 0 bytes, memseta.o(.text), UNUSED)
<BR><BR>[Called By]<UL><LI><a href="#[43]">&gt;&gt;</a>&nbsp;&nbsp;&nbsp;_memset$wrapper
<LI><a href="#[41]">&gt;&gt;</a>&nbsp;&nbsp;&nbsp;__aeabi_memclr
</UL>

<P><STRONG><a name="[b5]"></a>__aeabi_memset4</STRONG> (Thumb, 0 bytes, Stack size 0 bytes, memseta.o(.text), UNUSED)

<P><STRONG><a name="[b6]"></a>__aeabi_memset8</STRONG> (Thumb, 0 bytes, Stack size 0 bytes, memseta.o(.text), UNUSED)

<P><STRONG><a name="[41]"></a>__aeabi_memclr</STRONG> (Thumb, 4 bytes, Stack size 0 bytes, memseta.o(.text), UNUSED)
<BR><BR>[Calls]<UL><LI><a href="#[42]">&gt;&gt;</a>&nbsp;&nbsp;&nbsp;__aeabi_memset
</UL>

<P><STRONG><a name="[5b]"></a>__aeabi_memclr4</STRONG> (Thumb, 0 bytes, Stack size 0 bytes, memseta.o(.text))
<BR><BR>[Called By]<UL><LI><a href="#[5a]">&gt;&gt;</a>&nbsp;&nbsp;&nbsp;SystemClock_Config
<LI><a href="#[8e]">&gt;&gt;</a>&nbsp;&nbsp;&nbsp;vOledClearBuffer
</UL>

<P><STRONG><a name="[b7]"></a>__aeabi_memclr8</STRONG> (Thumb, 0 bytes, Stack size 0 bytes, memseta.o(.text), UNUSED)

<P><STRONG><a name="[43]"></a>_memset$wrapper</STRONG> (Thumb, 18 bytes, Stack size 8 bytes, memseta.o(.text), UNUSED)
<BR><BR>[Calls]<UL><LI><a href="#[42]">&gt;&gt;</a>&nbsp;&nbsp;&nbsp;__aeabi_memset
</UL>

<P><STRONG><a name="[a1]"></a>strlen</STRONG> (Thumb, 14 bytes, Stack size 0 bytes, strlen.o(.text))
<BR><BR>[Called By]<UL><LI><a href="#[a0]">&gt;&gt;</a>&nbsp;&nbsp;&nbsp;vOledDrawArrow
<LI><a href="#[a5]">&gt;&gt;</a>&nbsp;&nbsp;&nbsp;vShowUibuttonTextAll
</UL>

<P><STRONG><a name="[40]"></a>__scatterload</STRONG> (Thumb, 28 bytes, Stack size 0 bytes, init.o(.text))
<BR><BR>[Calls]<UL><LI><a href="#[44]">&gt;&gt;</a>&nbsp;&nbsp;&nbsp;__main_after_scatterload
</UL>
<BR>[Called By]<UL><LI><a href="#[3f]">&gt;&gt;</a>&nbsp;&nbsp;&nbsp;_main_scatterload
</UL>

<P><STRONG><a name="[b8]"></a>__scatterload_rt2</STRONG> (Thumb, 0 bytes, Stack size 0 bytes, init.o(.text), UNUSED)

<P><STRONG><a name="[b9]"></a>__decompress</STRONG> (Thumb, 0 bytes, Stack size unknown bytes, __dczerorl2.o(.text), UNUSED)

<P><STRONG><a name="[ba]"></a>__decompress1</STRONG> (Thumb, 86 bytes, Stack size unknown bytes, __dczerorl2.o(.text), UNUSED)

<P><STRONG><a name="[b]"></a>BusFault_Handler</STRONG> (Thumb, 4 bytes, Stack size 0 bytes, stm32f1xx_it.o(i.BusFault_Handler))
<BR>[Address Reference Count : 1]<UL><LI> startup_stm32f103xb.o(RESET)
</UL>
<P><STRONG><a name="[45]"></a>Button_Init</STRONG> (Thumb, 158 bytes, Stack size 24 bytes, task.o(i.Button_Init))
<BR><BR>[Stack]<UL><LI>Max Depth = 56<LI>Call Chain = Button_Init &rArr; vBtnParamInit &rArr; s_vBtnStaticParamCopy
</UL>
<BR>[Calls]<UL><LI><a href="#[46]">&gt;&gt;</a>&nbsp;&nbsp;&nbsp;vBtnParamInit
</UL>
<BR>[Called By]<UL><LI><a href="#[3c]">&gt;&gt;</a>&nbsp;&nbsp;&nbsp;main
</UL>

<P><STRONG><a name="[e]"></a>DebugMon_Handler</STRONG> (Thumb, 2 bytes, Stack size 0 bytes, stm32f1xx_it.o(i.DebugMon_Handler))
<BR>[Address Reference Count : 1]<UL><LI> startup_stm32f103xb.o(RESET)
</UL>
<P><STRONG><a name="[5c]"></a>Error_Handler</STRONG> (Thumb, 6 bytes, Stack size 0 bytes, main.o(i.Error_Handler))
<BR><BR>[Called By]<UL><LI><a href="#[5a]">&gt;&gt;</a>&nbsp;&nbsp;&nbsp;SystemClock_Config
</UL>

<P><STRONG><a name="[58]"></a>HAL_GPIO_Init</STRONG> (Thumb, 766 bytes, Stack size 36 bytes, stm32f1xx_hal_gpio.o(i.HAL_GPIO_Init))
<BR><BR>[Stack]<UL><LI>Max Depth = 36<LI>Call Chain = HAL_GPIO_Init
</UL>
<BR>[Called By]<UL><LI><a href="#[56]">&gt;&gt;</a>&nbsp;&nbsp;&nbsp;MX_GPIO_Init
</UL>

<P><STRONG><a name="[72]"></a>HAL_GPIO_ReadPin</STRONG> (Thumb, 16 bytes, Stack size 0 bytes, stm32f1xx_hal_gpio.o(i.HAL_GPIO_ReadPin))
<BR><BR>[Called By]<UL><LI><a href="#[71]">&gt;&gt;</a>&nbsp;&nbsp;&nbsp;ucKeypad_scan
<LI><a href="#[86]">&gt;&gt;</a>&nbsp;&nbsp;&nbsp;vBtnStatusUpdata
<LI><a href="#[46]">&gt;&gt;</a>&nbsp;&nbsp;&nbsp;vBtnParamInit
<LI><a href="#[55]">&gt;&gt;</a>&nbsp;&nbsp;&nbsp;vLedParamInit
</UL>

<P><STRONG><a name="[57]"></a>HAL_GPIO_WritePin</STRONG> (Thumb, 12 bytes, Stack size 0 bytes, stm32f1xx_hal_gpio.o(i.HAL_GPIO_WritePin))
<BR><BR>[Called By]<UL><LI><a href="#[56]">&gt;&gt;</a>&nbsp;&nbsp;&nbsp;MX_GPIO_Init
<LI><a href="#[71]">&gt;&gt;</a>&nbsp;&nbsp;&nbsp;ucKeypad_scan
<LI><a href="#[93]">&gt;&gt;</a>&nbsp;&nbsp;&nbsp;vLed_Update
</UL>

<P><STRONG><a name="[50]"></a>HAL_GetTick</STRONG> (Thumb, 6 bytes, Stack size 0 bytes, stm32f1xx_hal.o(i.HAL_GetTick))
<BR><BR>[Called By]<UL><LI><a href="#[52]">&gt;&gt;</a>&nbsp;&nbsp;&nbsp;HAL_RCC_OscConfig
<LI><a href="#[4f]">&gt;&gt;</a>&nbsp;&nbsp;&nbsp;HAL_RCC_ClockConfig
<LI><a href="#[7a]">&gt;&gt;</a>&nbsp;&nbsp;&nbsp;vBtnEventUpdata
<LI><a href="#[86]">&gt;&gt;</a>&nbsp;&nbsp;&nbsp;vBtnStatusUpdata
</UL>

<P><STRONG><a name="[59]"></a>HAL_IncTick</STRONG> (Thumb, 16 bytes, Stack size 0 bytes, stm32f1xx_hal.o(i.HAL_IncTick))
<BR><BR>[Called By]<UL><LI><a href="#[10]">&gt;&gt;</a>&nbsp;&nbsp;&nbsp;SysTick_Handler
</UL>

<P><STRONG><a name="[47]"></a>HAL_Init</STRONG> (Thumb, 34 bytes, Stack size 8 bytes, stm32f1xx_hal.o(i.HAL_Init))
<BR><BR>[Stack]<UL><LI>Max Depth = 72<LI>Call Chain = HAL_Init &rArr; HAL_InitTick &rArr; HAL_NVIC_SetPriority &rArr; __NVIC_SetPriority
</UL>
<BR>[Calls]<UL><LI><a href="#[49]">&gt;&gt;</a>&nbsp;&nbsp;&nbsp;HAL_InitTick
<LI><a href="#[48]">&gt;&gt;</a>&nbsp;&nbsp;&nbsp;HAL_NVIC_SetPriorityGrouping
<LI><a href="#[4a]">&gt;&gt;</a>&nbsp;&nbsp;&nbsp;HAL_MspInit
</UL>
<BR>[Called By]<UL><LI><a href="#[3c]">&gt;&gt;</a>&nbsp;&nbsp;&nbsp;main
</UL>

<P><STRONG><a name="[49]"></a>HAL_InitTick</STRONG> (Thumb, 64 bytes, Stack size 16 bytes, stm32f1xx_hal.o(i.HAL_InitTick))
<BR><BR>[Stack]<UL><LI>Max Depth = 64<LI>Call Chain = HAL_InitTick &rArr; HAL_NVIC_SetPriority &rArr; __NVIC_SetPriority
</UL>
<BR>[Calls]<UL><LI><a href="#[4b]">&gt;&gt;</a>&nbsp;&nbsp;&nbsp;HAL_SYSTICK_Config
<LI><a href="#[4c]">&gt;&gt;</a>&nbsp;&nbsp;&nbsp;HAL_NVIC_SetPriority
</UL>
<BR>[Called By]<UL><LI><a href="#[4f]">&gt;&gt;</a>&nbsp;&nbsp;&nbsp;HAL_RCC_ClockConfig
<LI><a href="#[47]">&gt;&gt;</a>&nbsp;&nbsp;&nbsp;HAL_Init
</UL>

<P><STRONG><a name="[4a]"></a>HAL_MspInit</STRONG> (Thumb, 76 bytes, Stack size 8 bytes, stm32f1xx_hal_msp.o(i.HAL_MspInit))
<BR><BR>[Stack]<UL><LI>Max Depth = 8<LI>Call Chain = HAL_MspInit
</UL>
<BR>[Called By]<UL><LI><a href="#[47]">&gt;&gt;</a>&nbsp;&nbsp;&nbsp;HAL_Init
</UL>

<P><STRONG><a name="[4c]"></a>HAL_NVIC_SetPriority</STRONG> (Thumb, 124 bytes, Stack size 40 bytes, stm32f1xx_hal_cortex.o(i.HAL_NVIC_SetPriority))
<BR><BR>[Stack]<UL><LI>Max Depth = 48<LI>Call Chain = HAL_NVIC_SetPriority &rArr; __NVIC_SetPriority
</UL>
<BR>[Calls]<UL><LI><a href="#[4e]">&gt;&gt;</a>&nbsp;&nbsp;&nbsp;__NVIC_SetPriority
<LI><a href="#[4d]">&gt;&gt;</a>&nbsp;&nbsp;&nbsp;__NVIC_GetPriorityGrouping
</UL>
<BR>[Called By]<UL><LI><a href="#[49]">&gt;&gt;</a>&nbsp;&nbsp;&nbsp;HAL_InitTick
</UL>

<P><STRONG><a name="[48]"></a>HAL_NVIC_SetPriorityGrouping</STRONG> (Thumb, 32 bytes, Stack size 0 bytes, stm32f1xx_hal_cortex.o(i.HAL_NVIC_SetPriorityGrouping))
<BR><BR>[Called By]<UL><LI><a href="#[47]">&gt;&gt;</a>&nbsp;&nbsp;&nbsp;HAL_Init
</UL>

<P><STRONG><a name="[4f]"></a>HAL_RCC_ClockConfig</STRONG> (Thumb, 376 bytes, Stack size 16 bytes, stm32f1xx_hal_rcc.o(i.HAL_RCC_ClockConfig))
<BR><BR>[Stack]<UL><LI>Max Depth = 80<LI>Call Chain = HAL_RCC_ClockConfig &rArr; HAL_InitTick &rArr; HAL_NVIC_SetPriority &rArr; __NVIC_SetPriority
</UL>
<BR>[Calls]<UL><LI><a href="#[51]">&gt;&gt;</a>&nbsp;&nbsp;&nbsp;HAL_RCC_GetSysClockFreq
<LI><a href="#[49]">&gt;&gt;</a>&nbsp;&nbsp;&nbsp;HAL_InitTick
<LI><a href="#[50]">&gt;&gt;</a>&nbsp;&nbsp;&nbsp;HAL_GetTick
</UL>
<BR>[Called By]<UL><LI><a href="#[5a]">&gt;&gt;</a>&nbsp;&nbsp;&nbsp;SystemClock_Config
</UL>

<P><STRONG><a name="[51]"></a>HAL_RCC_GetSysClockFreq</STRONG> (Thumb, 92 bytes, Stack size 16 bytes, stm32f1xx_hal_rcc.o(i.HAL_RCC_GetSysClockFreq))
<BR><BR>[Stack]<UL><LI>Max Depth = 16<LI>Call Chain = HAL_RCC_GetSysClockFreq
</UL>
<BR>[Called By]<UL><LI><a href="#[4f]">&gt;&gt;</a>&nbsp;&nbsp;&nbsp;HAL_RCC_ClockConfig
</UL>

<P><STRONG><a name="[52]"></a>HAL_RCC_OscConfig</STRONG> (Thumb, 1114 bytes, Stack size 24 bytes, stm32f1xx_hal_rcc.o(i.HAL_RCC_OscConfig))
<BR><BR>[Stack]<UL><LI>Max Depth = 32<LI>Call Chain = HAL_RCC_OscConfig &rArr; RCC_Delay
</UL>
<BR>[Calls]<UL><LI><a href="#[53]">&gt;&gt;</a>&nbsp;&nbsp;&nbsp;RCC_Delay
<LI><a href="#[50]">&gt;&gt;</a>&nbsp;&nbsp;&nbsp;HAL_GetTick
</UL>
<BR>[Called By]<UL><LI><a href="#[5a]">&gt;&gt;</a>&nbsp;&nbsp;&nbsp;SystemClock_Config
</UL>

<P><STRONG><a name="[4b]"></a>HAL_SYSTICK_Config</STRONG> (Thumb, 52 bytes, Stack size 16 bytes, stm32f1xx_hal_cortex.o(i.HAL_SYSTICK_Config))
<BR><BR>[Stack]<UL><LI>Max Depth = 24<LI>Call Chain = HAL_SYSTICK_Config &rArr; __NVIC_SetPriority
</UL>
<BR>[Calls]<UL><LI><a href="#[4e]">&gt;&gt;</a>&nbsp;&nbsp;&nbsp;__NVIC_SetPriority
</UL>
<BR>[Called By]<UL><LI><a href="#[49]">&gt;&gt;</a>&nbsp;&nbsp;&nbsp;HAL_InitTick
</UL>

<P><STRONG><a name="[9]"></a>HardFault_Handler</STRONG> (Thumb, 4 bytes, Stack size 0 bytes, stm32f1xx_it.o(i.HardFault_Handler))
<BR>[Address Reference Count : 1]<UL><LI> startup_stm32f103xb.o(RESET)
</UL>
<P><STRONG><a name="[54]"></a>Led_Init</STRONG> (Thumb, 28 bytes, Stack size 16 bytes, task.o(i.Led_Init))
<BR><BR>[Stack]<UL><LI>Max Depth = 40<LI>Call Chain = Led_Init &rArr; vLedParamInit &rArr; s_vLedStaticParamCopy
</UL>
<BR>[Calls]<UL><LI><a href="#[55]">&gt;&gt;</a>&nbsp;&nbsp;&nbsp;vLedParamInit
</UL>
<BR>[Called By]<UL><LI><a href="#[3c]">&gt;&gt;</a>&nbsp;&nbsp;&nbsp;main
</UL>

<P><STRONG><a name="[a]"></a>MemManage_Handler</STRONG> (Thumb, 4 bytes, Stack size 0 bytes, stm32f1xx_it.o(i.MemManage_Handler))
<BR>[Address Reference Count : 1]<UL><LI> startup_stm32f103xb.o(RESET)
</UL>
<P><STRONG><a name="[8]"></a>NMI_Handler</STRONG> (Thumb, 4 bytes, Stack size 0 bytes, stm32f1xx_it.o(i.NMI_Handler))
<BR>[Address Reference Count : 1]<UL><LI> startup_stm32f103xb.o(RESET)
</UL>
<P><STRONG><a name="[f]"></a>PendSV_Handler</STRONG> (Thumb, 2 bytes, Stack size 0 bytes, stm32f1xx_it.o(i.PendSV_Handler))
<BR>[Address Reference Count : 1]<UL><LI> startup_stm32f103xb.o(RESET)
</UL>
<P><STRONG><a name="[d]"></a>SVC_Handler</STRONG> (Thumb, 2 bytes, Stack size 0 bytes, stm32f1xx_it.o(i.SVC_Handler))
<BR>[Address Reference Count : 1]<UL><LI> startup_stm32f103xb.o(RESET)
</UL>
<P><STRONG><a name="[10]"></a>SysTick_Handler</STRONG> (Thumb, 8 bytes, Stack size 8 bytes, stm32f1xx_it.o(i.SysTick_Handler))
<BR><BR>[Stack]<UL><LI>Max Depth = 8<LI>Call Chain = SysTick_Handler
</UL>
<BR>[Calls]<UL><LI><a href="#[59]">&gt;&gt;</a>&nbsp;&nbsp;&nbsp;HAL_IncTick
</UL>
<BR>[Address Reference Count : 1]<UL><LI> startup_stm32f103xb.o(RESET)
</UL>
<P><STRONG><a name="[5a]"></a>SystemClock_Config</STRONG> (Thumb, 102 bytes, Stack size 64 bytes, main.o(i.SystemClock_Config))
<BR><BR>[Stack]<UL><LI>Max Depth = 144<LI>Call Chain = SystemClock_Config &rArr; HAL_RCC_ClockConfig &rArr; HAL_InitTick &rArr; HAL_NVIC_SetPriority &rArr; __NVIC_SetPriority
</UL>
<BR>[Calls]<UL><LI><a href="#[52]">&gt;&gt;</a>&nbsp;&nbsp;&nbsp;HAL_RCC_OscConfig
<LI><a href="#[4f]">&gt;&gt;</a>&nbsp;&nbsp;&nbsp;HAL_RCC_ClockConfig
<LI><a href="#[5c]">&gt;&gt;</a>&nbsp;&nbsp;&nbsp;Error_Handler
<LI><a href="#[5b]">&gt;&gt;</a>&nbsp;&nbsp;&nbsp;__aeabi_memclr4
</UL>
<BR>[Called By]<UL><LI><a href="#[3c]">&gt;&gt;</a>&nbsp;&nbsp;&nbsp;main
</UL>

<P><STRONG><a name="[3d]"></a>SystemInit</STRONG> (Thumb, 2 bytes, Stack size 0 bytes, system_stm32f1xx.o(i.SystemInit))
<BR>[Address Reference Count : 1]<UL><LI> startup_stm32f103xb.o(.text)
</UL>
<P><STRONG><a name="[c]"></a>UsageFault_Handler</STRONG> (Thumb, 4 bytes, Stack size 0 bytes, stm32f1xx_it.o(i.UsageFault_Handler))
<BR>[Address Reference Count : 1]<UL><LI> startup_stm32f103xb.o(RESET)
</UL>
<P><STRONG><a name="[bb]"></a>__scatterload_copy</STRONG> (Thumb, 14 bytes, Stack size unknown bytes, handlers.o(i.__scatterload_copy), UNUSED)

<P><STRONG><a name="[bc]"></a>__scatterload_null</STRONG> (Thumb, 2 bytes, Stack size unknown bytes, handlers.o(i.__scatterload_null), UNUSED)

<P><STRONG><a name="[bd]"></a>__scatterload_zeroinit</STRONG> (Thumb, 14 bytes, Stack size unknown bytes, handlers.o(i.__scatterload_zeroinit), UNUSED)

<P><STRONG><a name="[7d]"></a>emBtnGetCurEvent</STRONG> (Thumb, 16 bytes, Stack size 0 bytes, botton.o(i.emBtnGetCurEvent))
<BR><BR>[Called By]<UL><LI><a href="#[7a]">&gt;&gt;</a>&nbsp;&nbsp;&nbsp;vBtnEventUpdata
<LI><a href="#[94]">&gt;&gt;</a>&nbsp;&nbsp;&nbsp;vMainMenuKeyHandler
</UL>

<P><STRONG><a name="[7b]"></a>emBtnGetCurStatus</STRONG> (Thumb, 16 bytes, Stack size 0 bytes, botton.o(i.emBtnGetCurStatus))
<BR><BR>[Called By]<UL><LI><a href="#[7a]">&gt;&gt;</a>&nbsp;&nbsp;&nbsp;vBtnEventUpdata
</UL>

<P><STRONG><a name="[7c]"></a>emBtnGetLastStatus</STRONG> (Thumb, 16 bytes, Stack size 0 bytes, botton.o(i.emBtnGetLastStatus))
<BR><BR>[Called By]<UL><LI><a href="#[7a]">&gt;&gt;</a>&nbsp;&nbsp;&nbsp;vBtnEventUpdata
</UL>

<P><STRONG><a name="[95]"></a>emGetCurrentPage</STRONG> (Thumb, 6 bytes, Stack size 0 bytes, menu.o(i.emGetCurrentPage))
<BR><BR>[Called By]<UL><LI><a href="#[64]">&gt;&gt;</a>&nbsp;&nbsp;&nbsp;vTask
<LI><a href="#[94]">&gt;&gt;</a>&nbsp;&nbsp;&nbsp;vMainMenuKeyHandler
</UL>

<P><STRONG><a name="[aa]"></a>emReturnEvent</STRONG> (Thumb, 42 bytes, Stack size 0 bytes, test.o(i.emReturnEvent))
<BR><BR>[Called By]<UL><LI><a href="#[a9]">&gt;&gt;</a>&nbsp;&nbsp;&nbsp;vState_machine_run
</UL>

<P><STRONG><a name="[88]"></a>emUibuttonTriggerStuScan</STRONG> (Thumb, 58 bytes, Stack size 0 bytes, ui_button.o(i.emUibuttonTriggerStuScan))
<BR><BR>[Called By]<UL><LI><a href="#[87]">&gt;&gt;</a>&nbsp;&nbsp;&nbsp;vBtnScanAndExecute
</UL>

<P><STRONG><a name="[5f]"></a>iEventSum</STRONG> (Thumb, 88 bytes, Stack size 0 bytes, test.o(i.iEventSum))
<BR><BR>[Called By]<UL><LI><a href="#[2]">&gt;&gt;</a>&nbsp;&nbsp;&nbsp;emHandleInput2State
</UL>

<P><STRONG><a name="[3c]"></a>main</STRONG> (Thumb, 40 bytes, Stack size 0 bytes, main.o(i.main))
<BR><BR>[Stack]<UL><LI>Max Depth = 188<LI>Call Chain = main &rArr; vTask &rArr; vCurrentPageShow &rArr; vShowLEDMenu &rArr; vShowUibuttonTextAll &rArr; vOledDrawArrow &rArr; vOledWriteStringToBuffer &rArr; vOledWriteOneCharToBuffer
</UL>
<BR>[Calls]<UL><LI><a href="#[64]">&gt;&gt;</a>&nbsp;&nbsp;&nbsp;vTask
<LI><a href="#[61]">&gt;&gt;</a>&nbsp;&nbsp;&nbsp;vOledInit
<LI><a href="#[62]">&gt;&gt;</a>&nbsp;&nbsp;&nbsp;vMenuInit
<LI><a href="#[63]">&gt;&gt;</a>&nbsp;&nbsp;&nbsp;vCalcSystemInit
<LI><a href="#[54]">&gt;&gt;</a>&nbsp;&nbsp;&nbsp;Led_Init
<LI><a href="#[47]">&gt;&gt;</a>&nbsp;&nbsp;&nbsp;HAL_Init
<LI><a href="#[45]">&gt;&gt;</a>&nbsp;&nbsp;&nbsp;Button_Init
<LI><a href="#[5a]">&gt;&gt;</a>&nbsp;&nbsp;&nbsp;SystemClock_Config
<LI><a href="#[56]">&gt;&gt;</a>&nbsp;&nbsp;&nbsp;MX_GPIO_Init
</UL>
<BR>[Address Reference Count : 1]<UL><LI> entry9a.o(.ARM.Collect$$$$0000000B)
</UL>
<P><STRONG><a name="[7f]"></a>ucBtnGetucDoubleWait</STRONG> (Thumb, 18 bytes, Stack size 0 bytes, botton.o(i.ucBtnGetucDoubleWait))
<BR><BR>[Called By]<UL><LI><a href="#[7a]">&gt;&gt;</a>&nbsp;&nbsp;&nbsp;vBtnEventUpdata
</UL>

<P><STRONG><a name="[9d]"></a>ucGetMenuSelectedIndex</STRONG> (Thumb, 38 bytes, Stack size 0 bytes, menu.o(i.ucGetMenuSelectedIndex))
<BR><BR>[Called By]<UL><LI><a href="#[96]">&gt;&gt;</a>&nbsp;&nbsp;&nbsp;vMenuSelectUp
<LI><a href="#[97]">&gt;&gt;</a>&nbsp;&nbsp;&nbsp;vMenuSelectDown
<LI><a href="#[98]">&gt;&gt;</a>&nbsp;&nbsp;&nbsp;vMenuEnter
</UL>

<P><STRONG><a name="[ac]"></a>ucGetUibuttonSelectedIndex</STRONG> (Thumb, 40 bytes, Stack size 0 bytes, ui_button.o(i.ucGetUibuttonSelectedIndex))
<BR><BR>[Called By]<UL><LI><a href="#[99]">&gt;&gt;</a>&nbsp;&nbsp;&nbsp;vUibuttonSelectUp
<LI><a href="#[9a]">&gt;&gt;</a>&nbsp;&nbsp;&nbsp;vUibuttonSelectDown
<LI><a href="#[9b]">&gt;&gt;</a>&nbsp;&nbsp;&nbsp;vUibuttonEnter
</UL>

<P><STRONG><a name="[73]"></a>ucInt32ToStr</STRONG> (Thumb, 152 bytes, Stack size 20 bytes, test.o(i.ucInt32ToStr))
<BR><BR>[Stack]<UL><LI>Max Depth = 20<LI>Call Chain = ucInt32ToStr
</UL>
<BR>[Called By]<UL><LI><a href="#[5d]">&gt;&gt;</a>&nbsp;&nbsp;&nbsp;ucOledShowNumber
</UL>

<P><STRONG><a name="[71]"></a>ucKeypad_scan</STRONG> (Thumb, 364 bytes, Stack size 32 bytes, keypad4_4.o(i.ucKeypad_scan))
<BR><BR>[Stack]<UL><LI>Max Depth = 32<LI>Call Chain = ucKeypad_scan
</UL>
<BR>[Calls]<UL><LI><a href="#[72]">&gt;&gt;</a>&nbsp;&nbsp;&nbsp;HAL_GPIO_ReadPin
<LI><a href="#[57]">&gt;&gt;</a>&nbsp;&nbsp;&nbsp;HAL_GPIO_WritePin
</UL>
<BR>[Called By]<UL><LI><a href="#[ab]">&gt;&gt;</a>&nbsp;&nbsp;&nbsp;vTest
</UL>

<P><STRONG><a name="[5d]"></a>ucOledShowNumber</STRONG> (Thumb, 64 bytes, Stack size 48 bytes, test.o(i.ucOledShowNumber))
<BR><BR>[Stack]<UL><LI>Max Depth = 148<LI>Call Chain = ucOledShowNumber &rArr; vOledWriteStringToBuffer &rArr; vOledWriteOneCharToBuffer
</UL>
<BR>[Calls]<UL><LI><a href="#[74]">&gt;&gt;</a>&nbsp;&nbsp;&nbsp;vOledWriteStringToBuffer
<LI><a href="#[73]">&gt;&gt;</a>&nbsp;&nbsp;&nbsp;ucInt32ToStr
</UL>
<BR>[Called By]<UL><LI><a href="#[1]">&gt;&gt;</a>&nbsp;&nbsp;&nbsp;emProcessOperator
<LI><a href="#[3]">&gt;&gt;</a>&nbsp;&nbsp;&nbsp;emHandleResultState
<LI><a href="#[2]">&gt;&gt;</a>&nbsp;&nbsp;&nbsp;emHandleInput2State
<LI><a href="#[0]">&gt;&gt;</a>&nbsp;&nbsp;&nbsp;emHandleInput1State
</UL>

<P><STRONG><a name="[80]"></a>ulBtnGetClickTick</STRONG> (Thumb, 16 bytes, Stack size 0 bytes, botton.o(i.ulBtnGetClickTick))
<BR><BR>[Called By]<UL><LI><a href="#[7a]">&gt;&gt;</a>&nbsp;&nbsp;&nbsp;vBtnEventUpdata
</UL>

<P><STRONG><a name="[84]"></a>ulBtnGetDeCntTh</STRONG> (Thumb, 16 bytes, Stack size 0 bytes, botton.o(i.ulBtnGetDeCntTh))
<BR><BR>[Called By]<UL><LI><a href="#[7a]">&gt;&gt;</a>&nbsp;&nbsp;&nbsp;vBtnEventUpdata
</UL>

<P><STRONG><a name="[81]"></a>ulBtnGetDoubleClickCntTh</STRONG> (Thumb, 16 bytes, Stack size 0 bytes, botton.o(i.ulBtnGetDoubleClickCntTh))
<BR><BR>[Called By]<UL><LI><a href="#[7a]">&gt;&gt;</a>&nbsp;&nbsp;&nbsp;vBtnEventUpdata
</UL>

<P><STRONG><a name="[83]"></a>ulBtnGetLongPressCntTh</STRONG> (Thumb, 16 bytes, Stack size 0 bytes, botton.o(i.ulBtnGetLongPressCntTh))
<BR><BR>[Called By]<UL><LI><a href="#[7a]">&gt;&gt;</a>&nbsp;&nbsp;&nbsp;vBtnEventUpdata
</UL>

<P><STRONG><a name="[82]"></a>ulBtnGetPressTick</STRONG> (Thumb, 16 bytes, Stack size 0 bytes, botton.o(i.ulBtnGetPressTick))
<BR><BR>[Called By]<UL><LI><a href="#[7a]">&gt;&gt;</a>&nbsp;&nbsp;&nbsp;vBtnEventUpdata
</UL>

<P><STRONG><a name="[75]"></a>vBtnEventClear</STRONG> (Thumb, 38 bytes, Stack size 8 bytes, button_mid.o(i.vBtnEventClear))
<BR><BR>[Stack]<UL><LI>Max Depth = 8<LI>Call Chain = vBtnEventClear
</UL>
<BR>[Calls]<UL><LI><a href="#[77]">&gt;&gt;</a>&nbsp;&nbsp;&nbsp;vBtnSetucDoubleWait
<LI><a href="#[79]">&gt;&gt;</a>&nbsp;&nbsp;&nbsp;vBtnSetPressTick
<LI><a href="#[76]">&gt;&gt;</a>&nbsp;&nbsp;&nbsp;vBtnSetCurEvent
<LI><a href="#[78]">&gt;&gt;</a>&nbsp;&nbsp;&nbsp;vBtnSetClickTick
</UL>
<BR>[Called By]<UL><LI><a href="#[94]">&gt;&gt;</a>&nbsp;&nbsp;&nbsp;vMainMenuKeyHandler
</UL>

<P><STRONG><a name="[7a]"></a>vBtnEventUpdata</STRONG> (Thumb, 266 bytes, Stack size 24 bytes, button_mid.o(i.vBtnEventUpdata))
<BR><BR>[Stack]<UL><LI>Max Depth = 24<LI>Call Chain = vBtnEventUpdata
</UL>
<BR>[Calls]<UL><LI><a href="#[50]">&gt;&gt;</a>&nbsp;&nbsp;&nbsp;HAL_GetTick
<LI><a href="#[77]">&gt;&gt;</a>&nbsp;&nbsp;&nbsp;vBtnSetucDoubleWait
<LI><a href="#[79]">&gt;&gt;</a>&nbsp;&nbsp;&nbsp;vBtnSetPressTick
<LI><a href="#[7e]">&gt;&gt;</a>&nbsp;&nbsp;&nbsp;vBtnSetLastStatus
<LI><a href="#[76]">&gt;&gt;</a>&nbsp;&nbsp;&nbsp;vBtnSetCurEvent
<LI><a href="#[78]">&gt;&gt;</a>&nbsp;&nbsp;&nbsp;vBtnSetClickTick
<LI><a href="#[82]">&gt;&gt;</a>&nbsp;&nbsp;&nbsp;ulBtnGetPressTick
<LI><a href="#[83]">&gt;&gt;</a>&nbsp;&nbsp;&nbsp;ulBtnGetLongPressCntTh
<LI><a href="#[81]">&gt;&gt;</a>&nbsp;&nbsp;&nbsp;ulBtnGetDoubleClickCntTh
<LI><a href="#[84]">&gt;&gt;</a>&nbsp;&nbsp;&nbsp;ulBtnGetDeCntTh
<LI><a href="#[80]">&gt;&gt;</a>&nbsp;&nbsp;&nbsp;ulBtnGetClickTick
<LI><a href="#[7f]">&gt;&gt;</a>&nbsp;&nbsp;&nbsp;ucBtnGetucDoubleWait
<LI><a href="#[7c]">&gt;&gt;</a>&nbsp;&nbsp;&nbsp;emBtnGetLastStatus
<LI><a href="#[7b]">&gt;&gt;</a>&nbsp;&nbsp;&nbsp;emBtnGetCurStatus
<LI><a href="#[7d]">&gt;&gt;</a>&nbsp;&nbsp;&nbsp;emBtnGetCurEvent
</UL>
<BR>[Called By]<UL><LI><a href="#[85]">&gt;&gt;</a>&nbsp;&nbsp;&nbsp;vBtnExecute
</UL>

<P><STRONG><a name="[85]"></a>vBtnExecute</STRONG> (Thumb, 28 bytes, Stack size 8 bytes, button_mid.o(i.vBtnExecute))
<BR><BR>[Stack]<UL><LI>Max Depth = 32<LI>Call Chain = vBtnExecute &rArr; vBtnEventUpdata
</UL>
<BR>[Calls]<UL><LI><a href="#[7a]">&gt;&gt;</a>&nbsp;&nbsp;&nbsp;vBtnEventUpdata
<LI><a href="#[86]">&gt;&gt;</a>&nbsp;&nbsp;&nbsp;vBtnStatusUpdata
</UL>
<BR>[Called By]<UL><LI><a href="#[64]">&gt;&gt;</a>&nbsp;&nbsp;&nbsp;vTask
</UL>

<P><STRONG><a name="[46]"></a>vBtnParamInit</STRONG> (Thumb, 154 bytes, Stack size 16 bytes, botton.o(i.vBtnParamInit))
<BR><BR>[Stack]<UL><LI>Max Depth = 32<LI>Call Chain = vBtnParamInit &rArr; s_vBtnStaticParamCopy
</UL>
<BR>[Calls]<UL><LI><a href="#[72]">&gt;&gt;</a>&nbsp;&nbsp;&nbsp;HAL_GPIO_ReadPin
<LI><a href="#[65]">&gt;&gt;</a>&nbsp;&nbsp;&nbsp;s_vBtnStaticParamCopy
</UL>
<BR>[Called By]<UL><LI><a href="#[45]">&gt;&gt;</a>&nbsp;&nbsp;&nbsp;Button_Init
</UL>

<P><STRONG><a name="[87]"></a>vBtnScanAndExecute</STRONG> (Thumb, 58 bytes, Stack size 16 bytes, ui_button.o(i.vBtnScanAndExecute))
<BR><BR>[Stack]<UL><LI>Max Depth = 16<LI>Call Chain = vBtnScanAndExecute
</UL>
<BR>[Calls]<UL><LI><a href="#[88]">&gt;&gt;</a>&nbsp;&nbsp;&nbsp;emUibuttonTriggerStuScan
</UL>
<BR>[Called By]<UL><LI><a href="#[91]">&gt;&gt;</a>&nbsp;&nbsp;&nbsp;vShowLEDMenu
</UL>

<P><STRONG><a name="[78]"></a>vBtnSetClickTick</STRONG> (Thumb, 14 bytes, Stack size 0 bytes, botton.o(i.vBtnSetClickTick))
<BR><BR>[Called By]<UL><LI><a href="#[7a]">&gt;&gt;</a>&nbsp;&nbsp;&nbsp;vBtnEventUpdata
<LI><a href="#[75]">&gt;&gt;</a>&nbsp;&nbsp;&nbsp;vBtnEventClear
</UL>

<P><STRONG><a name="[76]"></a>vBtnSetCurEvent</STRONG> (Thumb, 14 bytes, Stack size 0 bytes, botton.o(i.vBtnSetCurEvent))
<BR><BR>[Called By]<UL><LI><a href="#[7a]">&gt;&gt;</a>&nbsp;&nbsp;&nbsp;vBtnEventUpdata
<LI><a href="#[75]">&gt;&gt;</a>&nbsp;&nbsp;&nbsp;vBtnEventClear
</UL>

<P><STRONG><a name="[7e]"></a>vBtnSetLastStatus</STRONG> (Thumb, 14 bytes, Stack size 0 bytes, botton.o(i.vBtnSetLastStatus))
<BR><BR>[Called By]<UL><LI><a href="#[7a]">&gt;&gt;</a>&nbsp;&nbsp;&nbsp;vBtnEventUpdata
</UL>

<P><STRONG><a name="[79]"></a>vBtnSetPressTick</STRONG> (Thumb, 14 bytes, Stack size 0 bytes, botton.o(i.vBtnSetPressTick))
<BR><BR>[Called By]<UL><LI><a href="#[7a]">&gt;&gt;</a>&nbsp;&nbsp;&nbsp;vBtnEventUpdata
<LI><a href="#[75]">&gt;&gt;</a>&nbsp;&nbsp;&nbsp;vBtnEventClear
</UL>

<P><STRONG><a name="[77]"></a>vBtnSetucDoubleWait</STRONG> (Thumb, 16 bytes, Stack size 0 bytes, botton.o(i.vBtnSetucDoubleWait))
<BR><BR>[Called By]<UL><LI><a href="#[7a]">&gt;&gt;</a>&nbsp;&nbsp;&nbsp;vBtnEventUpdata
<LI><a href="#[75]">&gt;&gt;</a>&nbsp;&nbsp;&nbsp;vBtnEventClear
</UL>

<P><STRONG><a name="[86]"></a>vBtnStatusUpdata</STRONG> (Thumb, 198 bytes, Stack size 24 bytes, botton.o(i.vBtnStatusUpdata))
<BR><BR>[Stack]<UL><LI>Max Depth = 24<LI>Call Chain = vBtnStatusUpdata
</UL>
<BR>[Calls]<UL><LI><a href="#[72]">&gt;&gt;</a>&nbsp;&nbsp;&nbsp;HAL_GPIO_ReadPin
<LI><a href="#[50]">&gt;&gt;</a>&nbsp;&nbsp;&nbsp;HAL_GetTick
</UL>
<BR>[Called By]<UL><LI><a href="#[85]">&gt;&gt;</a>&nbsp;&nbsp;&nbsp;vBtnExecute
</UL>

<P><STRONG><a name="[5]"></a>vButtonCallback_Off</STRONG> (Thumb, 12 bytes, Stack size 8 bytes, ui_button.o(i.vButtonCallback_Off))
<BR><BR>[Stack]<UL><LI>Max Depth = 40<LI>Call Chain = vButtonCallback_Off &rArr; vLed_Off &rArr; vLed_Update
</UL>
<BR>[Calls]<UL><LI><a href="#[89]">&gt;&gt;</a>&nbsp;&nbsp;&nbsp;vLed_Off
</UL>
<BR>[Address Reference Count : 1]<UL><LI> ui_button.o(.data)
</UL>
<P><STRONG><a name="[4]"></a>vButtonCallback_On</STRONG> (Thumb, 12 bytes, Stack size 8 bytes, ui_button.o(i.vButtonCallback_On))
<BR><BR>[Stack]<UL><LI>Max Depth = 40<LI>Call Chain = vButtonCallback_On &rArr; vLed_On &rArr; vLed_Update
</UL>
<BR>[Calls]<UL><LI><a href="#[8a]">&gt;&gt;</a>&nbsp;&nbsp;&nbsp;vLed_On
</UL>
<BR>[Address Reference Count : 1]<UL><LI> ui_button.o(.data)
</UL>
<P><STRONG><a name="[6]"></a>vButtonCallback_Turn</STRONG> (Thumb, 12 bytes, Stack size 8 bytes, ui_button.o(i.vButtonCallback_Turn))
<BR><BR>[Stack]<UL><LI>Max Depth = 48<LI>Call Chain = vButtonCallback_Turn &rArr; vLed_Turn &rArr; vLed_On &rArr; vLed_Update
</UL>
<BR>[Calls]<UL><LI><a href="#[8b]">&gt;&gt;</a>&nbsp;&nbsp;&nbsp;vLed_Turn
</UL>
<BR>[Address Reference Count : 1]<UL><LI> ui_button.o(.data)
</UL>
<P><STRONG><a name="[60]"></a>vCalcParamInit</STRONG> (Thumb, 44 bytes, Stack size 16 bytes, test.o(i.vCalcParamInit))
<BR><BR>[Stack]<UL><LI>Max Depth = 80<LI>Call Chain = vCalcParamInit &rArr; vOledWriteOneCharToBuffer
</UL>
<BR>[Calls]<UL><LI><a href="#[5e]">&gt;&gt;</a>&nbsp;&nbsp;&nbsp;vOledWriteOneCharToBuffer
<LI><a href="#[8c]">&gt;&gt;</a>&nbsp;&nbsp;&nbsp;vOledRefreshFromBuffer
</UL>
<BR>[Called By]<UL><LI><a href="#[63]">&gt;&gt;</a>&nbsp;&nbsp;&nbsp;vCalcSystemInit
<LI><a href="#[3]">&gt;&gt;</a>&nbsp;&nbsp;&nbsp;emHandleResultState
</UL>

<P><STRONG><a name="[63]"></a>vCalcSystemInit</STRONG> (Thumb, 10 bytes, Stack size 8 bytes, test.o(i.vCalcSystemInit))
<BR><BR>[Stack]<UL><LI>Max Depth = 88<LI>Call Chain = vCalcSystemInit &rArr; vCalcParamInit &rArr; vOledWriteOneCharToBuffer
</UL>
<BR>[Calls]<UL><LI><a href="#[60]">&gt;&gt;</a>&nbsp;&nbsp;&nbsp;vCalcParamInit
</UL>
<BR>[Called By]<UL><LI><a href="#[3c]">&gt;&gt;</a>&nbsp;&nbsp;&nbsp;main
<LI><a href="#[98]">&gt;&gt;</a>&nbsp;&nbsp;&nbsp;vMenuEnter
</UL>

<P><STRONG><a name="[8d]"></a>vCurrentPageShow</STRONG> (Thumb, 74 bytes, Stack size 8 bytes, menu.o(i.vCurrentPageShow))
<BR><BR>[Stack]<UL><LI>Max Depth = 180<LI>Call Chain = vCurrentPageShow &rArr; vShowLEDMenu &rArr; vShowUibuttonTextAll &rArr; vOledDrawArrow &rArr; vOledWriteStringToBuffer &rArr; vOledWriteOneCharToBuffer
</UL>
<BR>[Calls]<UL><LI><a href="#[8c]">&gt;&gt;</a>&nbsp;&nbsp;&nbsp;vOledRefreshFromBuffer
<LI><a href="#[8e]">&gt;&gt;</a>&nbsp;&nbsp;&nbsp;vOledClearBuffer
<LI><a href="#[8f]">&gt;&gt;</a>&nbsp;&nbsp;&nbsp;vShowMenu
<LI><a href="#[91]">&gt;&gt;</a>&nbsp;&nbsp;&nbsp;vShowLEDMenu
<LI><a href="#[90]">&gt;&gt;</a>&nbsp;&nbsp;&nbsp;vShowCalculatorMenu
</UL>
<BR>[Called By]<UL><LI><a href="#[64]">&gt;&gt;</a>&nbsp;&nbsp;&nbsp;vTask
</UL>

<P><STRONG><a name="[55]"></a>vLedParamInit</STRONG> (Thumb, 70 bytes, Stack size 16 bytes, led_device.o(i.vLedParamInit))
<BR><BR>[Stack]<UL><LI>Max Depth = 24<LI>Call Chain = vLedParamInit &rArr; s_vLedStaticParamCopy
</UL>
<BR>[Calls]<UL><LI><a href="#[72]">&gt;&gt;</a>&nbsp;&nbsp;&nbsp;HAL_GPIO_ReadPin
<LI><a href="#[92]">&gt;&gt;</a>&nbsp;&nbsp;&nbsp;s_vLedStaticParamCopy
</UL>
<BR>[Called By]<UL><LI><a href="#[54]">&gt;&gt;</a>&nbsp;&nbsp;&nbsp;Led_Init
</UL>

<P><STRONG><a name="[89]"></a>vLed_Off</STRONG> (Thumb, 26 bytes, Stack size 8 bytes, led_device.o(i.vLed_Off))
<BR><BR>[Stack]<UL><LI>Max Depth = 32<LI>Call Chain = vLed_Off &rArr; vLed_Update
</UL>
<BR>[Calls]<UL><LI><a href="#[93]">&gt;&gt;</a>&nbsp;&nbsp;&nbsp;vLed_Update
</UL>
<BR>[Called By]<UL><LI><a href="#[5]">&gt;&gt;</a>&nbsp;&nbsp;&nbsp;vButtonCallback_Off
<LI><a href="#[8b]">&gt;&gt;</a>&nbsp;&nbsp;&nbsp;vLed_Turn
</UL>

<P><STRONG><a name="[8a]"></a>vLed_On</STRONG> (Thumb, 26 bytes, Stack size 8 bytes, led_device.o(i.vLed_On))
<BR><BR>[Stack]<UL><LI>Max Depth = 32<LI>Call Chain = vLed_On &rArr; vLed_Update
</UL>
<BR>[Calls]<UL><LI><a href="#[93]">&gt;&gt;</a>&nbsp;&nbsp;&nbsp;vLed_Update
</UL>
<BR>[Called By]<UL><LI><a href="#[4]">&gt;&gt;</a>&nbsp;&nbsp;&nbsp;vButtonCallback_On
<LI><a href="#[8b]">&gt;&gt;</a>&nbsp;&nbsp;&nbsp;vLed_Turn
</UL>

<P><STRONG><a name="[8b]"></a>vLed_Turn</STRONG> (Thumb, 36 bytes, Stack size 8 bytes, led_device.o(i.vLed_Turn))
<BR><BR>[Stack]<UL><LI>Max Depth = 40<LI>Call Chain = vLed_Turn &rArr; vLed_On &rArr; vLed_Update
</UL>
<BR>[Calls]<UL><LI><a href="#[8a]">&gt;&gt;</a>&nbsp;&nbsp;&nbsp;vLed_On
<LI><a href="#[89]">&gt;&gt;</a>&nbsp;&nbsp;&nbsp;vLed_Off
</UL>
<BR>[Called By]<UL><LI><a href="#[6]">&gt;&gt;</a>&nbsp;&nbsp;&nbsp;vButtonCallback_Turn
</UL>

<P><STRONG><a name="[93]"></a>vLed_Update</STRONG> (Thumb, 76 bytes, Stack size 24 bytes, led_device.o(i.vLed_Update))
<BR><BR>[Stack]<UL><LI>Max Depth = 24<LI>Call Chain = vLed_Update
</UL>
<BR>[Calls]<UL><LI><a href="#[57]">&gt;&gt;</a>&nbsp;&nbsp;&nbsp;HAL_GPIO_WritePin
</UL>
<BR>[Called By]<UL><LI><a href="#[8a]">&gt;&gt;</a>&nbsp;&nbsp;&nbsp;vLed_On
<LI><a href="#[89]">&gt;&gt;</a>&nbsp;&nbsp;&nbsp;vLed_Off
</UL>

<P><STRONG><a name="[94]"></a>vMainMenuKeyHandler</STRONG> (Thumb, 154 bytes, Stack size 24 bytes, task.o(i.vMainMenuKeyHandler))
<BR><BR>[Stack]<UL><LI>Max Depth = 120<LI>Call Chain = vMainMenuKeyHandler &rArr; vMenuEnter &rArr; vCalcSystemInit &rArr; vCalcParamInit &rArr; vOledWriteOneCharToBuffer
</UL>
<BR>[Calls]<UL><LI><a href="#[99]">&gt;&gt;</a>&nbsp;&nbsp;&nbsp;vUibuttonSelectUp
<LI><a href="#[9a]">&gt;&gt;</a>&nbsp;&nbsp;&nbsp;vUibuttonSelectDown
<LI><a href="#[9b]">&gt;&gt;</a>&nbsp;&nbsp;&nbsp;vUibuttonEnter
<LI><a href="#[96]">&gt;&gt;</a>&nbsp;&nbsp;&nbsp;vMenuSelectUp
<LI><a href="#[97]">&gt;&gt;</a>&nbsp;&nbsp;&nbsp;vMenuSelectDown
<LI><a href="#[98]">&gt;&gt;</a>&nbsp;&nbsp;&nbsp;vMenuEnter
<LI><a href="#[9c]">&gt;&gt;</a>&nbsp;&nbsp;&nbsp;vMenuCancel
<LI><a href="#[75]">&gt;&gt;</a>&nbsp;&nbsp;&nbsp;vBtnEventClear
<LI><a href="#[95]">&gt;&gt;</a>&nbsp;&nbsp;&nbsp;emGetCurrentPage
<LI><a href="#[7d]">&gt;&gt;</a>&nbsp;&nbsp;&nbsp;emBtnGetCurEvent
</UL>
<BR>[Called By]<UL><LI><a href="#[64]">&gt;&gt;</a>&nbsp;&nbsp;&nbsp;vTask
</UL>

<P><STRONG><a name="[9c]"></a>vMenuCancel</STRONG> (Thumb, 8 bytes, Stack size 0 bytes, menu.o(i.vMenuCancel))
<BR><BR>[Called By]<UL><LI><a href="#[94]">&gt;&gt;</a>&nbsp;&nbsp;&nbsp;vMainMenuKeyHandler
</UL>

<P><STRONG><a name="[98]"></a>vMenuEnter</STRONG> (Thumb, 68 bytes, Stack size 8 bytes, menu.o(i.vMenuEnter))
<BR><BR>[Stack]<UL><LI>Max Depth = 96<LI>Call Chain = vMenuEnter &rArr; vCalcSystemInit &rArr; vCalcParamInit &rArr; vOledWriteOneCharToBuffer
</UL>
<BR>[Calls]<UL><LI><a href="#[63]">&gt;&gt;</a>&nbsp;&nbsp;&nbsp;vCalcSystemInit
<LI><a href="#[8e]">&gt;&gt;</a>&nbsp;&nbsp;&nbsp;vOledClearBuffer
<LI><a href="#[9d]">&gt;&gt;</a>&nbsp;&nbsp;&nbsp;ucGetMenuSelectedIndex
</UL>
<BR>[Called By]<UL><LI><a href="#[94]">&gt;&gt;</a>&nbsp;&nbsp;&nbsp;vMainMenuKeyHandler
</UL>

<P><STRONG><a name="[62]"></a>vMenuInit</STRONG> (Thumb, 14 bytes, Stack size 0 bytes, menu.o(i.vMenuInit))
<BR><BR>[Called By]<UL><LI><a href="#[3c]">&gt;&gt;</a>&nbsp;&nbsp;&nbsp;main
</UL>

<P><STRONG><a name="[97]"></a>vMenuSelectDown</STRONG> (Thumb, 78 bytes, Stack size 12 bytes, menu.o(i.vMenuSelectDown))
<BR><BR>[Stack]<UL><LI>Max Depth = 12<LI>Call Chain = vMenuSelectDown
</UL>
<BR>[Calls]<UL><LI><a href="#[9d]">&gt;&gt;</a>&nbsp;&nbsp;&nbsp;ucGetMenuSelectedIndex
</UL>
<BR>[Called By]<UL><LI><a href="#[94]">&gt;&gt;</a>&nbsp;&nbsp;&nbsp;vMainMenuKeyHandler
</UL>

<P><STRONG><a name="[96]"></a>vMenuSelectUp</STRONG> (Thumb, 72 bytes, Stack size 4 bytes, menu.o(i.vMenuSelectUp))
<BR><BR>[Stack]<UL><LI>Max Depth = 4<LI>Call Chain = vMenuSelectUp
</UL>
<BR>[Calls]<UL><LI><a href="#[9d]">&gt;&gt;</a>&nbsp;&nbsp;&nbsp;ucGetMenuSelectedIndex
</UL>
<BR>[Called By]<UL><LI><a href="#[94]">&gt;&gt;</a>&nbsp;&nbsp;&nbsp;vMainMenuKeyHandler
</UL>

<P><STRONG><a name="[8e]"></a>vOledClearBuffer</STRONG> (Thumb, 14 bytes, Stack size 8 bytes, oled_device.o(i.vOledClearBuffer))
<BR><BR>[Stack]<UL><LI>Max Depth = 8<LI>Call Chain = vOledClearBuffer
</UL>
<BR>[Calls]<UL><LI><a href="#[5b]">&gt;&gt;</a>&nbsp;&nbsp;&nbsp;__aeabi_memclr4
</UL>
<BR>[Called By]<UL><LI><a href="#[98]">&gt;&gt;</a>&nbsp;&nbsp;&nbsp;vMenuEnter
<LI><a href="#[8d]">&gt;&gt;</a>&nbsp;&nbsp;&nbsp;vCurrentPageShow
</UL>

<P><STRONG><a name="[a4]"></a>vOledClearOnePointToBuffer</STRONG> (Thumb, 62 bytes, Stack size 20 bytes, oled_device.o(i.vOledClearOnePointToBuffer))
<BR><BR>[Stack]<UL><LI>Max Depth = 20<LI>Call Chain = vOledClearOnePointToBuffer
</UL>
<BR>[Called By]<UL><LI><a href="#[a2]">&gt;&gt;</a>&nbsp;&nbsp;&nbsp;vOledDrawRectangle
</UL>

<P><STRONG><a name="[9e]"></a>vOledCmdInit</STRONG> (Thumb, 230 bytes, Stack size 8 bytes, oled_device.o(i.vOledCmdInit))
<BR><BR>[Stack]<UL><LI>Max Depth = 40<LI>Call Chain = vOledCmdInit &rArr; s_vOledWriteOneByteCmd &rArr; s_vOledIicSendByte
</UL>
<BR>[Calls]<UL><LI><a href="#[70]">&gt;&gt;</a>&nbsp;&nbsp;&nbsp;s_vOledWriteOneByteCmd
</UL>
<BR>[Called By]<UL><LI><a href="#[9f]">&gt;&gt;</a>&nbsp;&nbsp;&nbsp;vOledDeviceInit
</UL>

<P><STRONG><a name="[9f]"></a>vOledDeviceInit</STRONG> (Thumb, 30 bytes, Stack size 16 bytes, oled_device.o(i.vOledDeviceInit))
<BR><BR>[Stack]<UL><LI>Max Depth = 56<LI>Call Chain = vOledDeviceInit &rArr; vOledCmdInit &rArr; s_vOledWriteOneByteCmd &rArr; s_vOledIicSendByte
</UL>
<BR>[Calls]<UL><LI><a href="#[9e]">&gt;&gt;</a>&nbsp;&nbsp;&nbsp;vOledCmdInit
</UL>
<BR>[Called By]<UL><LI><a href="#[61]">&gt;&gt;</a>&nbsp;&nbsp;&nbsp;vOledInit
</UL>

<P><STRONG><a name="[a0]"></a>vOledDrawArrow</STRONG> (Thumb, 58 bytes, Stack size 40 bytes, oled_device.o(i.vOledDrawArrow))
<BR><BR>[Stack]<UL><LI>Max Depth = 140<LI>Call Chain = vOledDrawArrow &rArr; vOledWriteStringToBuffer &rArr; vOledWriteOneCharToBuffer
</UL>
<BR>[Calls]<UL><LI><a href="#[74]">&gt;&gt;</a>&nbsp;&nbsp;&nbsp;vOledWriteStringToBuffer
<LI><a href="#[a1]">&gt;&gt;</a>&nbsp;&nbsp;&nbsp;strlen
</UL>
<BR>[Called By]<UL><LI><a href="#[a5]">&gt;&gt;</a>&nbsp;&nbsp;&nbsp;vShowUibuttonTextAll
</UL>

<P><STRONG><a name="[a3]"></a>vOledDrawOnePointToBuffer</STRONG> (Thumb, 64 bytes, Stack size 20 bytes, oled_device.o(i.vOledDrawOnePointToBuffer))
<BR><BR>[Stack]<UL><LI>Max Depth = 20<LI>Call Chain = vOledDrawOnePointToBuffer
</UL>
<BR>[Called By]<UL><LI><a href="#[a2]">&gt;&gt;</a>&nbsp;&nbsp;&nbsp;vOledDrawRectangle
</UL>

<P><STRONG><a name="[a2]"></a>vOledDrawRectangle</STRONG> (Thumb, 204 bytes, Stack size 52 bytes, oled_device.o(i.vOledDrawRectangle))
<BR><BR>[Stack]<UL><LI>Max Depth = 72<LI>Call Chain = vOledDrawRectangle &rArr; vOledDrawOnePointToBuffer
</UL>
<BR>[Calls]<UL><LI><a href="#[a3]">&gt;&gt;</a>&nbsp;&nbsp;&nbsp;vOledDrawOnePointToBuffer
<LI><a href="#[a4]">&gt;&gt;</a>&nbsp;&nbsp;&nbsp;vOledClearOnePointToBuffer
</UL>
<BR>[Called By]<UL><LI><a href="#[a5]">&gt;&gt;</a>&nbsp;&nbsp;&nbsp;vShowUibuttonTextAll
<LI><a href="#[a7]">&gt;&gt;</a>&nbsp;&nbsp;&nbsp;vShowNumberSelectorAll
</UL>

<P><STRONG><a name="[61]"></a>vOledInit</STRONG> (Thumb, 30 bytes, Stack size 24 bytes, test.o(i.vOledInit))
<BR><BR>[Stack]<UL><LI>Max Depth = 80<LI>Call Chain = vOledInit &rArr; vOledDeviceInit &rArr; vOledCmdInit &rArr; s_vOledWriteOneByteCmd &rArr; s_vOledIicSendByte
</UL>
<BR>[Calls]<UL><LI><a href="#[9f]">&gt;&gt;</a>&nbsp;&nbsp;&nbsp;vOledDeviceInit
</UL>
<BR>[Called By]<UL><LI><a href="#[3c]">&gt;&gt;</a>&nbsp;&nbsp;&nbsp;main
</UL>

<P><STRONG><a name="[8c]"></a>vOledRefreshFromBuffer</STRONG> (Thumb, 70 bytes, Stack size 16 bytes, oled_device.o(i.vOledRefreshFromBuffer))
<BR><BR>[Stack]<UL><LI>Max Depth = 56<LI>Call Chain = vOledRefreshFromBuffer &rArr; s_vOledWriteFewBytesData &rArr; s_vOledIicSendByte
</UL>
<BR>[Calls]<UL><LI><a href="#[70]">&gt;&gt;</a>&nbsp;&nbsp;&nbsp;s_vOledWriteOneByteCmd
<LI><a href="#[6f]">&gt;&gt;</a>&nbsp;&nbsp;&nbsp;s_vOledWriteFewBytesData
</UL>
<BR>[Called By]<UL><LI><a href="#[8d]">&gt;&gt;</a>&nbsp;&nbsp;&nbsp;vCurrentPageShow
<LI><a href="#[ab]">&gt;&gt;</a>&nbsp;&nbsp;&nbsp;vTest
<LI><a href="#[60]">&gt;&gt;</a>&nbsp;&nbsp;&nbsp;vCalcParamInit
</UL>

<P><STRONG><a name="[5e]"></a>vOledWriteOneCharToBuffer</STRONG> (Thumb, 530 bytes, Stack size 64 bytes, oled_device.o(i.vOledWriteOneCharToBuffer))
<BR><BR>[Stack]<UL><LI>Max Depth = 64<LI>Call Chain = vOledWriteOneCharToBuffer
</UL>
<BR>[Called By]<UL><LI><a href="#[74]">&gt;&gt;</a>&nbsp;&nbsp;&nbsp;vOledWriteStringToBuffer
<LI><a href="#[a7]">&gt;&gt;</a>&nbsp;&nbsp;&nbsp;vShowNumberSelectorAll
<LI><a href="#[a8]">&gt;&gt;</a>&nbsp;&nbsp;&nbsp;vShowMenuTextAll
<LI><a href="#[60]">&gt;&gt;</a>&nbsp;&nbsp;&nbsp;vCalcParamInit
<LI><a href="#[1]">&gt;&gt;</a>&nbsp;&nbsp;&nbsp;emProcessOperator
<LI><a href="#[3]">&gt;&gt;</a>&nbsp;&nbsp;&nbsp;emHandleResultState
<LI><a href="#[2]">&gt;&gt;</a>&nbsp;&nbsp;&nbsp;emHandleInput2State
<LI><a href="#[0]">&gt;&gt;</a>&nbsp;&nbsp;&nbsp;emHandleInput1State
</UL>

<P><STRONG><a name="[74]"></a>vOledWriteStringToBuffer</STRONG> (Thumb, 72 bytes, Stack size 36 bytes, oled_device.o(i.vOledWriteStringToBuffer))
<BR><BR>[Stack]<UL><LI>Max Depth = 100<LI>Call Chain = vOledWriteStringToBuffer &rArr; vOledWriteOneCharToBuffer
</UL>
<BR>[Calls]<UL><LI><a href="#[5e]">&gt;&gt;</a>&nbsp;&nbsp;&nbsp;vOledWriteOneCharToBuffer
</UL>
<BR>[Called By]<UL><LI><a href="#[a0]">&gt;&gt;</a>&nbsp;&nbsp;&nbsp;vOledDrawArrow
<LI><a href="#[a5]">&gt;&gt;</a>&nbsp;&nbsp;&nbsp;vShowUibuttonTextAll
<LI><a href="#[a6]">&gt;&gt;</a>&nbsp;&nbsp;&nbsp;vShowSingleLineAll
<LI><a href="#[a8]">&gt;&gt;</a>&nbsp;&nbsp;&nbsp;vShowMenuTextAll
<LI><a href="#[5d]">&gt;&gt;</a>&nbsp;&nbsp;&nbsp;ucOledShowNumber
</UL>

<P><STRONG><a name="[90]"></a>vShowCalculatorMenu</STRONG> (Thumb, 2 bytes, Stack size 0 bytes, menu.o(i.vShowCalculatorMenu))
<BR><BR>[Called By]<UL><LI><a href="#[8d]">&gt;&gt;</a>&nbsp;&nbsp;&nbsp;vCurrentPageShow
</UL>

<P><STRONG><a name="[91]"></a>vShowLEDMenu</STRONG> (Thumb, 20 bytes, Stack size 8 bytes, menu.o(i.vShowLEDMenu))
<BR><BR>[Stack]<UL><LI>Max Depth = 172<LI>Call Chain = vShowLEDMenu &rArr; vShowUibuttonTextAll &rArr; vOledDrawArrow &rArr; vOledWriteStringToBuffer &rArr; vOledWriteOneCharToBuffer
</UL>
<BR>[Calls]<UL><LI><a href="#[a5]">&gt;&gt;</a>&nbsp;&nbsp;&nbsp;vShowUibuttonTextAll
<LI><a href="#[a6]">&gt;&gt;</a>&nbsp;&nbsp;&nbsp;vShowSingleLineAll
<LI><a href="#[a7]">&gt;&gt;</a>&nbsp;&nbsp;&nbsp;vShowNumberSelectorAll
<LI><a href="#[87]">&gt;&gt;</a>&nbsp;&nbsp;&nbsp;vBtnScanAndExecute
</UL>
<BR>[Called By]<UL><LI><a href="#[8d]">&gt;&gt;</a>&nbsp;&nbsp;&nbsp;vCurrentPageShow
</UL>

<P><STRONG><a name="[8f]"></a>vShowMenu</STRONG> (Thumb, 8 bytes, Stack size 8 bytes, menu.o(i.vShowMenu))
<BR><BR>[Stack]<UL><LI>Max Depth = 132<LI>Call Chain = vShowMenu &rArr; vShowMenuTextAll &rArr; vOledWriteStringToBuffer &rArr; vOledWriteOneCharToBuffer
</UL>
<BR>[Calls]<UL><LI><a href="#[a8]">&gt;&gt;</a>&nbsp;&nbsp;&nbsp;vShowMenuTextAll
</UL>
<BR>[Called By]<UL><LI><a href="#[8d]">&gt;&gt;</a>&nbsp;&nbsp;&nbsp;vCurrentPageShow
</UL>

<P><STRONG><a name="[a8]"></a>vShowMenuTextAll</STRONG> (Thumb, 96 bytes, Stack size 24 bytes, menu.o(i.vShowMenuTextAll))
<BR><BR>[Stack]<UL><LI>Max Depth = 124<LI>Call Chain = vShowMenuTextAll &rArr; vOledWriteStringToBuffer &rArr; vOledWriteOneCharToBuffer
</UL>
<BR>[Calls]<UL><LI><a href="#[74]">&gt;&gt;</a>&nbsp;&nbsp;&nbsp;vOledWriteStringToBuffer
<LI><a href="#[5e]">&gt;&gt;</a>&nbsp;&nbsp;&nbsp;vOledWriteOneCharToBuffer
</UL>
<BR>[Called By]<UL><LI><a href="#[8f]">&gt;&gt;</a>&nbsp;&nbsp;&nbsp;vShowMenu
</UL>

<P><STRONG><a name="[a7]"></a>vShowNumberSelectorAll</STRONG> (Thumb, 86 bytes, Stack size 16 bytes, ui_button.o(i.vShowNumberSelectorAll))
<BR><BR>[Stack]<UL><LI>Max Depth = 88<LI>Call Chain = vShowNumberSelectorAll &rArr; vOledDrawRectangle &rArr; vOledDrawOnePointToBuffer
</UL>
<BR>[Calls]<UL><LI><a href="#[5e]">&gt;&gt;</a>&nbsp;&nbsp;&nbsp;vOledWriteOneCharToBuffer
<LI><a href="#[a2]">&gt;&gt;</a>&nbsp;&nbsp;&nbsp;vOledDrawRectangle
</UL>
<BR>[Called By]<UL><LI><a href="#[91]">&gt;&gt;</a>&nbsp;&nbsp;&nbsp;vShowLEDMenu
</UL>

<P><STRONG><a name="[a6]"></a>vShowSingleLineAll</STRONG> (Thumb, 62 bytes, Stack size 24 bytes, ui_text.o(i.vShowSingleLineAll))
<BR><BR>[Stack]<UL><LI>Max Depth = 124<LI>Call Chain = vShowSingleLineAll &rArr; vOledWriteStringToBuffer &rArr; vOledWriteOneCharToBuffer
</UL>
<BR>[Calls]<UL><LI><a href="#[74]">&gt;&gt;</a>&nbsp;&nbsp;&nbsp;vOledWriteStringToBuffer
</UL>
<BR>[Called By]<UL><LI><a href="#[91]">&gt;&gt;</a>&nbsp;&nbsp;&nbsp;vShowLEDMenu
</UL>

<P><STRONG><a name="[a5]"></a>vShowUibuttonTextAll</STRONG> (Thumb, 190 bytes, Stack size 24 bytes, ui_button.o(i.vShowUibuttonTextAll))
<BR><BR>[Stack]<UL><LI>Max Depth = 164<LI>Call Chain = vShowUibuttonTextAll &rArr; vOledDrawArrow &rArr; vOledWriteStringToBuffer &rArr; vOledWriteOneCharToBuffer
</UL>
<BR>[Calls]<UL><LI><a href="#[74]">&gt;&gt;</a>&nbsp;&nbsp;&nbsp;vOledWriteStringToBuffer
<LI><a href="#[a2]">&gt;&gt;</a>&nbsp;&nbsp;&nbsp;vOledDrawRectangle
<LI><a href="#[a0]">&gt;&gt;</a>&nbsp;&nbsp;&nbsp;vOledDrawArrow
<LI><a href="#[a1]">&gt;&gt;</a>&nbsp;&nbsp;&nbsp;strlen
</UL>
<BR>[Called By]<UL><LI><a href="#[91]">&gt;&gt;</a>&nbsp;&nbsp;&nbsp;vShowLEDMenu
</UL>

<P><STRONG><a name="[a9]"></a>vState_machine_run</STRONG> (Thumb, 36 bytes, Stack size 16 bytes, test.o(i.vState_machine_run))
<BR><BR>[Stack]<UL><LI>Max Depth = 16<LI>Call Chain = vState_machine_run
</UL>
<BR>[Calls]<UL><LI><a href="#[aa]">&gt;&gt;</a>&nbsp;&nbsp;&nbsp;emReturnEvent
</UL>
<BR>[Called By]<UL><LI><a href="#[ab]">&gt;&gt;</a>&nbsp;&nbsp;&nbsp;vTest
</UL>

<P><STRONG><a name="[64]"></a>vTask</STRONG> (Thumb, 28 bytes, Stack size 8 bytes, task.o(i.vTask))
<BR><BR>[Stack]<UL><LI>Max Depth = 188<LI>Call Chain = vTask &rArr; vCurrentPageShow &rArr; vShowLEDMenu &rArr; vShowUibuttonTextAll &rArr; vOledDrawArrow &rArr; vOledWriteStringToBuffer &rArr; vOledWriteOneCharToBuffer
</UL>
<BR>[Calls]<UL><LI><a href="#[8d]">&gt;&gt;</a>&nbsp;&nbsp;&nbsp;vCurrentPageShow
<LI><a href="#[85]">&gt;&gt;</a>&nbsp;&nbsp;&nbsp;vBtnExecute
<LI><a href="#[95]">&gt;&gt;</a>&nbsp;&nbsp;&nbsp;emGetCurrentPage
<LI><a href="#[94]">&gt;&gt;</a>&nbsp;&nbsp;&nbsp;vMainMenuKeyHandler
<LI><a href="#[ab]">&gt;&gt;</a>&nbsp;&nbsp;&nbsp;vTest
</UL>
<BR>[Called By]<UL><LI><a href="#[3c]">&gt;&gt;</a>&nbsp;&nbsp;&nbsp;main
</UL>

<P><STRONG><a name="[ab]"></a>vTest</STRONG> (Thumb, 26 bytes, Stack size 8 bytes, test.o(i.vTest))
<BR><BR>[Stack]<UL><LI>Max Depth = 64<LI>Call Chain = vTest &rArr; vOledRefreshFromBuffer &rArr; s_vOledWriteFewBytesData &rArr; s_vOledIicSendByte
</UL>
<BR>[Calls]<UL><LI><a href="#[71]">&gt;&gt;</a>&nbsp;&nbsp;&nbsp;ucKeypad_scan
<LI><a href="#[8c]">&gt;&gt;</a>&nbsp;&nbsp;&nbsp;vOledRefreshFromBuffer
<LI><a href="#[a9]">&gt;&gt;</a>&nbsp;&nbsp;&nbsp;vState_machine_run
</UL>
<BR>[Called By]<UL><LI><a href="#[64]">&gt;&gt;</a>&nbsp;&nbsp;&nbsp;vTask
</UL>

<P><STRONG><a name="[9b]"></a>vUibuttonEnter</STRONG> (Thumb, 20 bytes, Stack size 4 bytes, ui_button.o(i.vUibuttonEnter))
<BR><BR>[Stack]<UL><LI>Max Depth = 4<LI>Call Chain = vUibuttonEnter
</UL>
<BR>[Calls]<UL><LI><a href="#[ac]">&gt;&gt;</a>&nbsp;&nbsp;&nbsp;ucGetUibuttonSelectedIndex
</UL>
<BR>[Called By]<UL><LI><a href="#[94]">&gt;&gt;</a>&nbsp;&nbsp;&nbsp;vMainMenuKeyHandler
</UL>

<P><STRONG><a name="[9a]"></a>vUibuttonSelectDown</STRONG> (Thumb, 46 bytes, Stack size 8 bytes, ui_button.o(i.vUibuttonSelectDown))
<BR><BR>[Stack]<UL><LI>Max Depth = 8<LI>Call Chain = vUibuttonSelectDown
</UL>
<BR>[Calls]<UL><LI><a href="#[ac]">&gt;&gt;</a>&nbsp;&nbsp;&nbsp;ucGetUibuttonSelectedIndex
</UL>
<BR>[Called By]<UL><LI><a href="#[94]">&gt;&gt;</a>&nbsp;&nbsp;&nbsp;vMainMenuKeyHandler
</UL>

<P><STRONG><a name="[99]"></a>vUibuttonSelectUp</STRONG> (Thumb, 42 bytes, Stack size 4 bytes, ui_button.o(i.vUibuttonSelectUp))
<BR><BR>[Stack]<UL><LI>Max Depth = 4<LI>Call Chain = vUibuttonSelectUp
</UL>
<BR>[Calls]<UL><LI><a href="#[ac]">&gt;&gt;</a>&nbsp;&nbsp;&nbsp;ucGetUibuttonSelectedIndex
</UL>
<BR>[Called By]<UL><LI><a href="#[94]">&gt;&gt;</a>&nbsp;&nbsp;&nbsp;vMainMenuKeyHandler
</UL>
<P>
<H3>
Local Symbols
</H3>
<P><STRONG><a name="[56]"></a>MX_GPIO_Init</STRONG> (Thumb, 298 bytes, Stack size 24 bytes, main.o(i.MX_GPIO_Init))
<BR><BR>[Stack]<UL><LI>Max Depth = 60<LI>Call Chain = MX_GPIO_Init &rArr; HAL_GPIO_Init
</UL>
<BR>[Calls]<UL><LI><a href="#[57]">&gt;&gt;</a>&nbsp;&nbsp;&nbsp;HAL_GPIO_WritePin
<LI><a href="#[58]">&gt;&gt;</a>&nbsp;&nbsp;&nbsp;HAL_GPIO_Init
</UL>
<BR>[Called By]<UL><LI><a href="#[3c]">&gt;&gt;</a>&nbsp;&nbsp;&nbsp;main
</UL>

<P><STRONG><a name="[53]"></a>RCC_Delay</STRONG> (Thumb, 36 bytes, Stack size 8 bytes, stm32f1xx_hal_rcc.o(i.RCC_Delay))
<BR><BR>[Stack]<UL><LI>Max Depth = 8<LI>Call Chain = RCC_Delay
</UL>
<BR>[Called By]<UL><LI><a href="#[52]">&gt;&gt;</a>&nbsp;&nbsp;&nbsp;HAL_RCC_OscConfig
</UL>

<P><STRONG><a name="[4d]"></a>__NVIC_GetPriorityGrouping</STRONG> (Thumb, 10 bytes, Stack size 0 bytes, stm32f1xx_hal_cortex.o(i.__NVIC_GetPriorityGrouping))
<BR><BR>[Called By]<UL><LI><a href="#[4c]">&gt;&gt;</a>&nbsp;&nbsp;&nbsp;HAL_NVIC_SetPriority
</UL>

<P><STRONG><a name="[4e]"></a>__NVIC_SetPriority</STRONG> (Thumb, 32 bytes, Stack size 8 bytes, stm32f1xx_hal_cortex.o(i.__NVIC_SetPriority))
<BR><BR>[Stack]<UL><LI>Max Depth = 8<LI>Call Chain = __NVIC_SetPriority
</UL>
<BR>[Called By]<UL><LI><a href="#[4b]">&gt;&gt;</a>&nbsp;&nbsp;&nbsp;HAL_SYSTICK_Config
<LI><a href="#[4c]">&gt;&gt;</a>&nbsp;&nbsp;&nbsp;HAL_NVIC_SetPriority
</UL>

<P><STRONG><a name="[67]"></a>s_vOledIicSendByte</STRONG> (Thumb, 62 bytes, Stack size 16 bytes, oled_device.o(i.s_vOledIicSendByte))
<BR><BR>[Stack]<UL><LI>Max Depth = 16<LI>Call Chain = s_vOledIicSendByte
</UL>
<BR>[Calls]<UL><LI><a href="#[6a]">&gt;&gt;</a>&nbsp;&nbsp;&nbsp;s_vOledSdaSet
<LI><a href="#[69]">&gt;&gt;</a>&nbsp;&nbsp;&nbsp;s_vOledSdaReset
<LI><a href="#[6b]">&gt;&gt;</a>&nbsp;&nbsp;&nbsp;s_vOledSclSet
<LI><a href="#[68]">&gt;&gt;</a>&nbsp;&nbsp;&nbsp;s_vOledSclReset
</UL>
<BR>[Called By]<UL><LI><a href="#[70]">&gt;&gt;</a>&nbsp;&nbsp;&nbsp;s_vOledWriteOneByteCmd
<LI><a href="#[6f]">&gt;&gt;</a>&nbsp;&nbsp;&nbsp;s_vOledWriteFewBytesData
</UL>

<P><STRONG><a name="[6c]"></a>s_vOledIicStart</STRONG> (Thumb, 30 bytes, Stack size 8 bytes, oled_device.o(i.s_vOledIicStart))
<BR><BR>[Stack]<UL><LI>Max Depth = 8<LI>Call Chain = s_vOledIicStart
</UL>
<BR>[Calls]<UL><LI><a href="#[6a]">&gt;&gt;</a>&nbsp;&nbsp;&nbsp;s_vOledSdaSet
<LI><a href="#[69]">&gt;&gt;</a>&nbsp;&nbsp;&nbsp;s_vOledSdaReset
<LI><a href="#[6b]">&gt;&gt;</a>&nbsp;&nbsp;&nbsp;s_vOledSclSet
<LI><a href="#[68]">&gt;&gt;</a>&nbsp;&nbsp;&nbsp;s_vOledSclReset
</UL>
<BR>[Called By]<UL><LI><a href="#[70]">&gt;&gt;</a>&nbsp;&nbsp;&nbsp;s_vOledWriteOneByteCmd
<LI><a href="#[6f]">&gt;&gt;</a>&nbsp;&nbsp;&nbsp;s_vOledWriteFewBytesData
</UL>

<P><STRONG><a name="[6d]"></a>s_vOledIicStop</STRONG> (Thumb, 24 bytes, Stack size 8 bytes, oled_device.o(i.s_vOledIicStop))
<BR><BR>[Stack]<UL><LI>Max Depth = 8<LI>Call Chain = s_vOledIicStop
</UL>
<BR>[Calls]<UL><LI><a href="#[6a]">&gt;&gt;</a>&nbsp;&nbsp;&nbsp;s_vOledSdaSet
<LI><a href="#[69]">&gt;&gt;</a>&nbsp;&nbsp;&nbsp;s_vOledSdaReset
<LI><a href="#[6b]">&gt;&gt;</a>&nbsp;&nbsp;&nbsp;s_vOledSclSet
</UL>
<BR>[Called By]<UL><LI><a href="#[70]">&gt;&gt;</a>&nbsp;&nbsp;&nbsp;s_vOledWriteOneByteCmd
<LI><a href="#[6f]">&gt;&gt;</a>&nbsp;&nbsp;&nbsp;s_vOledWriteFewBytesData
</UL>

<P><STRONG><a name="[6e]"></a>s_vOledIicWaitAck</STRONG> (Thumb, 18 bytes, Stack size 8 bytes, oled_device.o(i.s_vOledIicWaitAck))
<BR><BR>[Stack]<UL><LI>Max Depth = 8<LI>Call Chain = s_vOledIicWaitAck
</UL>
<BR>[Calls]<UL><LI><a href="#[6b]">&gt;&gt;</a>&nbsp;&nbsp;&nbsp;s_vOledSclSet
<LI><a href="#[68]">&gt;&gt;</a>&nbsp;&nbsp;&nbsp;s_vOledSclReset
</UL>
<BR>[Called By]<UL><LI><a href="#[70]">&gt;&gt;</a>&nbsp;&nbsp;&nbsp;s_vOledWriteOneByteCmd
<LI><a href="#[6f]">&gt;&gt;</a>&nbsp;&nbsp;&nbsp;s_vOledWriteFewBytesData
</UL>

<P><STRONG><a name="[68]"></a>s_vOledSclReset</STRONG> (Thumb, 32 bytes, Stack size 0 bytes, oled_device.o(i.s_vOledSclReset))
<BR><BR>[Called By]<UL><LI><a href="#[6e]">&gt;&gt;</a>&nbsp;&nbsp;&nbsp;s_vOledIicWaitAck
<LI><a href="#[6c]">&gt;&gt;</a>&nbsp;&nbsp;&nbsp;s_vOledIicStart
<LI><a href="#[67]">&gt;&gt;</a>&nbsp;&nbsp;&nbsp;s_vOledIicSendByte
</UL>

<P><STRONG><a name="[6b]"></a>s_vOledSclSet</STRONG> (Thumb, 30 bytes, Stack size 0 bytes, oled_device.o(i.s_vOledSclSet))
<BR><BR>[Called By]<UL><LI><a href="#[6e]">&gt;&gt;</a>&nbsp;&nbsp;&nbsp;s_vOledIicWaitAck
<LI><a href="#[6d]">&gt;&gt;</a>&nbsp;&nbsp;&nbsp;s_vOledIicStop
<LI><a href="#[6c]">&gt;&gt;</a>&nbsp;&nbsp;&nbsp;s_vOledIicStart
<LI><a href="#[67]">&gt;&gt;</a>&nbsp;&nbsp;&nbsp;s_vOledIicSendByte
</UL>

<P><STRONG><a name="[69]"></a>s_vOledSdaReset</STRONG> (Thumb, 32 bytes, Stack size 0 bytes, oled_device.o(i.s_vOledSdaReset))
<BR><BR>[Called By]<UL><LI><a href="#[6d]">&gt;&gt;</a>&nbsp;&nbsp;&nbsp;s_vOledIicStop
<LI><a href="#[6c]">&gt;&gt;</a>&nbsp;&nbsp;&nbsp;s_vOledIicStart
<LI><a href="#[67]">&gt;&gt;</a>&nbsp;&nbsp;&nbsp;s_vOledIicSendByte
</UL>

<P><STRONG><a name="[6a]"></a>s_vOledSdaSet</STRONG> (Thumb, 30 bytes, Stack size 0 bytes, oled_device.o(i.s_vOledSdaSet))
<BR><BR>[Called By]<UL><LI><a href="#[6d]">&gt;&gt;</a>&nbsp;&nbsp;&nbsp;s_vOledIicStop
<LI><a href="#[6c]">&gt;&gt;</a>&nbsp;&nbsp;&nbsp;s_vOledIicStart
<LI><a href="#[67]">&gt;&gt;</a>&nbsp;&nbsp;&nbsp;s_vOledIicSendByte
</UL>

<P><STRONG><a name="[6f]"></a>s_vOledWriteFewBytesData</STRONG> (Thumb, 80 bytes, Stack size 24 bytes, oled_device.o(i.s_vOledWriteFewBytesData))
<BR><BR>[Stack]<UL><LI>Max Depth = 40<LI>Call Chain = s_vOledWriteFewBytesData &rArr; s_vOledIicSendByte
</UL>
<BR>[Calls]<UL><LI><a href="#[6e]">&gt;&gt;</a>&nbsp;&nbsp;&nbsp;s_vOledIicWaitAck
<LI><a href="#[6d]">&gt;&gt;</a>&nbsp;&nbsp;&nbsp;s_vOledIicStop
<LI><a href="#[6c]">&gt;&gt;</a>&nbsp;&nbsp;&nbsp;s_vOledIicStart
<LI><a href="#[67]">&gt;&gt;</a>&nbsp;&nbsp;&nbsp;s_vOledIicSendByte
</UL>
<BR>[Called By]<UL><LI><a href="#[8c]">&gt;&gt;</a>&nbsp;&nbsp;&nbsp;vOledRefreshFromBuffer
</UL>

<P><STRONG><a name="[70]"></a>s_vOledWriteOneByteCmd</STRONG> (Thumb, 62 bytes, Stack size 16 bytes, oled_device.o(i.s_vOledWriteOneByteCmd))
<BR><BR>[Stack]<UL><LI>Max Depth = 32<LI>Call Chain = s_vOledWriteOneByteCmd &rArr; s_vOledIicSendByte
</UL>
<BR>[Calls]<UL><LI><a href="#[6e]">&gt;&gt;</a>&nbsp;&nbsp;&nbsp;s_vOledIicWaitAck
<LI><a href="#[6d]">&gt;&gt;</a>&nbsp;&nbsp;&nbsp;s_vOledIicStop
<LI><a href="#[6c]">&gt;&gt;</a>&nbsp;&nbsp;&nbsp;s_vOledIicStart
<LI><a href="#[67]">&gt;&gt;</a>&nbsp;&nbsp;&nbsp;s_vOledIicSendByte
</UL>
<BR>[Called By]<UL><LI><a href="#[8c]">&gt;&gt;</a>&nbsp;&nbsp;&nbsp;vOledRefreshFromBuffer
<LI><a href="#[9e]">&gt;&gt;</a>&nbsp;&nbsp;&nbsp;vOledCmdInit
</UL>

<P><STRONG><a name="[92]"></a>s_vLedStaticParamCopy</STRONG> (Thumb, 20 bytes, Stack size 8 bytes, led_device.o(i.s_vLedStaticParamCopy))
<BR><BR>[Stack]<UL><LI>Max Depth = 8<LI>Call Chain = s_vLedStaticParamCopy
</UL>
<BR>[Called By]<UL><LI><a href="#[55]">&gt;&gt;</a>&nbsp;&nbsp;&nbsp;vLedParamInit
</UL>

<P><STRONG><a name="[65]"></a>s_vBtnStaticParamCopy</STRONG> (Thumb, 26 bytes, Stack size 16 bytes, botton.o(i.s_vBtnStaticParamCopy))
<BR><BR>[Stack]<UL><LI>Max Depth = 16<LI>Call Chain = s_vBtnStaticParamCopy
</UL>
<BR>[Calls]<UL><LI><a href="#[66]">&gt;&gt;</a>&nbsp;&nbsp;&nbsp;__aeabi_memcpy4
</UL>
<BR>[Called By]<UL><LI><a href="#[46]">&gt;&gt;</a>&nbsp;&nbsp;&nbsp;vBtnParamInit
</UL>

<P><STRONG><a name="[0]"></a>emHandleInput1State</STRONG> (Thumb, 136 bytes, Stack size 32 bytes, test.o(i.emHandleInput1State))
<BR><BR>[Stack]<UL><LI>Max Depth = 180<LI>Call Chain = emHandleInput1State &rArr; ucOledShowNumber &rArr; vOledWriteStringToBuffer &rArr; vOledWriteOneCharToBuffer
</UL>
<BR>[Calls]<UL><LI><a href="#[5e]">&gt;&gt;</a>&nbsp;&nbsp;&nbsp;vOledWriteOneCharToBuffer
<LI><a href="#[5d]">&gt;&gt;</a>&nbsp;&nbsp;&nbsp;ucOledShowNumber
</UL>
<BR>[Address Reference Count : 1]<UL><LI> test.o(.data)
</UL>
<P><STRONG><a name="[2]"></a>emHandleInput2State</STRONG> (Thumb, 178 bytes, Stack size 32 bytes, test.o(i.emHandleInput2State))
<BR><BR>[Stack]<UL><LI>Max Depth = 180<LI>Call Chain = emHandleInput2State &rArr; ucOledShowNumber &rArr; vOledWriteStringToBuffer &rArr; vOledWriteOneCharToBuffer
</UL>
<BR>[Calls]<UL><LI><a href="#[5e]">&gt;&gt;</a>&nbsp;&nbsp;&nbsp;vOledWriteOneCharToBuffer
<LI><a href="#[5d]">&gt;&gt;</a>&nbsp;&nbsp;&nbsp;ucOledShowNumber
<LI><a href="#[5f]">&gt;&gt;</a>&nbsp;&nbsp;&nbsp;iEventSum
</UL>
<BR>[Address Reference Count : 1]<UL><LI> test.o(.data)
</UL>
<P><STRONG><a name="[3]"></a>emHandleResultState</STRONG> (Thumb, 116 bytes, Stack size 32 bytes, test.o(i.emHandleResultState))
<BR><BR>[Stack]<UL><LI>Max Depth = 180<LI>Call Chain = emHandleResultState &rArr; ucOledShowNumber &rArr; vOledWriteStringToBuffer &rArr; vOledWriteOneCharToBuffer
</UL>
<BR>[Calls]<UL><LI><a href="#[5e]">&gt;&gt;</a>&nbsp;&nbsp;&nbsp;vOledWriteOneCharToBuffer
<LI><a href="#[60]">&gt;&gt;</a>&nbsp;&nbsp;&nbsp;vCalcParamInit
<LI><a href="#[5d]">&gt;&gt;</a>&nbsp;&nbsp;&nbsp;ucOledShowNumber
</UL>
<BR>[Address Reference Count : 1]<UL><LI> test.o(.data)
</UL>
<P><STRONG><a name="[1]"></a>emProcessOperator</STRONG> (Thumb, 132 bytes, Stack size 32 bytes, test.o(i.emProcessOperator))
<BR><BR>[Stack]<UL><LI>Max Depth = 180<LI>Call Chain = emProcessOperator &rArr; ucOledShowNumber &rArr; vOledWriteStringToBuffer &rArr; vOledWriteOneCharToBuffer
</UL>
<BR>[Calls]<UL><LI><a href="#[5e]">&gt;&gt;</a>&nbsp;&nbsp;&nbsp;vOledWriteOneCharToBuffer
<LI><a href="#[5d]">&gt;&gt;</a>&nbsp;&nbsp;&nbsp;ucOledShowNumber
</UL>
<BR>[Address Reference Count : 1]<UL><LI> test.o(.data)
</UL><P>
<H3>
Undefined Global Symbols
</H3><HR></body></html>
