<html>
<body>
<pre>
<h1>�Vision Build Log</h1>
<h2>Tool Versions:</h2>
IDE-Version: ��Vision V5.24.2.0
Copyright (C) 2017 ARM Ltd and ARM Germany GmbH. All rights reserved.
License Information: Ding ding, LodDing, LIC=LSNXV-PYX26-SBLEJ-U5J31-BHKES-Q28YR
 
Tool Versions:
Toolchain:       MDK-ARM Plus  Version: 5.24.1
Toolchain Path:  E:\Keil_v5\ARM\ARMCC\Bin
C Compiler:      Armcc.exe V5.06 update 5 (build 528)
Assembler:       Armasm.exe V5.06 update 5 (build 528)
Linker/Locator:  ArmLink.exe V5.06 update 5 (build 528)
Library Manager: ArmAr.exe V5.06 update 5 (build 528)
Hex Converter:   FromElf.exe V5.06 update 5 (build 528)
CPU DLL:         SARMCM3.DLL V5.24.1
Dialog DLL:      DCM.DLL V1.16.0.0
Target DLL:      STLink\ST-LINKIII-KEIL_SWO.dll V3.0.1.0
Dialog DLL:      TCM.DLL V1.32.0.0
 
<h2>Project:</h2>
E:\STM32-Study\CubeMxTest\01_Project\001oled_keypad_calculator\MDK-ARM\001oled_keypad_calculator.uvprojx
Project File Date:  06/11/2026

<h2>Output:</h2>
*** Using Compiler 'V5.06 update 5 (build 528)', folder: 'E:\Keil_v5\ARM\ARMCC\Bin'
Build target '001oled_keypad_calculator'
compiling botton.c...
compiling keypad4_4.c...
compiling task.c...
..\User\Ui\ui_text.h(32): warning:  #1-D: last line of file ends without a newline
  #endif
..\User\Ui\menu.h(104): warning:  #1-D: last line of file ends without a newline
  #endif
..\User\APP\task.h(20): warning:  #1-D: last line of file ends without a newline
  #endif
..\User\APP\task.c(147): warning:  #1-D: last line of file ends without a newline
  }
..\User\APP\task.c: 4 warnings, 0 errors
compiling led_device.c...
compiling menu.c...
..\User\Ui\ui_text.h(32): warning:  #1-D: last line of file ends without a newline
  #endif
..\User\Ui\menu.h(104): warning:  #1-D: last line of file ends without a newline
  #endif
..\User\Ui\menu.c(51): warning:  #177-D: variable "j"  was declared but never referenced
  	uint8_t i,j = 0;
..\User\Ui\menu.c(279): warning:  #1-D: last line of file ends without a newline
  }
..\User\Ui\menu.c: 4 warnings, 0 errors
compiling ui_text.c...
..\User\Ui\ui_text.h(32): warning:  #1-D: last line of file ends without a newline
  #endif
..\User\Ui\ui_text.c(79): warning:  #1-D: last line of file ends without a newline
  //}
..\User\Ui\ui_text.c(29): warning:  #177-D: variable "s_stSingleLineTest_s_aucCalc"  was declared but never referenced
  static stTextItemTdf s_stSingleLineTest_s_aucCalc = 
..\User\Ui\ui_text.c: 3 warnings, 0 errors
compiling test.c...
..\User\APP\test.c(261): warning:  #111-D: statement is unreachable
  				break;
..\User\APP\test.c(296): warning:  #111-D: statement is unreachable
  				break;
..\User\APP\test.c(314): warning:  #111-D: statement is unreachable
  				break;
..\User\APP\test.c(359): warning:  #111-D: statement is unreachable
  				break;
..\User\APP\test.c(376): warning:  #111-D: statement is unreachable
  				break;
..\User\APP\test.c(412): warning:  #111-D: statement is unreachable
  				break;
..\User\APP\test.c(426): warning:  #111-D: statement is unreachable
  				break;
..\User\APP\test.c: 7 warnings, 0 errors
compiling oled_device.c...
compiling ui_button.c...
..\User\Ui\ui_button.c(270): warning:  #550-D: variable "i"  was set but never used
  	uint8_t i;
..\User\Ui\ui_button.c(369): warning:  #1-D: last line of file ends without a newline
  }
..\User\Ui\ui_button.c(19): warning:  #177-D: variable "s_ucWindowStart"  was declared but never referenced
  static uint8_t s_ucWindowStart = 0;  					// 当前显示窗口第一行在数组中的索引
..\User\Ui\ui_button.c(31): warning:  #550-D: variable "s_aucLed"  was set but never used
  static uint8_t s_aucLed[]  			= "Led";				//Led
..\User\Ui\ui_button.c: 4 warnings, 0 errors
compiling main.c...
..\User\Ui\ui_text.h(32): warning:  #1-D: last line of file ends without a newline
  #endif
..\User\Ui\menu.h(104): warning:  #1-D: last line of file ends without a newline
  #endif
../User/APP/task.h(20): warning:  #1-D: last line of file ends without a newline
  #endif
../Core/Src/main.c: 3 warnings, 0 errors
compiling button_mid.c...
..\User\Middle\button_mid.c(101): warning:  #1-D: last line of file ends without a newline
  }
..\User\Middle\button_mid.c: 1 warning, 0 errors
linking...
Program Size: Code=10028 RO-data=6392 RW-data=448 ZI-data=2296  
FromELF: creating hex file...
"001oled_keypad_calculator\001oled_keypad_calculator.axf" - 0 Error(s), 26 Warning(s).

<h2>Software Packages used:</h2>

Package Vendor: ARM
                http://www.keil.com/pack/ARM.CMSIS.5.0.1.pack
                ARM.CMSIS.5.0.1
                CMSIS (Cortex Microcontroller Software Interface Standard)
   * Component: CORE Version: 5.0.1

Package Vendor: Keil
                http://www.keil.com/pack/Keil.STM32F1xx_DFP.2.2.0.pack
                Keil.STM32F1xx_DFP.2.2.0
                STMicroelectronics STM32F1 Series Device Support, Drivers and Examples

<h2>Collection of Component include folders:</h2>
  .\RTE\_001oled_keypad_calculator
  E:\Keil_v5\ARM\PACK\ARM\CMSIS\5.0.1\CMSIS\Include
  E:\Keil_v5\ARM\PACK\Keil\STM32F1xx_DFP\2.2.0\Device\Include

<h2>Collection of Component Files used:</h2>

   * Component: ARM::CMSIS:CORE:5.0.1
Build Time Elapsed:  00:00:03
</pre>
</body>
</html>
