<html>
<body>
<pre>
<h1>�Vision Build Log</h1>
<h2>Tool Versions:</h2>
IDE-Version: ��Vision V5.24.2.0
Copyright (C) 2017 ARM Ltd and ARM Germany GmbH. All rights reserved.
License Information: Ding ding, LodDing, LIC=LSNXV-PYX26-SBLEJ-U5J31-BHKES-Q28YR
 
Tool Versions:
Toolchain:       MDK-ARM Plus  Version: 5.24.1
Toolchain Path:  E:\Keil_v5\ARM\ARMCC\Bin
C Compiler:      Armcc.exe V5.06 update 5 (build 528)
Assembler:       Armasm.exe V5.06 update 5 (build 528)
Linker/Locator:  ArmLink.exe V5.06 update 5 (build 528)
Library Manager: ArmAr.exe V5.06 update 5 (build 528)
Hex Converter:   FromElf.exe V5.06 update 5 (build 528)
CPU DLL:         SARMCM3.DLL V5.24.1
Dialog DLL:      DCM.DLL V1.16.0.0
Target DLL:      STLink\ST-LINKIII-KEIL_SWO.dll V3.0.1.0
Dialog DLL:      TCM.DLL V1.32.0.0
 
<h2>Project:</h2>
E:\STM32-Study\CubeMxTest\01_Project\001oled_keypad_calculator\MDK-ARM\001oled_keypad_calculator.uvprojx
Project File Date:  06/16/2026

<h2>Output:</h2>
*** Using Compiler 'V5.06 update 5 (build 528)', folder: 'E:\Keil_v5\ARM\ARMCC\Bin'
Build target '001oled_keypad_calculator'
compiling ring_buffer_device.c...
compiling stm32f1xx_it.c...
../Core/Src/stm32f1xx_it.c(214): warning:  #223-D: function "ucWriteOnebyte" declared implicitly
          ucWriteOnebyte(ucData,UART_RX_BUFFER);            /* 只写，不管满不满 */
../Core/Src/stm32f1xx_it.c(218): warning:  #111-D: statement is unreachable
    HAL_UART_IRQHandler(&huart1);
../Core/Src/stm32f1xx_it.c: 2 warnings, 0 errors
compiling task.c...
../User/Ui/menu.h(103): warning:  #1-D: last line of file ends without a newline
  #endif
..\User\APP\task.c(279): warning:  #1-D: last line of file ends without a newline
  }
..\User\APP\task.c: 2 warnings, 0 errors
linking...
Program Size: Code=7684 RO-data=6440 RW-data=236 ZI-data=2476  
FromELF: creating hex file...
"001oled_keypad_calculator\001oled_keypad_calculator.axf" - 0 Error(s), 4 Warning(s).

<h2>Software Packages used:</h2>

Package Vendor: ARM
                http://www.keil.com/pack/ARM.CMSIS.5.0.1.pack
                ARM.CMSIS.5.0.1
                CMSIS (Cortex Microcontroller Software Interface Standard)
   * Component: CORE Version: 5.0.1

Package Vendor: Keil
                http://www.keil.com/pack/Keil.STM32F1xx_DFP.2.2.0.pack
                Keil.STM32F1xx_DFP.2.2.0
                STMicroelectronics STM32F1 Series Device Support, Drivers and Examples

<h2>Collection of Component include folders:</h2>
  .\RTE\_001oled_keypad_calculator
  E:\Keil_v5\ARM\PACK\ARM\CMSIS\5.0.1\CMSIS\Include
  E:\Keil_v5\ARM\PACK\Keil\STM32F1xx_DFP\2.2.0\Device\Include

<h2>Collection of Component Files used:</h2>

   * Component: ARM::CMSIS:CORE:5.0.1
Build Time Elapsed:  00:00:01
</pre>
</body>
</html>
