Component: ARM Compiler 5.06 update 5 (build 528) Tool: armlink [4d35e2]

==============================================================================

Section Cross References

    startup_stm32f103xb.o(RESET) refers to startup_stm32f103xb.o(STACK) for __initial_sp
    startup_stm32f103xb.o(RESET) refers to startup_stm32f103xb.o(.text) for Reset_Handler
    startup_stm32f103xb.o(RESET) refers to stm32f1xx_it.o(i.NMI_Handler) for NMI_Handler
    startup_stm32f103xb.o(RESET) refers to stm32f1xx_it.o(i.HardFault_Handler) for HardFault_Handler
    startup_stm32f103xb.o(RESET) refers to stm32f1xx_it.o(i.MemManage_Handler) for MemManage_Handler
    startup_stm32f103xb.o(RESET) refers to stm32f1xx_it.o(i.BusFault_Handler) for BusFault_Handler
    startup_stm32f103xb.o(RESET) refers to stm32f1xx_it.o(i.UsageFault_Handler) for UsageFault_Handler
    startup_stm32f103xb.o(RESET) refers to stm32f1xx_it.o(i.SVC_Handler) for SVC_Handler
    startup_stm32f103xb.o(RESET) refers to stm32f1xx_it.o(i.DebugMon_Handler) for DebugMon_Handler
    startup_stm32f103xb.o(RESET) refers to stm32f1xx_it.o(i.PendSV_Handler) for PendSV_Handler
    startup_stm32f103xb.o(RESET) refers to stm32f1xx_it.o(i.SysTick_Handler) for SysTick_Handler
    startup_stm32f103xb.o(.text) refers to system_stm32f1xx.o(i.SystemInit) for SystemInit
    startup_stm32f103xb.o(.text) refers to entry.o(.ARM.Collect$$$$00000000) for __main
    main.o(i.MX_GPIO_Init) refers to stm32f1xx_hal_gpio.o(i.HAL_GPIO_WritePin) for HAL_GPIO_WritePin
    main.o(i.MX_GPIO_Init) refers to stm32f1xx_hal_gpio.o(i.HAL_GPIO_Init) for HAL_GPIO_Init
    main.o(i.SystemClock_Config) refers to memseta.o(.text) for __aeabi_memclr4
    main.o(i.SystemClock_Config) refers to stm32f1xx_hal_rcc.o(i.HAL_RCC_OscConfig) for HAL_RCC_OscConfig
    main.o(i.SystemClock_Config) refers to main.o(i.Error_Handler) for Error_Handler
    main.o(i.SystemClock_Config) refers to stm32f1xx_hal_rcc.o(i.HAL_RCC_ClockConfig) for HAL_RCC_ClockConfig
    main.o(i.main) refers to stm32f1xx_hal.o(i.HAL_Init) for HAL_Init
    main.o(i.main) refers to main.o(i.SystemClock_Config) for SystemClock_Config
    main.o(i.main) refers to main.o(i.MX_GPIO_Init) for MX_GPIO_Init
    main.o(i.main) refers to task.o(i.Led_Init) for Led_Init
    main.o(i.main) refers to test.o(i.vOledInit) for vOledInit
    main.o(i.main) refers to menu.o(i.vMenuInit) for vMenuInit
    main.o(i.main) refers to test.o(i.vCalcSystemInit) for vCalcSystemInit
    main.o(i.main) refers to task.o(i.Button_Init) for Button_Init
    main.o(i.main) refers to task.o(i.vTask) for vTask
    stm32f1xx_it.o(i.SysTick_Handler) refers to stm32f1xx_hal.o(i.HAL_IncTick) for HAL_IncTick
    stm32f1xx_hal.o(i.HAL_DeInit) refers to stm32f1xx_hal.o(i.HAL_MspDeInit) for HAL_MspDeInit
    stm32f1xx_hal.o(i.HAL_Delay) refers to stm32f1xx_hal.o(i.HAL_GetTick) for HAL_GetTick
    stm32f1xx_hal.o(i.HAL_Delay) refers to stm32f1xx_hal.o(.data) for uwTickFreq
    stm32f1xx_hal.o(i.HAL_GetTick) refers to stm32f1xx_hal.o(.data) for uwTick
    stm32f1xx_hal.o(i.HAL_GetTickFreq) refers to stm32f1xx_hal.o(.data) for uwTickFreq
    stm32f1xx_hal.o(i.HAL_GetTickPrio) refers to stm32f1xx_hal.o(.data) for uwTickPrio
    stm32f1xx_hal.o(i.HAL_IncTick) refers to stm32f1xx_hal.o(.data) for uwTick
    stm32f1xx_hal.o(i.HAL_Init) refers to stm32f1xx_hal_cortex.o(i.HAL_NVIC_SetPriorityGrouping) for HAL_NVIC_SetPriorityGrouping
    stm32f1xx_hal.o(i.HAL_Init) refers to stm32f1xx_hal.o(i.HAL_InitTick) for HAL_InitTick
    stm32f1xx_hal.o(i.HAL_Init) refers to stm32f1xx_hal_msp.o(i.HAL_MspInit) for HAL_MspInit
    stm32f1xx_hal.o(i.HAL_InitTick) refers to stm32f1xx_hal_cortex.o(i.HAL_SYSTICK_Config) for HAL_SYSTICK_Config
    stm32f1xx_hal.o(i.HAL_InitTick) refers to stm32f1xx_hal_cortex.o(i.HAL_NVIC_SetPriority) for HAL_NVIC_SetPriority
    stm32f1xx_hal.o(i.HAL_InitTick) refers to stm32f1xx_hal.o(.data) for uwTickFreq
    stm32f1xx_hal.o(i.HAL_InitTick) refers to system_stm32f1xx.o(.data) for SystemCoreClock
    stm32f1xx_hal.o(i.HAL_SetTickFreq) refers to stm32f1xx_hal.o(i.HAL_InitTick) for HAL_InitTick
    stm32f1xx_hal.o(i.HAL_SetTickFreq) refers to stm32f1xx_hal.o(.data) for uwTickFreq
    stm32f1xx_hal_rcc.o(i.HAL_RCC_ClockConfig) refers to stm32f1xx_hal.o(i.HAL_GetTick) for HAL_GetTick
    stm32f1xx_hal_rcc.o(i.HAL_RCC_ClockConfig) refers to stm32f1xx_hal_rcc.o(i.HAL_RCC_GetSysClockFreq) for HAL_RCC_GetSysClockFreq
    stm32f1xx_hal_rcc.o(i.HAL_RCC_ClockConfig) refers to stm32f1xx_hal.o(i.HAL_InitTick) for HAL_InitTick
    stm32f1xx_hal_rcc.o(i.HAL_RCC_ClockConfig) refers to system_stm32f1xx.o(.constdata) for AHBPrescTable
    stm32f1xx_hal_rcc.o(i.HAL_RCC_ClockConfig) refers to system_stm32f1xx.o(.data) for SystemCoreClock
    stm32f1xx_hal_rcc.o(i.HAL_RCC_ClockConfig) refers to stm32f1xx_hal.o(.data) for uwTickPrio
    stm32f1xx_hal_rcc.o(i.HAL_RCC_DeInit) refers to stm32f1xx_hal.o(i.HAL_GetTick) for HAL_GetTick
[...]
    task.o(i.vMainMenuKeyHandler) refers to menu.o(i.vMenuCancel) for vMenuCancel
    task.o(i.vTask) refers to menu.o(i.emGetCurrentPage) for emGetCurrentPage
    task.o(i.vTask) refers to test.o(i.vTest) for vTest
    task.o(i.vTask) refers to button_mid.o(i.vBtnExecute) for vBtnExecute
    task.o(i.vTask) refers to task.o(i.vMainMenuKeyHandler) for vMainMenuKeyHandler
    task.o(i.vTask) refers to menu.o(i.vCurrentPageShow) for vCurrentPageShow
    menu.o(i.emGetCurrentPage) refers to menu.o(.data) for s_emCurrentPage
    menu.o(i.ucGetMenuSelectedIndex) refers to menu.o(.data) for s_astMenuLines
    menu.o(i.vCurrentPageShow) refers to oled_device.o(i.vOledClearBuffer) for vOledClearBuffer
    menu.o(i.vCurrentPageShow) refers to menu.o(i.vShowMenu) for vShowMenu
    menu.o(i.vCurrentPageShow) refers to menu.o(i.vShowCalculatorMenu) for vShowCalculatorMenu
    menu.o(i.vCurrentPageShow) refers to menu.o(i.vShowLEDMenu) for vShowLEDMenu
    menu.o(i.vCurrentPageShow) refers to oled_device.o(i.vOledRefreshFromBuffer) for vOledRefreshFromBuffer
    menu.o(i.vCurrentPageShow) refers to menu.o(.data) for s_emCurrentPage
    menu.o(i.vMenuCancel) refers to menu.o(.data) for s_emCurrentPage
    menu.o(i.vMenuEnter) refers to menu.o(i.ucGetMenuSelectedIndex) for ucGetMenuSelectedIndex
    menu.o(i.vMenuEnter) refers to oled_device.o(i.vOledClearBuffer) for vOledClearBuffer
    menu.o(i.vMenuEnter) refers to test.o(i.vCalcSystemInit) for vCalcSystemInit
    menu.o(i.vMenuEnter) refers to menu.o(.data) for s_emCurrentPage
    menu.o(i.vMenuInit) refers to menu.o(.data) for s_astMenuLines
    menu.o(i.vMenuSelectDown) refers to menu.o(i.ucGetMenuSelectedIndex) for ucGetMenuSelectedIndex
    menu.o(i.vMenuSelectDown) refers to menu.o(.data) for s_astMenuLines
    menu.o(i.vMenuSelectUp) refers to menu.o(i.ucGetMenuSelectedIndex) for ucGetMenuSelectedIndex
    menu.o(i.vMenuSelectUp) refers to menu.o(.data) for s_astMenuLines
    menu.o(i.vShowLEDMenu) refers to ui_button.o(i.vShowUibuttonTextAll) for vShowUibuttonTextAll
    menu.o(i.vShowLEDMenu) refers to ui_text.o(i.vShowSingleLineAll) for vShowSingleLineAll
    menu.o(i.vShowLEDMenu) refers to ui_button.o(i.vShowNumberSelectorAll) for vShowNumberSelectorAll
    menu.o(i.vShowLEDMenu) refers to ui_button.o(i.vBtnScanAndExecute) for vBtnScanAndExecute
    menu.o(i.vShowMenu) refers to menu.o(i.vShowMenuTextAll) for vShowMenuTextAll
    menu.o(i.vShowMenuTextAll) refers to oled_device.o(i.vOledWriteOneCharToBuffer) for vOledWriteOneCharToBuffer
    menu.o(i.vShowMenuTextAll) refers to oled_device.o(i.vOledWriteStringToBuffer) for vOledWriteStringToBuffer
    menu.o(i.vShowMenuTextAll) refers to menu.o(.data) for s_ucWindowStart
    ui_button.o(i.ucGetUibuttonSelectedIndex) refers to ui_button.o(.data) for s_astUibuttons
    ui_button.o(i.vBtnScanAndExecute) refers to ui_button.o(i.emUibuttonTriggerStuScan) for emUibuttonTriggerStuScan
    ui_button.o(i.vBtnScanAndExecute) refers to ui_button.o(.data) for s_astUibuttons
    ui_button.o(i.vButtonCallback_Off) refers to led_device.o(i.vLed_Off) for vLed_Off
    ui_button.o(i.vButtonCallback_On) refers to led_device.o(i.vLed_On) for vLed_On
    ui_button.o(i.vButtonCallback_Turn) refers to led_device.o(i.vLed_Turn) for vLed_Turn
    ui_button.o(i.vShowNumberSelectorAll) refers to oled_device.o(i.vOledWriteOneCharToBuffer) for vOledWriteOneCharToBuffer
    ui_button.o(i.vShowNumberSelectorAll) refers to oled_device.o(i.vOledDrawRectangle) for vOledDrawRectangle
    ui_button.o(i.vShowNumberSelectorAll) refers to ui_button.o(.data) for s_stNumberSelector
    ui_button.o(i.vShowUibuttonTextAll) refers to oled_device.o(i.vOledDrawArrow) for vOledDrawArrow
    ui_button.o(i.vShowUibuttonTextAll) refers to strlen.o(.text) for strlen
    ui_button.o(i.vShowUibuttonTextAll) refers to oled_device.o(i.vOledDrawRectangle) for vOledDrawRectangle
    ui_button.o(i.vShowUibuttonTextAll) refers to oled_device.o(i.vOledWriteStringToBuffer) for vOledWriteStringToBuffer
    ui_button.o(i.vShowUibuttonTextAll) refers to ui_button.o(.data) for s_astUibuttons
    ui_button.o(i.vUibuttonCancel) refers to ui_button.o(i.ucGetUibuttonSelectedIndex) for ucGetUibuttonSelectedIndex
    ui_button.o(i.vUibuttonEnter) refers to ui_button.o(i.ucGetUibuttonSelectedIndex) for ucGetUibuttonSelectedIndex
    ui_button.o(i.vUibuttonEnter) refers to ui_button.o(.data) for s_astUibuttons
    ui_button.o(i.vUibuttonSelectDown) refers to ui_button.o(i.ucGetUibuttonSelectedIndex) for ucGetUibuttonSelectedIndex
    ui_button.o(i.vUibuttonSelectDown) refers to ui_button.o(.data) for s_astUibuttons
    ui_button.o(i.vUibuttonSelectUp) refers to ui_button.o(i.ucGetUibuttonSelectedIndex) for ucGetUibuttonSelectedIndex
    ui_button.o(i.vUibuttonSelectUp) refers to ui_button.o(.data) for s_astUibuttons
    ui_button.o(.data) refers to ui_button.o(i.vButtonCallback_On) for vButtonCallback_On
    ui_button.o(.data) refers to ui_button.o(i.vButtonCallback_Off) for vButtonCallback_Off
    ui_button.o(.data) refers to ui_button.o(i.vButtonCallback_Turn) for vButtonCallback_Turn
    ui_text.o(i.vShowSingleLineAll) refers to oled_device.o(i.vOledWriteStringToBuffer) for vOledWriteStringToBuffer
    ui_text.o(i.vShowSingleLineAll) refers to ui_text.o(.data) for s_astTextLines
    button_mid.o(i.vBtnEventClear) refers to botton.o(i.vBtnSetCurEvent) for vBtnSetCurEvent
    button_mid.o(i.vBtnEventClear) refers to botton.o(i.vBtnSetucDoubleWait) for vBtnSetucDoubleWait
    button_mid.o(i.vBtnEventClear) refers to botton.o(i.vBtnSetClickTick) for vBtnSetClickTick
    button_mid.o(i.vBtnEventClear) refers to botton.o(i.vBtnSetPressTick) for vBtnSetPressTick
    button_mid.o(i.vBtnEventUpdata) refers to stm32f1xx_hal.o(i.HAL_GetTick) for HAL_GetTick
    button_mid.o(i.vBtnEventUpdata) refers to botton.o(i.emBtnGetCurStatus) for emBtnGetCurStatus
    button_mid.o(i.vBtnEventUpdata) refers to botton.o(i.emBtnGetLastStatus) for emBtnGetLastStatus
    button_mid.o(i.vBtnEventUpdata) refers to botton.o(i.emBtnGetCurEvent) for emBtnGetCurEvent
    button_mid.o(i.vBtnEventUpdata) refers to botton.o(i.vBtnSetLastStatus) for vBtnSetLastStatus
    button_mid.o(i.vBtnEventUpdata) refers to botton.o(i.vBtnSetPressTick) for vBtnSetPressTick
    button_mid.o(i.vBtnEventUpdata) refers to botton.o(i.ucBtnGetucDoubleWait) for ucBtnGetucDoubleWait
    button_mid.o(i.vBtnEventUpdata) refers to botton.o(i.ulBtnGetClickTick) for ulBtnGetClickTick
    button_mid.o(i.vBtnEventUpdata) refers to botton.o(i.ulBtnGetDoubleClickCntTh) for ulBtnGetDoubleClickCntTh
    button_mid.o(i.vBtnEventUpdata) refers to botton.o(i.vBtnSetCurEvent) for vBtnSetCurEvent
    button_mid.o(i.vBtnEventUpdata) refers to botton.o(i.vBtnSetucDoubleWait) for vBtnSetucDoubleWait
    button_mid.o(i.vBtnEventUpdata) refers to botton.o(i.vBtnSetClickTick) for vBtnSetClickTick
    button_mid.o(i.vBtnEventUpdata) refers to botton.o(i.ulBtnGetPressTick) for ulBtnGetPressTick
    button_mid.o(i.vBtnEventUpdata) refers to botton.o(i.ulBtnGetLongPressCntTh) for ulBtnGetLongPressCntTh
    button_mid.o(i.vBtnEventUpdata) refers to botton.o(i.ulBtnGetDeCntTh) for ulBtnGetDeCntTh
    button_mid.o(i.vBtnExecute) refers to botton.o(i.vBtnStatusUpdata) for vBtnStatusUpdata
    button_mid.o(i.vBtnExecute) refers to button_mid.o(i.vBtnEventUpdata) for vBtnEventUpdata
    entry.o(.ARM.Collect$$$$00000000) refers (Special) to entry10a.o(.ARM.Collect$$$$0000000D) for __rt_final_cpp
    entry.o(.ARM.Collect$$$$00000000) refers (Special) to entry11a.o(.ARM.Collect$$$$0000000F) for __rt_final_exit
    entry.o(.ARM.Collect$$$$00000000) refers (Special) to entry7b.o(.ARM.Collect$$$$00000008) for _main_clock
    entry.o(.ARM.Collect$$$$00000000) refers (Special) to entry8b.o(.ARM.Collect$$$$0000000A) for _main_cpp_init
    entry.o(.ARM.Collect$$$$00000000) refers (Special) to entry9a.o(.ARM.Collect$$$$0000000B) for _main_init
    entry.o(.ARM.Collect$$$$00000000) refers (Special) to entry5.o(.ARM.Collect$$$$00000004) for _main_scatterload
    entry.o(.ARM.Collect$$$$00000000) refers (Special) to entry2.o(.ARM.Collect$$$$00000001) for _main_stk
    entry2.o(.ARM.Collect$$$$00000001) refers to entry2.o(.ARM.Collect$$$$00002712) for __lit__00000000
    entry2.o(.ARM.Collect$$$$00002712) refers to startup_stm32f103xb.o(STACK) for __initial_sp
    entry2.o(__vectab_stack_and_reset_area) refers to startup_stm32f103xb.o(STACK) for __initial_sp
    entry2.o(__vectab_stack_and_reset_area) refers to entry.o(.ARM.Collect$$$$00000000) for __main
    entry5.o(.ARM.Collect$$$$00000004) refers to init.o(.text) for __scatterload
    entry9a.o(.ARM.Collect$$$$0000000B) refers to main.o(i.main) for main
    entry9b.o(.ARM.Collect$$$$0000000C) refers to main.o(i.main) for main
    init.o(.text) refers to entry5.o(.ARM.Collect$$$$00000004) for __main_after_scatterload


==============================================================================

Removing Unused input sections from the image.

    Removing startup_stm32f103xb.o(HEAP), (512 bytes).
    Removing main.o(.rev16_text), (4 bytes).
    Removing main.o(.revsh_text), (4 bytes).
    Removing main.o(.rrx_text), (6 bytes).
    Removing stm32f1xx_it.o(.rev16_text), (4 bytes).
    Removing stm32f1xx_it.o(.revsh_text), (4 bytes).
    Removing stm32f1xx_it.o(.rrx_text), (6 bytes).
    Removing stm32f1xx_hal_msp.o(.rev16_text), (4 bytes).
    Removing stm32f1xx_hal_msp.o(.revsh_text), (4 bytes).
    Removing stm32f1xx_hal_msp.o(.rrx_text), (6 bytes).
    Removing stm32f1xx_hal_gpio_ex.o(.rev16_text), (4 bytes).
    Removing stm32f1xx_hal_gpio_ex.o(.revsh_text), (4 bytes).
    Removing stm32f1xx_hal_gpio_ex.o(.rrx_text), (6 bytes).
    Removing stm32f1xx_hal_gpio_ex.o(i.HAL_GPIOEx_ConfigEventout), (24 bytes).
    Removing stm32f1xx_hal_gpio_ex.o(i.HAL_GPIOEx_DisableEventout), (20 bytes).
    Removing stm32f1xx_hal_gpio_ex.o(i.HAL_GPIOEx_EnableEventout), (20 bytes).
    Removing stm32f1xx_hal.o(.rev16_text), (4 bytes).
    Removing stm32f1xx_hal.o(.revsh_text), (4 bytes).
    Removing stm32f1xx_hal.o(.rrx_text), (6 bytes).
    Removing stm32f1xx_hal.o(i.HAL_DBGMCU_DisableDBGSleepMode), (20 bytes).
    Removing stm32f1xx_hal.o(i.HAL_DBGMCU_DisableDBGStandbyMode), (20 bytes).
    Removing stm32f1xx_hal.o(i.HAL_DBGMCU_DisableDBGStopMode), (20 bytes).
    Removing stm32f1xx_hal.o(i.HAL_DBGMCU_EnableDBGSleepMode), (20 bytes).
    Removing stm32f1xx_hal.o(i.HAL_DBGMCU_EnableDBGStandbyMode), (20 bytes).
    Removing stm32f1xx_hal.o(i.HAL_DBGMCU_EnableDBGStopMode), (20 bytes).
    Removing stm32f1xx_hal.o(i.HAL_DeInit), (36 bytes).
    Removing stm32f1xx_hal.o(i.HAL_Delay), (40 bytes).
    Removing stm32f1xx_hal.o(i.HAL_GetDEVID), (16 bytes).
    Removing stm32f1xx_hal.o(i.HAL_GetHalVersion), (8 bytes).
    Removing stm32f1xx_hal.o(i.HAL_GetREVID), (12 bytes).
    Removing stm32f1xx_hal.o(i.HAL_GetTickFreq), (12 bytes).
    Removing stm32f1xx_hal.o(i.HAL_GetTickPrio), (12 bytes).
    Removing stm32f1xx_hal.o(i.HAL_GetUIDw0), (12 bytes).
    Removing stm32f1xx_hal.o(i.HAL_GetUIDw1), (12 bytes).
    Removing stm32f1xx_hal.o(i.HAL_GetUIDw2), (12 bytes).
    Removing stm32f1xx_hal.o(i.HAL_MspDeInit), (2 bytes).
    Removing stm32f1xx_hal.o(i.HAL_MspInit), (2 bytes).
    Removing stm32f1xx_hal.o(i.HAL_ResumeTick), (18 bytes).
    Removing stm32f1xx_hal.o(i.HAL_SetTickFreq), (48 bytes).
    Removing stm32f1xx_hal.o(i.HAL_SuspendTick), (18 bytes).
    Removing stm32f1xx_hal_rcc.o(.rev16_text), (4 bytes).
    Removing stm32f1xx_hal_rcc.o(.revsh_text), (4 bytes).
    Removing stm32f1xx_hal_rcc.o(.rrx_text), (6 bytes).
    Removing stm32f1xx_hal_rcc.o(i.HAL_RCC_CSSCallback), (2 bytes).
    Removing stm32f1xx_hal_rcc.o(i.HAL_RCC_DeInit), (272 bytes).
    Removing stm32f1xx_hal_rcc.o(i.HAL_RCC_DisableCSS), (12 bytes).
    Removing stm32f1xx_hal_rcc.o(i.HAL_RCC_EnableCSS), (12 bytes).
    Removing stm32f1xx_hal_rcc.o(i.HAL_RCC_GetClockConfig), (68 bytes).
    Removing stm32f1xx_hal_rcc.o(i.HAL_RCC_GetHCLKFreq), (12 bytes).
    Removing stm32f1xx_hal_rcc.o(i.HAL_RCC_GetOscConfig), (200 bytes).
    Removing stm32f1xx_hal_rcc.o(i.HAL_RCC_GetPCLK1Freq), (32 bytes).
    Removing stm32f1xx_hal_rcc.o(i.HAL_RCC_GetPCLK2Freq), (32 bytes).
    Removing stm32f1xx_hal_rcc.o(i.HAL_RCC_MCOConfig), (100 bytes).
    Removing stm32f1xx_hal_rcc.o(i.HAL_RCC_NMI_IRQHandler), (32 bytes).
    Removing stm32f1xx_hal_rcc_ex.o(.rev16_text), (4 bytes).
    Removing stm32f1xx_hal_rcc_ex.o(.revsh_text), (4 bytes).
    Removing stm32f1xx_hal_rcc_ex.o(.rrx_text), (6 bytes).
    Removing stm32f1xx_hal_rcc_ex.o(i.HAL_RCCEx_GetPeriphCLKConfig), (60 bytes).
    Removing stm32f1xx_hal_rcc_ex.o(i.HAL_RCCEx_GetPeriphCLKFreq), (252 bytes).
    Removing stm32f1xx_hal_rcc_ex.o(i.HAL_RCCEx_PeriphCLKConfig), (304 bytes).
    Removing stm32f1xx_hal_rcc_ex.o(.constdata), (18 bytes).
    Removing stm32f1xx_hal_gpio.o(.rev16_text), (4 bytes).
    Removing stm32f1xx_hal_gpio.o(.revsh_text), (4 bytes).
    Removing stm32f1xx_hal_gpio.o(.rrx_text), (6 bytes).
    Removing stm32f1xx_hal_gpio.o(i.HAL_GPIO_DeInit), (308 bytes).
    Removing stm32f1xx_hal_gpio.o(i.HAL_GPIO_EXTI_Callback), (2 bytes).
    Removing stm32f1xx_hal_gpio.o(i.HAL_GPIO_EXTI_IRQHandler), (28 bytes).
    Removing stm32f1xx_hal_gpio.o(i.HAL_GPIO_LockPin), (46 bytes).
    Removing stm32f1xx_hal_gpio.o(i.HAL_GPIO_TogglePin), (20 bytes).
    Removing stm32f1xx_hal_dma.o(.rev16_text), (4 bytes).
    Removing stm32f1xx_hal_dma.o(.revsh_text), (4 bytes).
    Removing stm32f1xx_hal_dma.o(.rrx_text), (6 bytes).
    Removing stm32f1xx_hal_dma.o(i.DMA_SetConfig), (44 bytes).
    Removing stm32f1xx_hal_dma.o(i.HAL_DMA_Abort), (86 bytes).
    Removing stm32f1xx_hal_dma.o(i.HAL_DMA_Abort_IT), (176 bytes).
    Removing stm32f1xx_hal_dma.o(i.HAL_DMA_DeInit), (104 bytes).
    Removing stm32f1xx_hal_dma.o(i.HAL_DMA_GetError), (6 bytes).
    Removing stm32f1xx_hal_dma.o(i.HAL_DMA_GetState), (8 bytes).
    Removing stm32f1xx_hal_dma.o(i.HAL_DMA_IRQHandler), (412 bytes).
    Removing stm32f1xx_hal_dma.o(i.HAL_DMA_Init), (104 bytes).
    Removing stm32f1xx_hal_dma.o(i.HAL_DMA_PollForTransfer), (692 bytes).
    Removing stm32f1xx_hal_dma.o(i.HAL_DMA_RegisterCallback), (90 bytes).
    Removing stm32f1xx_hal_dma.o(i.HAL_DMA_Start), (114 bytes).
    Removing stm32f1xx_hal_dma.o(i.HAL_DMA_Start_IT), (156 bytes).
    Removing stm32f1xx_hal_dma.o(i.HAL_DMA_UnRegisterCallback), (106 bytes).
    Removing stm32f1xx_hal_cortex.o(.rev16_text), (4 bytes).
    Removing stm32f1xx_hal_cortex.o(.revsh_text), (4 bytes).
    Removing stm32f1xx_hal_cortex.o(.rrx_text), (6 bytes).
    Removing stm32f1xx_hal_cortex.o(i.HAL_NVIC_ClearPendingIRQ), (36 bytes).
    Removing stm32f1xx_hal_cortex.o(i.HAL_NVIC_DisableIRQ), (68 bytes).
    Removing stm32f1xx_hal_cortex.o(i.HAL_NVIC_EnableIRQ), (32 bytes).
    Removing stm32f1xx_hal_cortex.o(i.HAL_NVIC_GetActive), (48 bytes).
    Removing stm32f1xx_hal_cortex.o(i.HAL_NVIC_GetPendingIRQ), (48 bytes).
    Removing stm32f1xx_hal_cortex.o(i.HAL_NVIC_GetPriority), (148 bytes).
    Removing stm32f1xx_hal_cortex.o(i.HAL_NVIC_GetPriorityGrouping), (8 bytes).
    Removing stm32f1xx_hal_cortex.o(i.HAL_NVIC_SetPendingIRQ), (36 bytes).
    Removing stm32f1xx_hal_cortex.o(i.HAL_NVIC_SystemReset), (68 bytes).
    Removing stm32f1xx_hal_cortex.o(i.HAL_SYSTICK_CLKSourceConfig), (40 bytes).
    Removing stm32f1xx_hal_cortex.o(i.HAL_SYSTICK_Callback), (2 bytes).
    Removing stm32f1xx_hal_cortex.o(i.HAL_SYSTICK_IRQHandler), (8 bytes).
    Removing stm32f1xx_hal_pwr.o(.rev16_text), (4 bytes).
    Removing stm32f1xx_hal_pwr.o(.revsh_text), (4 bytes).
    Removing stm32f1xx_hal_pwr.o(.rrx_text), (6 bytes).
    Removing stm32f1xx_hal_pwr.o(i.HAL_PWR_ConfigPVD), (180 bytes).
    Removing stm32f1xx_hal_pwr.o(i.HAL_PWR_DeInit), (28 bytes).
    Removing stm32f1xx_hal_pwr.o(i.HAL_PWR_DisableBkUpAccess), (12 bytes).
    Removing stm32f1xx_hal_pwr.o(i.HAL_PWR_DisablePVD), (12 bytes).
    Removing stm32f1xx_hal_pwr.o(i.HAL_PWR_DisableSEVOnPend), (20 bytes).
    Removing stm32f1xx_hal_pwr.o(i.HAL_PWR_DisableSleepOnExit), (20 bytes).
    Removing stm32f1xx_hal_pwr.o(i.HAL_PWR_DisableWakeUpPin), (28 bytes).
    Removing stm32f1xx_hal_pwr.o(i.HAL_PWR_EnableBkUpAccess), (12 bytes).
    Removing stm32f1xx_hal_pwr.o(i.HAL_PWR_EnablePVD), (12 bytes).
    Removing stm32f1xx_hal_pwr.o(i.HAL_PWR_EnableSEVOnPend), (20 bytes).
    Removing stm32f1xx_hal_pwr.o(i.HAL_PWR_EnableSleepOnExit), (20 bytes).
    Removing stm32f1xx_hal_pwr.o(i.HAL_PWR_EnableWakeUpPin), (28 bytes).
    Removing stm32f1xx_hal_pwr.o(i.HAL_PWR_EnterSLEEPMode), (32 bytes).
    Removing stm32f1xx_hal_pwr.o(i.HAL_PWR_EnterSTANDBYMode), (40 bytes).
    Removing stm32f1xx_hal_pwr.o(i.HAL_PWR_EnterSTOPMode), (84 bytes).
    Removing stm32f1xx_hal_pwr.o(i.HAL_PWR_PVDCallback), (2 bytes).
    Removing stm32f1xx_hal_pwr.o(i.HAL_PWR_PVD_IRQHandler), (32 bytes).
    Removing stm32f1xx_hal_pwr.o(i.PWR_OverloadWfe), (6 bytes).
    Removing stm32f1xx_hal_flash.o(.rev16_text), (4 bytes).
    Removing stm32f1xx_hal_flash.o(.revsh_text), (4 bytes).
    Removing stm32f1xx_hal_flash.o(.rrx_text), (6 bytes).
    Removing stm32f1xx_hal_flash.o(i.FLASH_Program_HalfWord), (32 bytes).
    Removing stm32f1xx_hal_flash.o(i.FLASH_SetErrorCode), (132 bytes).
    Removing stm32f1xx_hal_flash.o(i.FLASH_WaitForLastOperation), (112 bytes).
    Removing stm32f1xx_hal_flash.o(i.HAL_FLASH_EndOfOperationCallback), (2 bytes).
    Removing stm32f1xx_hal_flash.o(i.HAL_FLASH_GetError), (12 bytes).
    Removing stm32f1xx_hal_flash.o(i.HAL_FLASH_IRQHandler), (376 bytes).
    Removing stm32f1xx_hal_flash.o(i.HAL_FLASH_Lock), (20 bytes).
    Removing stm32f1xx_hal_flash.o(i.HAL_FLASH_OB_Launch), (8 bytes).
    Removing stm32f1xx_hal_flash.o(i.HAL_FLASH_OB_Lock), (20 bytes).
    Removing stm32f1xx_hal_flash.o(i.HAL_FLASH_OB_Unlock), (44 bytes).
    Removing stm32f1xx_hal_flash.o(i.HAL_FLASH_OperationErrorCallback), (2 bytes).
    Removing stm32f1xx_hal_flash.o(i.HAL_FLASH_Program), (176 bytes).
    Removing stm32f1xx_hal_flash.o(i.HAL_FLASH_Program_IT), (100 bytes).
    Removing stm32f1xx_hal_flash.o(i.HAL_FLASH_Unlock), (48 bytes).
    Removing stm32f1xx_hal_flash.o(.bss), (32 bytes).
    Removing stm32f1xx_hal_flash_ex.o(.rev16_text), (4 bytes).
    Removing stm32f1xx_hal_flash_ex.o(.revsh_text), (4 bytes).
    Removing stm32f1xx_hal_flash_ex.o(.rrx_text), (6 bytes).
    Removing stm32f1xx_hal_flash_ex.o(i.FLASH_MassErase), (40 bytes).
    Removing stm32f1xx_hal_flash_ex.o(i.FLASH_OB_DisableWRP), (232 bytes).
    Removing stm32f1xx_hal_flash_ex.o(i.FLASH_OB_EnableWRP), (236 bytes).
    Removing stm32f1xx_hal_flash_ex.o(i.FLASH_OB_GetRDP), (28 bytes).
    Removing stm32f1xx_hal_flash_ex.o(i.FLASH_OB_GetUser), (16 bytes).
    Removing stm32f1xx_hal_flash_ex.o(i.FLASH_OB_GetWRP), (12 bytes).
    Removing stm32f1xx_hal_flash_ex.o(i.FLASH_OB_ProgramData), (76 bytes).
    Removing stm32f1xx_hal_flash_ex.o(i.FLASH_OB_RDP_LevelConfig), (124 bytes).
    Removing stm32f1xx_hal_flash_ex.o(i.FLASH_OB_UserConfig), (84 bytes).
    Removing stm32f1xx_hal_flash_ex.o(i.FLASH_PageErase), (40 bytes).
    Removing stm32f1xx_hal_flash_ex.o(i.HAL_FLASHEx_Erase), (176 bytes).
    Removing stm32f1xx_hal_flash_ex.o(i.HAL_FLASHEx_Erase_IT), (80 bytes).
    Removing stm32f1xx_hal_flash_ex.o(i.HAL_FLASHEx_OBErase), (96 bytes).
    Removing stm32f1xx_hal_flash_ex.o(i.HAL_FLASHEx_OBGetConfig), (28 bytes).
    Removing stm32f1xx_hal_flash_ex.o(i.HAL_FLASHEx_OBGetUserData), (40 bytes).
    Removing stm32f1xx_hal_flash_ex.o(i.HAL_FLASHEx_OBProgram), (200 bytes).
    Removing stm32f1xx_hal_exti.o(.rev16_text), (4 bytes).
    Removing stm32f1xx_hal_exti.o(.revsh_text), (4 bytes).
    Removing stm32f1xx_hal_exti.o(.rrx_text), (6 bytes).
    Removing stm32f1xx_hal_exti.o(i.HAL_EXTI_ClearConfigLine), (120 bytes).
    Removing stm32f1xx_hal_exti.o(i.HAL_EXTI_ClearPending), (28 bytes).
    Removing stm32f1xx_hal_exti.o(i.HAL_EXTI_GenerateSWI), (24 bytes).
    Removing stm32f1xx_hal_exti.o(i.HAL_EXTI_GetConfigLine), (156 bytes).
    Removing stm32f1xx_hal_exti.o(i.HAL_EXTI_GetHandle), (14 bytes).
    Removing stm32f1xx_hal_exti.o(i.HAL_EXTI_GetPending), (36 bytes).
    Removing stm32f1xx_hal_exti.o(i.HAL_EXTI_IRQHandler), (44 bytes).
    Removing stm32f1xx_hal_exti.o(i.HAL_EXTI_RegisterCallback), (20 bytes).
    Removing stm32f1xx_hal_exti.o(i.HAL_EXTI_SetConfigLine), (240 bytes).
    Removing system_stm32f1xx.o(.rev16_text), (4 bytes).
    Removing system_stm32f1xx.o(.revsh_text), (4 bytes).
    Removing system_stm32f1xx.o(.rrx_text), (6 bytes).
    Removing system_stm32f1xx.o(i.SystemCoreClockUpdate), (164 bytes).
    Removing oled_device.o(.rev16_text), (4 bytes).
    Removing oled_device.o(.revsh_text), (4 bytes).
    Removing oled_device.o(.rrx_text), (6 bytes).
    Removing oled_device.o(i.c_pstGetOledDeviceParam), (20 bytes).
    Removing oled_device.o(i.vOledDeviceRunningParamInit), (36 bytes).
    Removing keypad4_4.o(.rev16_text), (4 bytes).
    Removing keypad4_4.o(.revsh_text), (4 bytes).
    Removing keypad4_4.o(.rrx_text), (6 bytes).
    Removing led_device.o(.rev16_text), (4 bytes).
    Removing led_device.o(.revsh_text), (4 bytes).
    Removing led_device.o(.rrx_text), (6 bytes).
    Removing botton.o(.rev16_text), (4 bytes).
    Removing botton.o(.revsh_text), (4 bytes).
    Removing botton.o(.rrx_text), (6 bytes).
    Removing botton.o(i.c_pstGetBtnRunningParam), (20 bytes).
    Removing test.o(.rev16_text), (4 bytes).
    Removing test.o(.revsh_text), (4 bytes).
    Removing test.o(.rrx_text), (6 bytes).
    Removing test.o(i.lStringToInt32), (62 bytes).
    Removing task.o(.rev16_text), (4 bytes).
    Removing task.o(.revsh_text), (4 bytes).
    Removing task.o(.rrx_text), (6 bytes).
    Removing menu.o(.rev16_text), (4 bytes).
    Removing menu.o(.revsh_text), (4 bytes).
    Removing menu.o(.rrx_text), (6 bytes).
    Removing ui_button.o(.rev16_text), (4 bytes).
    Removing ui_button.o(.revsh_text), (4 bytes).
    Removing ui_button.o(.rrx_text), (6 bytes).
    Removing ui_button.o(i.vUibuttonCancel), (10 bytes).
    Removing ui_text.o(.rev16_text), (4 bytes).
    Removing ui_text.o(.revsh_text), (4 bytes).
    Removing ui_text.o(.rrx_text), (6 bytes).
    Removing button_mid.o(.rev16_text), (4 bytes).
    Removing button_mid.o(.revsh_text), (4 bytes).
    Removing button_mid.o(.rrx_text), (6 bytes).

209 unused section(s) (total 9964 bytes) removed from the image.

==============================================================================

Image Symbol Table

    Local Symbols

    Symbol Name                              Value     Ov Type        Size  Object(Section)

    ../Core/Src/main.c                       0x00000000   Number         0  main.o ABSOLUTE
    ../Core/Src/stm32f1xx_hal_msp.c          0x00000000   Number         0  stm32f1xx_hal_msp.o ABSOLUTE
    ../Core/Src/stm32f1xx_it.c               0x00000000   Number         0  stm32f1xx_it.o ABSOLUTE
    ../Core/Src/system_stm32f1xx.c           0x00000000   Number         0  system_stm32f1xx.o ABSOLUTE
    ../Drivers/STM32F1xx_HAL_Driver/Src/stm32f1xx_hal.c 0x00000000   Number         0  stm32f1xx_hal.o ABSOLUTE
    ../Drivers/STM32F1xx_HAL_Driver/Src/stm32f1xx_hal_cortex.c 0x00000000   Number         0  stm32f1xx_hal_cortex.o ABSOLUTE
    ../Drivers/STM32F1xx_HAL_Driver/Src/stm32f1xx_hal_dma.c 0x00000000   Number         0  stm32f1xx_hal_dma.o ABSOLUTE
    ../Drivers/STM32F1xx_HAL_Driver/Src/stm32f1xx_hal_exti.c 0x00000000   Number         0  stm32f1xx_hal_exti.o ABSOLUTE
    ../Drivers/STM32F1xx_HAL_Driver/Src/stm32f1xx_hal_flash.c 0x00000000   Number         0  stm32f1xx_hal_flash.o ABSOLUTE
    ../Drivers/STM32F1xx_HAL_Driver/Src/stm32f1xx_hal_flash_ex.c 0x00000000   Number         0  stm32f1xx_hal_flash_ex.o ABSOLUTE
    ../Drivers/STM32F1xx_HAL_Driver/Src/stm32f1xx_hal_gpio.c 0x00000000   Number         0  stm32f1xx_hal_gpio.o ABSOLUTE
    ../Drivers/STM32F1xx_HAL_Driver/Src/stm32f1xx_hal_gpio_ex.c 0x00000000   Number         0  stm32f1xx_hal_gpio_ex.o ABSOLUTE
    ../Drivers/STM32F1xx_HAL_Driver/Src/stm32f1xx_hal_pwr.c 0x00000000   Number         0  stm32f1xx_hal_pwr.o ABSOLUTE
    ../Drivers/STM32F1xx_HAL_Driver/Src/stm32f1xx_hal_rcc.c 0x00000000   Number         0  stm32f1xx_hal_rcc.o ABSOLUTE
    ../Drivers/STM32F1xx_HAL_Driver/Src/stm32f1xx_hal_rcc_ex.c 0x00000000   Number         0  stm32f1xx_hal_rcc_ex.o ABSOLUTE
    ../clib/../cmprslib/zerorunl2.c          0x00000000   Number         0  __dczerorl2.o ABSOLUTE
    ../clib/microlib/init/entry.s            0x00000000   Number         0  entry11b.o ABSOLUTE
    ../clib/microlib/init/entry.s            0x00000000   Number         0  entry7b.o ABSOLUTE
    ../clib/microlib/init/entry.s            0x00000000   Number         0  entry11a.o ABSOLUTE
    ../clib/microlib/init/entry.s            0x00000000   Number         0  entry10b.o ABSOLUTE
    ../clib/microlib/init/entry.s            0x00000000   Number         0  entry10a.o ABSOLUTE
    ../clib/microlib/init/entry.s            0x00000000   Number         0  entry9b.o ABSOLUTE
    ../clib/microlib/init/entry.s            0x00000000   Number         0  entry9a.o ABSOLUTE
    ../clib/microlib/init/entry.s            0x00000000   Number         0  entry.o ABSOLUTE
    ../clib/microlib/init/entry.s            0x00000000   Number         0  entry7a.o ABSOLUTE
    ../clib/microlib/init/entry.s            0x00000000   Number         0  entry8a.o ABSOLUTE
    ../clib/microlib/init/entry.s            0x00000000   Number         0  entry5.o ABSOLUTE
    ../clib/microlib/init/entry.s            0x00000000   Number         0  entry2.o ABSOLUTE
    ../clib/microlib/init/entry.s            0x00000000   Number         0  entry8b.o ABSOLUTE
    ../clib/microlib/longlong.c              0x00000000   Number         0  llushr.o ABSOLUTE
    ../clib/microlib/string/memcpy.c         0x00000000   Number         0  memcpyb.o ABSOLUTE
    ../clib/microlib/string/memcpy.c         0x00000000   Number         0  memcpya.o ABSOLUTE
    ../clib/microlib/string/memset.c         0x00000000   Number         0  memseta.o ABSOLUTE
    ../clib/microlib/string/strlen.c         0x00000000   Number         0  strlen.o ABSOLUTE
    ..\Core\Src\main.c                       0x00000000   Number         0  main.o ABSOLUTE
    ..\Core\Src\stm32f1xx_hal_msp.c          0x00000000   Number         0  stm32f1xx_hal_msp.o ABSOLUTE
    ..\Core\Src\stm32f1xx_it.c               0x00000000   Number         0  stm32f1xx_it.o ABSOLUTE
    ..\Core\Src\system_stm32f1xx.c           0x00000000   Number         0  system_stm32f1xx.o ABSOLUTE
    ..\Drivers\STM32F1xx_HAL_Driver\Src\stm32f1xx_hal.c 0x00000000   Number         0  stm32f1xx_hal.o ABSOLUTE
    ..\Drivers\STM32F1xx_HAL_Driver\Src\stm32f1xx_hal_cortex.c 0x00000000   Number         0  stm32f1xx_hal_cortex.o ABSOLUTE
    ..\Drivers\STM32F1xx_HAL_Driver\Src\stm32f1xx_hal_dma.c 0x00000000   Number         0  stm32f1xx_hal_dma.o ABSOLUTE
    ..\Drivers\STM32F1xx_HAL_Driver\Src\stm32f1xx_hal_exti.c 0x00000000   Number         0  stm32f1xx_hal_exti.o ABSOLUTE
    ..\Drivers\STM32F1xx_HAL_Driver\Src\stm32f1xx_hal_flash.c 0x00000000   Number         0  stm32f1xx_hal_flash.o ABSOLUTE
    ..\Drivers\STM32F1xx_HAL_Driver\Src\stm32f1xx_hal_flash_ex.c 0x00000000   Number         0  stm32f1xx_hal_flash_ex.o ABSOLUTE
    ..\Drivers\STM32F1xx_HAL_Driver\Src\stm32f1xx_hal_gpio.c 0x00000000   Number         0  stm32f1xx_hal_gpio.o ABSOLUTE
    ..\Drivers\STM32F1xx_HAL_Driver\Src\stm32f1xx_hal_gpio_ex.c 0x00000000   Number         0  stm32f1xx_hal_gpio_ex.o ABSOLUTE
    ..\Drivers\STM32F1xx_HAL_Driver\Src\stm32f1xx_hal_pwr.c 0x00000000   Number         0  stm32f1xx_hal_pwr.o ABSOLUTE
    ..\Drivers\STM32F1xx_HAL_Driver\Src\stm32f1xx_hal_rcc.c 0x00000000   Number         0  stm32f1xx_hal_rcc.o ABSOLUTE
    ..\Drivers\STM32F1xx_HAL_Driver\Src\stm32f1xx_hal_rcc_ex.c 0x00000000   Number         0  stm32f1xx_hal_rcc_ex.o ABSOLUTE
    ..\User\APP\task.c                       0x00000000   Number         0  task.o ABSOLUTE
    ..\User\APP\test.c                       0x00000000   Number         0  test.o ABSOLUTE
    ..\User\Device\botton.c                  0x00000000   Number         0  botton.o ABSOLUTE
    ..\User\Device\keypad4_4.c               0x00000000   Number         0  keypad4_4.o ABSOLUTE
    ..\User\Device\led_device.c              0x00000000   Number         0  led_device.o ABSOLUTE
    ..\User\Device\oled_device.c             0x00000000   Number         0  oled_device.o ABSOLUTE
    ..\User\Device\oled_font.c               0x00000000   Number         0  oled_font.o ABSOLUTE
    ..\User\Middle\button_mid.c              0x00000000   Number         0  button_mid.o ABSOLUTE
    ..\User\Ui\menu.c                        0x00000000   Number         0  menu.o ABSOLUTE
    ..\User\Ui\ui_button.c                   0x00000000   Number         0  ui_button.o ABSOLUTE
    ..\User\Ui\ui_text.c                     0x00000000   Number         0  ui_text.o ABSOLUTE
    ..\\User\\APP\\task.c                    0x00000000   Number         0  task.o ABSOLUTE
    ..\\User\\APP\\test.c                    0x00000000   Number         0  test.o ABSOLUTE
    ..\\User\\Device\\botton.c               0x00000000   Number         0  botton.o ABSOLUTE
    ..\\User\\Device\\keypad4_4.c            0x00000000   Number         0  keypad4_4.o ABSOLUTE
    ..\\User\\Device\\led_device.c           0x00000000   Number         0  led_device.o ABSOLUTE
    ..\\User\\Device\\oled_device.c          0x00000000   Number         0  oled_device.o ABSOLUTE
    ..\\User\\Middle\\button_mid.c           0x00000000   Number         0  button_mid.o ABSOLUTE
    ..\\User\\Ui\\menu.c                     0x00000000   Number         0  menu.o ABSOLUTE
    ..\\User\\Ui\\ui_button.c                0x00000000   Number         0  ui_button.o ABSOLUTE
    ..\\User\\Ui\\ui_text.c                  0x00000000   Number         0  ui_text.o ABSOLUTE
    dc.s                                     0x00000000   Number         0  dc.o ABSOLUTE
    handlers.s                               0x00000000   Number         0  handlers.o ABSOLUTE
    init.s                                   0x00000000   Number         0  init.o ABSOLUTE
    startup_stm32f103xb.s                    0x00000000   Number         0  startup_stm32f103xb.o ABSOLUTE
    RESET                                    0x08000000   Section      236  startup_stm32f103xb.o(RESET)
    .ARM.Collect$$$$00000000                 0x080000ec   Section        0  entry.o(.ARM.Collect$$$$00000000)
    .ARM.Collect$$$$00000001                 0x080000ec   Section        4  entry2.o(.ARM.Collect$$$$00000001)
    .ARM.Collect$$$$00000004                 0x080000f0   Section        4  entry5.o(.ARM.Collect$$$$00000004)
    .ARM.Collect$$$$00000008                 0x080000f4   Section        0  entry7b.o(.ARM.Collect$$$$00000008)
    .ARM.Collect$$$$0000000A                 0x080000f4   Section        0  entry8b.o(.ARM.Collect$$$$0000000A)
    .ARM.Collect$$$$0000000B                 0x080000f4   Section        8  entry9a.o(.ARM.Collect$$$$0000000B)
    .ARM.Collect$$$$0000000D                 0x080000fc   Section        0  entry10a.o(.ARM.Collect$$$$0000000D)
    .ARM.Collect$$$$0000000F                 0x080000fc   Section        0  entry11a.o(.ARM.Collect$$$$0000000F)
    .ARM.Collect$$$$00002712                 0x080000fc   Section        4  entry2.o(.ARM.Collect$$$$00002712)
    __lit__00000000                          0x080000fc   Data           4  entry2.o(.ARM.Collect$$$$00002712)
    .text                                    0x08000100   Section       36  startup_stm32f103xb.o(.text)
    .text                                    0x08000124   Section        0  memcpya.o(.text)
    .text                                    0x08000148   Section        0  memseta.o(.text)
    .text                                    0x0800016c   Section        0  strlen.o(.text)
    .text                                    0x0800017c   Section       36  init.o(.text)
    .text                                    0x080001a0   Section        0  __dczerorl2.o(.text)
    i.BusFault_Handler                       0x080001f6   Section        0  stm32f1xx_it.o(i.BusFault_Handler)
    i.Button_Init                            0x080001fc   Section        0  task.o(i.Button_Init)
    i.DebugMon_Handler                       0x080002a4   Section        0  stm32f1xx_it.o(i.DebugMon_Handler)
    i.Error_Handler                          0x080002a6   Section        0  main.o(i.Error_Handler)
    i.HAL_GPIO_Init                          0x080002ac   Section        0  stm32f1xx_hal_gpio.o(i.HAL_GPIO_Init)
    i.HAL_GPIO_ReadPin                       0x080005cc   Section        0  stm32f1xx_hal_gpio.o(i.HAL_GPIO_ReadPin)
    i.HAL_GPIO_WritePin                      0x080005dc   Section        0  stm32f1xx_hal_gpio.o(i.HAL_GPIO_WritePin)
    i.HAL_GetTick                            0x080005e8   Section        0  stm32f1xx_hal.o(i.HAL_GetTick)
    i.HAL_IncTick                            0x080005f4   Section        0  stm32f1xx_hal.o(i.HAL_IncTick)
    i.HAL_Init                               0x0800060c   Section        0  stm32f1xx_hal.o(i.HAL_Init)
    i.HAL_InitTick                           0x08000634   Section        0  stm32f1xx_hal.o(i.HAL_InitTick)
    i.HAL_MspInit                            0x08000680   Section        0  stm32f1xx_hal_msp.o(i.HAL_MspInit)
    i.HAL_NVIC_SetPriority                   0x080006d4   Section        0  stm32f1xx_hal_cortex.o(i.HAL_NVIC_SetPriority)
    i.HAL_NVIC_SetPriorityGrouping           0x08000750   Section        0  stm32f1xx_hal_cortex.o(i.HAL_NVIC_SetPriorityGrouping)
    i.HAL_RCC_ClockConfig                    0x08000778   Section        0  stm32f1xx_hal_rcc.o(i.HAL_RCC_ClockConfig)
    i.HAL_RCC_GetSysClockFreq                0x08000904   Section        0  stm32f1xx_hal_rcc.o(i.HAL_RCC_GetSysClockFreq)
    i.HAL_RCC_OscConfig                      0x08000974   Section        0  stm32f1xx_hal_rcc.o(i.HAL_RCC_OscConfig)
    i.HAL_SYSTICK_Config                     0x08000dd8   Section        0  stm32f1xx_hal_cortex.o(i.HAL_SYSTICK_Config)
    i.HardFault_Handler                      0x08000e0c   Section        0  stm32f1xx_it.o(i.HardFault_Handler)
    i.Led_Init                               0x08000e10   Section        0  task.o(i.Led_Init)
    i.MX_GPIO_Init                           0x08000e30   Section        0  main.o(i.MX_GPIO_Init)
    MX_GPIO_Init                             0x08000e31   Thumb Code   298  main.o(i.MX_GPIO_Init)
    i.MemManage_Handler                      0x08000f6c   Section        0  stm32f1xx_it.o(i.MemManage_Handler)
    i.NMI_Handler                            0x08000f70   Section        0  stm32f1xx_it.o(i.NMI_Handler)
    i.PendSV_Handler                         0x08000f74   Section        0  stm32f1xx_it.o(i.PendSV_Handler)
    i.RCC_Delay                              0x08000f78   Section        0  stm32f1xx_hal_rcc.o(i.RCC_Delay)
    RCC_Delay                                0x08000f79   Thumb Code    36  stm32f1xx_hal_rcc.o(i.RCC_Delay)
    i.SVC_Handler                            0x08000fa0   Section        0  stm32f1xx_it.o(i.SVC_Handler)
    i.SysTick_Handler                        0x08000fa2   Section        0  stm32f1xx_it.o(i.SysTick_Handler)
    i.SystemClock_Config                     0x08000faa   Section        0  main.o(i.SystemClock_Config)
    i.SystemInit                             0x08001010   Section        0  system_stm32f1xx.o(i.SystemInit)
    i.UsageFault_Handler                     0x08001012   Section        0  stm32f1xx_it.o(i.UsageFault_Handler)
    i.__NVIC_GetPriorityGrouping             0x08001018   Section        0  stm32f1xx_hal_cortex.o(i.__NVIC_GetPriorityGrouping)
    __NVIC_GetPriorityGrouping               0x08001019   Thumb Code    10  stm32f1xx_hal_cortex.o(i.__NVIC_GetPriorityGrouping)
    i.__NVIC_SetPriority                     0x08001028   Section        0  stm32f1xx_hal_cortex.o(i.__NVIC_SetPriority)
    __NVIC_SetPriority                       0x08001029   Thumb Code    32  stm32f1xx_hal_cortex.o(i.__NVIC_SetPriority)
    i.__scatterload_copy                     0x08001050   Section       14  handlers.o(i.__scatterload_copy)
    i.__scatterload_null                     0x0800105e   Section        2  handlers.o(i.__scatterload_null)
    i.__scatterload_zeroinit                 0x08001060   Section       14  handlers.o(i.__scatterload_zeroinit)
    i.emBtnGetCurEvent                       0x08001070   Section        0  botton.o(i.emBtnGetCurEvent)
    i.emBtnGetCurStatus                      0x08001084   Section        0  botton.o(i.emBtnGetCurStatus)
    i.emBtnGetLastStatus                     0x08001098   Section        0  botton.o(i.emBtnGetLastStatus)
    i.emGetCurrentPage                       0x080010ac   Section        0  menu.o(i.emGetCurrentPage)
    i.emHandleInput1State                    0x080010b8   Section        0  test.o(i.emHandleInput1State)
    emHandleInput1State                      0x080010b9   Thumb Code   136  test.o(i.emHandleInput1State)
    i.emHandleInput2State                    0x08001144   Section        0  test.o(i.emHandleInput2State)
    emHandleInput2State                      0x08001145   Thumb Code   178  test.o(i.emHandleInput2State)
    i.emHandleResultState                    0x080011fc   Section        0  test.o(i.emHandleResultState)
    emHandleResultState                      0x080011fd   Thumb Code   116  test.o(i.emHandleResultState)
    i.emProcessOperator                      0x08001274   Section        0  test.o(i.emProcessOperator)
    emProcessOperator                        0x08001275   Thumb Code   132  test.o(i.emProcessOperator)
    i.emReturnEvent                          0x080012fc   Section        0  test.o(i.emReturnEvent)
    i.emUibuttonTriggerStuScan               0x08001326   Section        0  ui_button.o(i.emUibuttonTriggerStuScan)
    i.iEventSum                              0x08001360   Section        0  test.o(i.iEventSum)
    i.main                                   0x080013bc   Section        0  main.o(i.main)
    i.s_vBtnStaticParamCopy                  0x080013e4   Section        0  botton.o(i.s_vBtnStaticParamCopy)
    s_vBtnStaticParamCopy                    0x080013e5   Thumb Code    26  botton.o(i.s_vBtnStaticParamCopy)
    i.s_vLedStaticParamCopy                  0x08001404   Section        0  led_device.o(i.s_vLedStaticParamCopy)
    s_vLedStaticParamCopy                    0x08001405   Thumb Code    20  led_device.o(i.s_vLedStaticParamCopy)
    i.s_vOledIicSendByte                     0x0800141c   Section        0  oled_device.o(i.s_vOledIicSendByte)
    s_vOledIicSendByte                       0x0800141d   Thumb Code    62  oled_device.o(i.s_vOledIicSendByte)
    i.s_vOledIicStart                        0x0800145a   Section        0  oled_device.o(i.s_vOledIicStart)
    s_vOledIicStart                          0x0800145b   Thumb Code    30  oled_device.o(i.s_vOledIicStart)
    i.s_vOledIicStop                         0x08001478   Section        0  oled_device.o(i.s_vOledIicStop)
    s_vOledIicStop                           0x08001479   Thumb Code    24  oled_device.o(i.s_vOledIicStop)
    i.s_vOledIicWaitAck                      0x08001490   Section        0  oled_device.o(i.s_vOledIicWaitAck)
    s_vOledIicWaitAck                        0x08001491   Thumb Code    18  oled_device.o(i.s_vOledIicWaitAck)
    i.s_vOledSclReset                        0x080014a4   Section        0  oled_device.o(i.s_vOledSclReset)
    s_vOledSclReset                          0x080014a5   Thumb Code    32  oled_device.o(i.s_vOledSclReset)
    i.s_vOledSclSet                          0x080014c8   Section        0  oled_device.o(i.s_vOledSclSet)
    s_vOledSclSet                            0x080014c9   Thumb Code    30  oled_device.o(i.s_vOledSclSet)
    i.s_vOledSdaReset                        0x080014ec   Section        0  oled_device.o(i.s_vOledSdaReset)
    s_vOledSdaReset                          0x080014ed   Thumb Code    32  oled_device.o(i.s_vOledSdaReset)
    i.s_vOledSdaSet                          0x08001510   Section        0  oled_device.o(i.s_vOledSdaSet)
    s_vOledSdaSet                            0x08001511   Thumb Code    30  oled_device.o(i.s_vOledSdaSet)
    i.s_vOledWriteFewBytesData               0x08001534   Section        0  oled_device.o(i.s_vOledWriteFewBytesData)
    s_vOledWriteFewBytesData                 0x08001535   Thumb Code    80  oled_device.o(i.s_vOledWriteFewBytesData)
    i.s_vOledWriteOneByteCmd                 0x08001584   Section        0  oled_device.o(i.s_vOledWriteOneByteCmd)
    s_vOledWriteOneByteCmd                   0x08001585   Thumb Code    62  oled_device.o(i.s_vOledWriteOneByteCmd)
    i.ucBtnGetucDoubleWait                   0x080015c4   Section        0  botton.o(i.ucBtnGetucDoubleWait)
    i.ucGetMenuSelectedIndex                 0x080015dc   Section        0  menu.o(i.ucGetMenuSelectedIndex)
    i.ucGetUibuttonSelectedIndex             0x08001608   Section        0  ui_button.o(i.ucGetUibuttonSelectedIndex)
    i.ucInt32ToStr                           0x08001634   Section        0  test.o(i.ucInt32ToStr)
    i.ucKeypad_scan                          0x080016cc   Section        0  keypad4_4.o(i.ucKeypad_scan)
    i.ucOledShowNumber                       0x0800184c   Section        0  test.o(i.ucOledShowNumber)
    i.ulBtnGetClickTick                      0x08001898   Section        0  botton.o(i.ulBtnGetClickTick)
    i.ulBtnGetDeCntTh                        0x080018ac   Section        0  botton.o(i.ulBtnGetDeCntTh)
    i.ulBtnGetDoubleClickCntTh               0x080018c0   Section        0  botton.o(i.ulBtnGetDoubleClickCntTh)
    i.ulBtnGetLongPressCntTh                 0x080018d4   Section        0  botton.o(i.ulBtnGetLongPressCntTh)
    i.ulBtnGetPressTick                      0x080018e8   Section        0  botton.o(i.ulBtnGetPressTick)
    i.vBtnEventClear                         0x080018fc   Section        0  button_mid.o(i.vBtnEventClear)
    i.vBtnEventUpdata                        0x08001922   Section        0  button_mid.o(i.vBtnEventUpdata)
    i.vBtnExecute                            0x08001a2c   Section        0  button_mid.o(i.vBtnExecute)
    i.vBtnParamInit                          0x08001a48   Section        0  botton.o(i.vBtnParamInit)
    i.vBtnScanAndExecute                     0x08001ae8   Section        0  ui_button.o(i.vBtnScanAndExecute)
    i.vBtnSetClickTick                       0x08001b28   Section        0  botton.o(i.vBtnSetClickTick)
    i.vBtnSetCurEvent                        0x08001b3c   Section        0  botton.o(i.vBtnSetCurEvent)
    i.vBtnSetLastStatus                      0x08001b50   Section        0  botton.o(i.vBtnSetLastStatus)
    i.vBtnSetPressTick                       0x08001b64   Section        0  botton.o(i.vBtnSetPressTick)
    i.vBtnSetucDoubleWait                    0x08001b78   Section        0  botton.o(i.vBtnSetucDoubleWait)
    i.vBtnStatusUpdata                       0x08001b8c   Section        0  botton.o(i.vBtnStatusUpdata)
    i.vButtonCallback_Off                    0x08001c58   Section        0  ui_button.o(i.vButtonCallback_Off)
    i.vButtonCallback_On                     0x08001c64   Section        0  ui_button.o(i.vButtonCallback_On)
    i.vButtonCallback_Turn                   0x08001c70   Section        0  ui_button.o(i.vButtonCallback_Turn)
    i.vCalcParamInit                         0x08001c7c   Section        0  test.o(i.vCalcParamInit)
    i.vCalcSystemInit                        0x08001ca8   Section        0  test.o(i.vCalcSystemInit)
    i.vCurrentPageShow                       0x08001cb8   Section        0  menu.o(i.vCurrentPageShow)
    i.vLedParamInit                          0x08001d08   Section        0  led_device.o(i.vLedParamInit)
    i.vLed_Off                               0x08001d54   Section        0  led_device.o(i.vLed_Off)
    i.vLed_On                                0x08001d74   Section        0  led_device.o(i.vLed_On)
    i.vLed_Turn                              0x08001d94   Section        0  led_device.o(i.vLed_Turn)
    i.vLed_Update                            0x08001dbc   Section        0  led_device.o(i.vLed_Update)
    i.vMainMenuKeyHandler                    0x08001e0c   Section        0  task.o(i.vMainMenuKeyHandler)
    i.vMenuCancel                            0x08001ea8   Section        0  menu.o(i.vMenuCancel)
    i.vMenuEnter                             0x08001eb4   Section        0  menu.o(i.vMenuEnter)
    i.vMenuInit                              0x08001efc   Section        0  menu.o(i.vMenuInit)
    i.vMenuSelectDown                        0x08001f14   Section        0  menu.o(i.vMenuSelectDown)
    i.vMenuSelectUp                          0x08001f6c   Section        0  menu.o(i.vMenuSelectUp)
    i.vOledClearBuffer                       0x08001fbc   Section        0  oled_device.o(i.vOledClearBuffer)
    i.vOledClearOnePointToBuffer             0x08001fd0   Section        0  oled_device.o(i.vOledClearOnePointToBuffer)
    i.vOledCmdInit                           0x08002014   Section        0  oled_device.o(i.vOledCmdInit)
    i.vOledDeviceInit                        0x080020fc   Section        0  oled_device.o(i.vOledDeviceInit)
    i.vOledDrawArrow                         0x08002120   Section        0  oled_device.o(i.vOledDrawArrow)
    i.vOledDrawOnePointToBuffer              0x08002160   Section        0  oled_device.o(i.vOledDrawOnePointToBuffer)
    i.vOledDrawRectangle                     0x080021a4   Section        0  oled_device.o(i.vOledDrawRectangle)
    i.vOledInit                              0x08002270   Section        0  test.o(i.vOledInit)
    i.vOledRefreshFromBuffer                 0x08002294   Section        0  oled_device.o(i.vOledRefreshFromBuffer)
    i.vOledWriteOneCharToBuffer              0x080022e0   Section        0  oled_device.o(i.vOledWriteOneCharToBuffer)
    i.vOledWriteStringToBuffer               0x08002504   Section        0  oled_device.o(i.vOledWriteStringToBuffer)
    i.vShowCalculatorMenu                    0x0800254c   Section        0  menu.o(i.vShowCalculatorMenu)
    i.vShowLEDMenu                           0x0800254e   Section        0  menu.o(i.vShowLEDMenu)
    i.vShowMenu                              0x08002562   Section        0  menu.o(i.vShowMenu)
    i.vShowMenuTextAll                       0x0800256c   Section        0  menu.o(i.vShowMenuTextAll)
    i.vShowNumberSelectorAll                 0x080025d4   Section        0  ui_button.o(i.vShowNumberSelectorAll)
    i.vShowSingleLineAll                     0x08002630   Section        0  ui_text.o(i.vShowSingleLineAll)
    i.vShowUibuttonTextAll                   0x08002674   Section        0  ui_button.o(i.vShowUibuttonTextAll)
    i.vState_machine_run                     0x08002738   Section        0  test.o(i.vState_machine_run)
    i.vTask                                  0x08002764   Section        0  task.o(i.vTask)
    i.vTest                                  0x08002780   Section        0  test.o(i.vTest)
    i.vUibuttonEnter                         0x0800279c   Section        0  ui_button.o(i.vUibuttonEnter)
    i.vUibuttonSelectDown                    0x080027b4   Section        0  ui_button.o(i.vUibuttonSelectDown)
    i.vUibuttonSelectUp                      0x080027e8   Section        0  ui_button.o(i.vUibuttonSelectUp)
    .constdata                               0x08002818   Section       18  stm32f1xx_hal_rcc.o(.constdata)
    aPLLMULFactorTable                       0x08002818   Data          16  stm32f1xx_hal_rcc.o(.constdata)
    aPredivFactorTable                       0x08002828   Data           2  stm32f1xx_hal_rcc.o(.constdata)
    .constdata                               0x0800282a   Section       24  system_stm32f1xx.o(.constdata)
    .constdata                               0x08002842   Section     6080  oled_font.o(.constdata)
    .data                                    0x20000000   Section        9  stm32f1xx_hal.o(.data)
    .data                                    0x2000000c   Section        4  system_stm32f1xx.o(.data)
    .data                                    0x20000010   Section       18  keypad4_4.o(.data)
    s_ucKeyState                             0x20000020   Data           1  keypad4_4.o(.data)
    s_ucReleaseCnt                           0x20000021   Data           1  keypad4_4.o(.data)
    .data                                    0x20000024   Section       16  test.o(.data)
    s_apfnFsmCallback                        0x20000024   Data          16  test.o(.data)
    .data                                    0x20000034   Section      216  menu.o(.data)
    s_emCurrentPage                          0x20000034   Data           1  menu.o(.data)
    s_ucWindowStart                          0x20000035   Data           1  menu.o(.data)
    s_aucCalc                                0x20000036   Data          13  menu.o(.data)
    s_aucLed                                 0x20000043   Data          14  menu.o(.data)
    s_aucSnake                               0x20000051   Data          13  menu.o(.data)
    s_aucSerial                              0x2000005e   Data          14  menu.o(.data)
    s_auctest1                               0x2000006c   Data           8  menu.o(.data)
    s_auctest2                               0x20000074   Data           8  menu.o(.data)
    s_auctest3                               0x2000007c   Data           8  menu.o(.data)
    s_auctest4                               0x20000084   Data           8  menu.o(.data)
    s_astMenuLines                           0x2000008c   Data         128  menu.o(.data)
    .data                                    0x2000010c   Section      128  ui_button.o(.data)
    s_ucWindowStart                          0x2000010c   Data           1  ui_button.o(.data)
    s_aucLedOn                               0x2000010d   Data           3  ui_button.o(.data)
    s_aucLedOff                              0x20000110   Data           4  ui_button.o(.data)
    s_aucLedTurn                             0x20000114   Data           5  ui_button.o(.data)
    s_aucLed                                 0x20000119   Data           4  ui_button.o(.data)
    s_stNumberSelector                       0x20000120   Data          24  ui_button.o(.data)
    s_stUibutton_Led_On                      0x20000138   Data          24  ui_button.o(.data)
    s_stUibutton_Led_Off                     0x20000150   Data          24  ui_button.o(.data)
    s_stUibutton_Led_Turn                    0x20000168   Data          24  ui_button.o(.data)
    s_astUibuttons                           0x20000180   Data          12  ui_button.o(.data)
    .data                                    0x2000018c   Section       52  ui_text.o(.data)
    s_aucCalc                                0x2000018c   Data          11  ui_text.o(.data)
    s_aucLed                                 0x20000197   Data           4  ui_text.o(.data)
    s_stSingleLineTest_Led                   0x2000019c   Data          16  ui_text.o(.data)
    s_stSingleLineTest_s_aucCalc             0x200001ac   Data          16  ui_text.o(.data)
    s_astTextLines                           0x200001bc   Data           4  ui_text.o(.data)
    .bss                                     0x200001c0   Section     1040  oled_device.o(.bss)
    .bss                                     0x200005d0   Section       48  led_device.o(.bss)
    s_astLedDevice                           0x200005d0   Data          48  led_device.o(.bss)
    .bss                                     0x20000600   Section      160  botton.o(.bss)
    s_astBtnDevice                           0x20000600   Data         160  botton.o(.bss)
    .bss                                     0x200006a0   Section       20  test.o(.bss)
    s_stCalcParam                            0x200006a0   Data          20  test.o(.bss)
    STACK                                    0x200006b8   Section     1024  startup_stm32f103xb.o(STACK)

    Global Symbols

    Symbol Name                              Value     Ov Type        Size  Object(Section)

    BuildAttributes$$THM_ISAv4$P$D$K$B$S$PE$A:L22UL41UL21$X:L11$S22US41US21$IEEE1$IW$USESV6$~STKCKD$USESV7$~SHL$OSPACE$EBA8$MICROLIB$REQ8$PRES8$EABIv2 0x00000000   Number         0  anon$$obj.o ABSOLUTE
    __ARM_use_no_argv                        0x00000000   Number         0  main.o ABSOLUTE
    __cpp_initialize__aeabi_                  - Undefined Weak Reference
    __cxa_finalize                            - Undefined Weak Reference
    _clock_init                               - Undefined Weak Reference
    _microlib_exit                            - Undefined Weak Reference
    __Vectors_Size                           0x000000ec   Number         0  startup_stm32f103xb.o ABSOLUTE
    __Vectors                                0x08000000   Data           4  startup_stm32f103xb.o(RESET)
    __Vectors_End                            0x080000ec   Data           0  startup_stm32f103xb.o(RESET)
    __main                                   0x080000ed   Thumb Code     0  entry.o(.ARM.Collect$$$$00000000)
    _main_stk                                0x080000ed   Thumb Code     0  entry2.o(.ARM.Collect$$$$00000001)
    _main_scatterload                        0x080000f1   Thumb Code     0  entry5.o(.ARM.Collect$$$$00000004)
    __main_after_scatterload                 0x080000f5   Thumb Code     0  entry5.o(.ARM.Collect$$$$00000004)
    _main_clock                              0x080000f5   Thumb Code     0  entry7b.o(.ARM.Collect$$$$00000008)
    _main_cpp_init                           0x080000f5   Thumb Code     0  entry8b.o(.ARM.Collect$$$$0000000A)
    _main_init                               0x080000f5   Thumb Code     0  entry9a.o(.ARM.Collect$$$$0000000B)
    __rt_final_cpp                           0x080000fd   Thumb Code     0  entry10a.o(.ARM.Collect$$$$0000000D)
    __rt_final_exit                          0x080000fd   Thumb Code     0  entry11a.o(.ARM.Collect$$$$0000000F)
    Reset_Handler                            0x08000101   Thumb Code     8  startup_stm32f103xb.o(.text)
    ADC1_2_IRQHandler                        0x0800011b   Thumb Code     0  startup_stm32f103xb.o(.text)
    CAN1_RX1_IRQHandler                      0x0800011b   Thumb Code     0  startup_stm32f103xb.o(.text)
    CAN1_SCE_IRQHandler                      0x0800011b   Thumb Code     0  startup_stm32f103xb.o(.text)
    DMA1_Channel1_IRQHandler                 0x0800011b   Thumb Code     0  startup_stm32f103xb.o(.text)
    DMA1_Channel2_IRQHandler                 0x0800011b   Thumb Code     0  startup_stm32f103xb.o(.text)
    DMA1_Channel3_IRQHandler                 0x0800011b   Thumb Code     0  startup_stm32f103xb.o(.text)
    DMA1_Channel4_IRQHandler                 0x0800011b   Thumb Code     0  startup_stm32f103xb.o(.text)
    DMA1_Channel5_IRQHandler                 0x0800011b   Thumb Code     0  startup_stm32f103xb.o(.text)
    DMA1_Channel6_IRQHandler                 0x0800011b   Thumb Code     0  startup_stm32f103xb.o(.text)
    DMA1_Channel7_IRQHandler                 0x0800011b   Thumb Code     0  startup_stm32f103xb.o(.text)
    EXTI0_IRQHandler                         0x0800011b   Thumb Code     0  startup_stm32f103xb.o(.text)
    EXTI15_10_IRQHandler                     0x0800011b   Thumb Code     0  startup_stm32f103xb.o(.text)
    EXTI1_IRQHandler                         0x0800011b   Thumb Code     0  startup_stm32f103xb.o(.text)
    EXTI2_IRQHandler                         0x0800011b   Thumb Code     0  startup_stm32f103xb.o(.text)
    EXTI3_IRQHandler                         0x0800011b   Thumb Code     0  startup_stm32f103xb.o(.text)
    EXTI4_IRQHandler                         0x0800011b   Thumb Code     0  startup_stm32f103xb.o(.text)
    EXTI9_5_IRQHandler                       0x0800011b   Thumb Code     0  startup_stm32f103xb.o(.text)
    FLASH_IRQHandler                         0x0800011b   Thumb Code     0  startup_stm32f103xb.o(.text)
    I2C1_ER_IRQHandler                       0x0800011b   Thumb Code     0  startup_stm32f103xb.o(.text)
    I2C1_EV_IRQHandler                       0x0800011b   Thumb Code     0  startup_stm32f103xb.o(.text)
    I2C2_ER_IRQHandler                       0x0800011b   Thumb Code     0  startup_stm32f103xb.o(.text)
    I2C2_EV_IRQHandler                       0x0800011b   Thumb Code     0  startup_stm32f103xb.o(.text)
    PVD_IRQHandler                           0x0800011b   Thumb Code     0  startup_stm32f103xb.o(.text)
    RCC_IRQHandler                           0x0800011b   Thumb Code     0  startup_stm32f103xb.o(.text)
    RTC_Alarm_IRQHandler                     0x0800011b   Thumb Code     0  startup_stm32f103xb.o(.text)
    RTC_IRQHandler                           0x0800011b   Thumb Code     0  startup_stm32f103xb.o(.text)
    SPI1_IRQHandler                          0x0800011b   Thumb Code     0  startup_stm32f103xb.o(.text)
    SPI2_IRQHandler                          0x0800011b   Thumb Code     0  startup_stm32f103xb.o(.text)
    TAMPER_IRQHandler                        0x0800011b   Thumb Code     0  startup_stm32f103xb.o(.text)
    TIM1_BRK_IRQHandler                      0x0800011b   Thumb Code     0  startup_stm32f103xb.o(.text)
    TIM1_CC_IRQHandler                       0x0800011b   Thumb Code     0  startup_stm32f103xb.o(.text)
    TIM1_TRG_COM_IRQHandler                  0x0800011b   Thumb Code     0  startup_stm32f103xb.o(.text)
    TIM1_UP_IRQHandler                       0x0800011b   Thumb Code     0  startup_stm32f103xb.o(.text)
    TIM2_IRQHandler                          0x0800011b   Thumb Code     0  startup_stm32f103xb.o(.text)
    TIM3_IRQHandler                          0x0800011b   Thumb Code     0  startup_stm32f103xb.o(.text)
    TIM4_IRQHandler                          0x0800011b   Thumb Code     0  startup_stm32f103xb.o(.text)
    USART1_IRQHandler                        0x0800011b   Thumb Code     0  startup_stm32f103xb.o(.text)
    USART2_IRQHandler                        0x0800011b   Thumb Code     0  startup_stm32f103xb.o(.text)
    USART3_IRQHandler                        0x0800011b   Thumb Code     0  startup_stm32f103xb.o(.text)
    USBWakeUp_IRQHandler                     0x0800011b   Thumb Code     0  startup_stm32f103xb.o(.text)
    USB_HP_CAN1_TX_IRQHandler                0x0800011b   Thumb Code     0  startup_stm32f103xb.o(.text)
    USB_LP_CAN1_RX0_IRQHandler               0x0800011b   Thumb Code     0  startup_stm32f103xb.o(.text)
    WWDG_IRQHandler                          0x0800011b   Thumb Code     0  startup_stm32f103xb.o(.text)
    __aeabi_memcpy                           0x08000125   Thumb Code    36  memcpya.o(.text)
    __aeabi_memcpy4                          0x08000125   Thumb Code     0  memcpya.o(.text)
    __aeabi_memcpy8                          0x08000125   Thumb Code     0  memcpya.o(.text)
    __aeabi_memset                           0x08000149   Thumb Code    14  memseta.o(.text)
    __aeabi_memset4                          0x08000149   Thumb Code     0  memseta.o(.text)
    __aeabi_memset8                          0x08000149   Thumb Code     0  memseta.o(.text)
    __aeabi_memclr                           0x08000157   Thumb Code     4  memseta.o(.text)
    __aeabi_memclr4                          0x08000157   Thumb Code     0  memseta.o(.text)
    __aeabi_memclr8                          0x08000157   Thumb Code     0  memseta.o(.text)
    _memset$wrapper                          0x0800015b   Thumb Code    18  memseta.o(.text)
    strlen                                   0x0800016d   Thumb Code    14  strlen.o(.text)
    __scatterload                            0x0800017d   Thumb Code    28  init.o(.text)
    __scatterload_rt2                        0x0800017d   Thumb Code     0  init.o(.text)
    __decompress                             0x080001a1   Thumb Code     0  __dczerorl2.o(.text)
    __decompress1                            0x080001a1   Thumb Code    86  __dczerorl2.o(.text)
    BusFault_Handler                         0x080001f7   Thumb Code     4  stm32f1xx_it.o(i.BusFault_Handler)
    Button_Init                              0x080001fd   Thumb Code   158  task.o(i.Button_Init)
    DebugMon_Handler                         0x080002a5   Thumb Code     2  stm32f1xx_it.o(i.DebugMon_Handler)
    Error_Handler                            0x080002a7   Thumb Code     6  main.o(i.Error_Handler)
    HAL_GPIO_Init                            0x080002ad   Thumb Code   766  stm32f1xx_hal_gpio.o(i.HAL_GPIO_Init)
    HAL_GPIO_ReadPin                         0x080005cd   Thumb Code    16  stm32f1xx_hal_gpio.o(i.HAL_GPIO_ReadPin)
    HAL_GPIO_WritePin                        0x080005dd   Thumb Code    12  stm32f1xx_hal_gpio.o(i.HAL_GPIO_WritePin)
    HAL_GetTick                              0x080005e9   Thumb Code     6  stm32f1xx_hal.o(i.HAL_GetTick)
    HAL_IncTick                              0x080005f5   Thumb Code    16  stm32f1xx_hal.o(i.HAL_IncTick)
    HAL_Init                                 0x0800060d   Thumb Code    34  stm32f1xx_hal.o(i.HAL_Init)
    HAL_InitTick                             0x08000635   Thumb Code    64  stm32f1xx_hal.o(i.HAL_InitTick)
    HAL_MspInit                              0x08000681   Thumb Code    76  stm32f1xx_hal_msp.o(i.HAL_MspInit)
    HAL_NVIC_SetPriority                     0x080006d5   Thumb Code   124  stm32f1xx_hal_cortex.o(i.HAL_NVIC_SetPriority)
    HAL_NVIC_SetPriorityGrouping             0x08000751   Thumb Code    32  stm32f1xx_hal_cortex.o(i.HAL_NVIC_SetPriorityGrouping)
    HAL_RCC_ClockConfig                      0x08000779   Thumb Code   376  stm32f1xx_hal_rcc.o(i.HAL_RCC_ClockConfig)
    HAL_RCC_GetSysClockFreq                  0x08000905   Thumb Code    92  stm32f1xx_hal_rcc.o(i.HAL_RCC_GetSysClockFreq)
    HAL_RCC_OscConfig                        0x08000975   Thumb Code  1114  stm32f1xx_hal_rcc.o(i.HAL_RCC_OscConfig)
    HAL_SYSTICK_Config                       0x08000dd9   Thumb Code    52  stm32f1xx_hal_cortex.o(i.HAL_SYSTICK_Config)
    HardFault_Handler                        0x08000e0d   Thumb Code     4  stm32f1xx_it.o(i.HardFault_Handler)
    Led_Init                                 0x08000e11   Thumb Code    28  task.o(i.Led_Init)
    MemManage_Handler                        0x08000f6d   Thumb Code     4  stm32f1xx_it.o(i.MemManage_Handler)
    NMI_Handler                              0x08000f71   Thumb Code     4  stm32f1xx_it.o(i.NMI_Handler)
    PendSV_Handler                           0x08000f75   Thumb Code     2  stm32f1xx_it.o(i.PendSV_Handler)
    SVC_Handler                              0x08000fa1   Thumb Code     2  stm32f1xx_it.o(i.SVC_Handler)
    SysTick_Handler                          0x08000fa3   Thumb Code     8  stm32f1xx_it.o(i.SysTick_Handler)
    SystemClock_Config                       0x08000fab   Thumb Code   102  main.o(i.SystemClock_Config)
    SystemInit                               0x08001011   Thumb Code     2  system_stm32f1xx.o(i.SystemInit)
    UsageFault_Handler                       0x08001013   Thumb Code     4  stm32f1xx_it.o(i.UsageFault_Handler)
    __scatterload_copy                       0x08001051   Thumb Code    14  handlers.o(i.__scatterload_copy)
    __scatterload_null                       0x0800105f   Thumb Code     2  handlers.o(i.__scatterload_null)
    __scatterload_zeroinit                   0x08001061   Thumb Code    14  handlers.o(i.__scatterload_zeroinit)
    emBtnGetCurEvent                         0x08001071   Thumb Code    16  botton.o(i.emBtnGetCurEvent)
    emBtnGetCurStatus                        0x08001085   Thumb Code    16  botton.o(i.emBtnGetCurStatus)
    emBtnGetLastStatus                       0x08001099   Thumb Code    16  botton.o(i.emBtnGetLastStatus)
    emGetCurrentPage                         0x080010ad   Thumb Code     6  menu.o(i.emGetCurrentPage)
    emReturnEvent                            0x080012fd   Thumb Code    42  test.o(i.emReturnEvent)
    emUibuttonTriggerStuScan                 0x08001327   Thumb Code    58  ui_button.o(i.emUibuttonTriggerStuScan)
    iEventSum                                0x08001361   Thumb Code    88  test.o(i.iEventSum)
    main                                     0x080013bd   Thumb Code    40  main.o(i.main)
    ucBtnGetucDoubleWait                     0x080015c5   Thumb Code    18  botton.o(i.ucBtnGetucDoubleWait)
    ucGetMenuSelectedIndex                   0x080015dd   Thumb Code    38  menu.o(i.ucGetMenuSelectedIndex)
    ucGetUibuttonSelectedIndex               0x08001609   Thumb Code    40  ui_button.o(i.ucGetUibuttonSelectedIndex)
    ucInt32ToStr                             0x08001635   Thumb Code   152  test.o(i.ucInt32ToStr)
    ucKeypad_scan                            0x080016cd   Thumb Code   364  keypad4_4.o(i.ucKeypad_scan)
    ucOledShowNumber                         0x0800184d   Thumb Code    64  test.o(i.ucOledShowNumber)
    ulBtnGetClickTick                        0x08001899   Thumb Code    16  botton.o(i.ulBtnGetClickTick)
    ulBtnGetDeCntTh                          0x080018ad   Thumb Code    16  botton.o(i.ulBtnGetDeCntTh)
    ulBtnGetDoubleClickCntTh                 0x080018c1   Thumb Code    16  botton.o(i.ulBtnGetDoubleClickCntTh)
    ulBtnGetLongPressCntTh                   0x080018d5   Thumb Code    16  botton.o(i.ulBtnGetLongPressCntTh)
    ulBtnGetPressTick                        0x080018e9   Thumb Code    16  botton.o(i.ulBtnGetPressTick)
    vBtnEventClear                           0x080018fd   Thumb Code    38  button_mid.o(i.vBtnEventClear)
    vBtnEventUpdata                          0x08001923   Thumb Code   266  button_mid.o(i.vBtnEventUpdata)
    vBtnExecute                              0x08001a2d   Thumb Code    28  button_mid.o(i.vBtnExecute)
    vBtnParamInit                            0x08001a49   Thumb Code   154  botton.o(i.vBtnParamInit)
    vBtnScanAndExecute                       0x08001ae9   Thumb Code    58  ui_button.o(i.vBtnScanAndExecute)
    vBtnSetClickTick                         0x08001b29   Thumb Code    14  botton.o(i.vBtnSetClickTick)
    vBtnSetCurEvent                          0x08001b3d   Thumb Code    14  botton.o(i.vBtnSetCurEvent)
    vBtnSetLastStatus                        0x08001b51   Thumb Code    14  botton.o(i.vBtnSetLastStatus)
    vBtnSetPressTick                         0x08001b65   Thumb Code    14  botton.o(i.vBtnSetPressTick)
    vBtnSetucDoubleWait                      0x08001b79   Thumb Code    16  botton.o(i.vBtnSetucDoubleWait)
    vBtnStatusUpdata                         0x08001b8d   Thumb Code   198  botton.o(i.vBtnStatusUpdata)
    vButtonCallback_Off                      0x08001c59   Thumb Code    12  ui_button.o(i.vButtonCallback_Off)
    vButtonCallback_On                       0x08001c65   Thumb Code    12  ui_button.o(i.vButtonCallback_On)
    vButtonCallback_Turn                     0x08001c71   Thumb Code    12  ui_button.o(i.vButtonCallback_Turn)
    vCalcParamInit                           0x08001c7d   Thumb Code    44  test.o(i.vCalcParamInit)
    vCalcSystemInit                          0x08001ca9   Thumb Code    10  test.o(i.vCalcSystemInit)
    vCurrentPageShow                         0x08001cb9   Thumb Code    74  menu.o(i.vCurrentPageShow)
    vLedParamInit                            0x08001d09   Thumb Code    70  led_device.o(i.vLedParamInit)
    vLed_Off                                 0x08001d55   Thumb Code    26  led_device.o(i.vLed_Off)
    vLed_On                                  0x08001d75   Thumb Code    26  led_device.o(i.vLed_On)
    vLed_Turn                                0x08001d95   Thumb Code    36  led_device.o(i.vLed_Turn)
    vLed_Update                              0x08001dbd   Thumb Code    76  led_device.o(i.vLed_Update)
    vMainMenuKeyHandler                      0x08001e0d   Thumb Code   154  task.o(i.vMainMenuKeyHandler)
    vMenuCancel                              0x08001ea9   Thumb Code     8  menu.o(i.vMenuCancel)
    vMenuEnter                               0x08001eb5   Thumb Code    68  menu.o(i.vMenuEnter)
    vMenuInit                                0x08001efd   Thumb Code    14  menu.o(i.vMenuInit)
    vMenuSelectDown                          0x08001f15   Thumb Code    78  menu.o(i.vMenuSelectDown)
    vMenuSelectUp                            0x08001f6d   Thumb Code    72  menu.o(i.vMenuSelectUp)
    vOledClearBuffer                         0x08001fbd   Thumb Code    14  oled_device.o(i.vOledClearBuffer)
    vOledClearOnePointToBuffer               0x08001fd1   Thumb Code    62  oled_device.o(i.vOledClearOnePointToBuffer)
    vOledCmdInit                             0x08002015   Thumb Code   230  oled_device.o(i.vOledCmdInit)
    vOledDeviceInit                          0x080020fd   Thumb Code    30  oled_device.o(i.vOledDeviceInit)
    vOledDrawArrow                           0x08002121   Thumb Code    58  oled_device.o(i.vOledDrawArrow)
    vOledDrawOnePointToBuffer                0x08002161   Thumb Code    64  oled_device.o(i.vOledDrawOnePointToBuffer)
    vOledDrawRectangle                       0x080021a5   Thumb Code   204  oled_device.o(i.vOledDrawRectangle)
    vOledInit                                0x08002271   Thumb Code    30  test.o(i.vOledInit)
    vOledRefreshFromBuffer                   0x08002295   Thumb Code    70  oled_device.o(i.vOledRefreshFromBuffer)
    vOledWriteOneCharToBuffer                0x080022e1   Thumb Code   530  oled_device.o(i.vOledWriteOneCharToBuffer)
    vOledWriteStringToBuffer                 0x08002505   Thumb Code    72  oled_device.o(i.vOledWriteStringToBuffer)
    vShowCalculatorMenu                      0x0800254d   Thumb Code     2  menu.o(i.vShowCalculatorMenu)
    vShowLEDMenu                             0x0800254f   Thumb Code    20  menu.o(i.vShowLEDMenu)
    vShowMenu                                0x08002563   Thumb Code     8  menu.o(i.vShowMenu)
    vShowMenuTextAll                         0x0800256d   Thumb Code    96  menu.o(i.vShowMenuTextAll)
    vShowNumberSelectorAll                   0x080025d5   Thumb Code    86  ui_button.o(i.vShowNumberSelectorAll)
    vShowSingleLineAll                       0x08002631   Thumb Code    62  ui_text.o(i.vShowSingleLineAll)
    vShowUibuttonTextAll                     0x08002675   Thumb Code   190  ui_button.o(i.vShowUibuttonTextAll)
    vState_machine_run                       0x08002739   Thumb Code    36  test.o(i.vState_machine_run)
    vTask                                    0x08002765   Thumb Code    28  task.o(i.vTask)
    vTest                                    0x08002781   Thumb Code    26  test.o(i.vTest)
    vUibuttonEnter                           0x0800279d   Thumb Code    20  ui_button.o(i.vUibuttonEnter)
    vUibuttonSelectDown                      0x080027b5   Thumb Code    46  ui_button.o(i.vUibuttonSelectDown)
    vUibuttonSelectUp                        0x080027e9   Thumb Code    42  ui_button.o(i.vUibuttonSelectUp)
    AHBPrescTable                            0x0800282a   Data          16  system_stm32f1xx.o(.constdata)
    APBPrescTable                            0x0800283a   Data           8  system_stm32f1xx.o(.constdata)
    c_a2ucOledFont_Ascii_1206                0x08002842   Data        1140  oled_font.o(.constdata)
    c_a2ucOledFont_Ascii_1608                0x08002cb6   Data        1520  oled_font.o(.constdata)
    c_a2ucOledFont_Ascii_2412                0x080032a6   Data        3420  oled_font.o(.constdata)
    Region$$Table$$Base                      0x08004004   Number         0  anon$$obj.o(Region$$Table)
    Region$$Table$$Limit                     0x08004024   Number         0  anon$$obj.o(Region$$Table)
    uwTick                                   0x20000000   Data           4  stm32f1xx_hal.o(.data)
    uwTickPrio                               0x20000004   Data           4  stm32f1xx_hal.o(.data)
    uwTickFreq                               0x20000008   Data           1  stm32f1xx_hal.o(.data)
    SystemCoreClock                          0x2000000c   Data           4  system_stm32f1xx.o(.data)
    KEYPAD_Row                               0x20000010   Data           8  keypad4_4.o(.data)
    KEYPAD_Col                               0x20000018   Data           8  keypad4_4.o(.data)
    astOledDeviceParam                       0x200001c0   Data        1040  oled_device.o(.bss)
    __initial_sp                             0x20000ab8   Data           0  startup_stm32f103xb.o(STACK)



==============================================================================

Memory Map of the image

  Image Entry point : 0x080000ed

  Load Region LR_IROM1 (Base: 0x08000000, Size: 0x000041e4, Max: 0x00010000, ABSOLUTE, COMPRESSED[0x0000412c])

    Execution Region ER_IROM1 (Exec base: 0x08000000, Load base: 0x08000000, Size: 0x00004024, Max: 0x00010000, ABSOLUTE)

    Exec Addr    Load Addr    Size         Type   Attr      Idx    E Section Name        Object

    0x08000000   0x08000000   0x000000ec   Data   RO            3    RESET               startup_stm32f103xb.o
    0x080000ec   0x080000ec   0x00000000   Code   RO         2129  * .ARM.Collect$$$$00000000  mc_w.l(entry.o)
    0x080000ec   0x080000ec   0x00000004   Code   RO         2142    .ARM.Collect$$$$00000001  mc_w.l(entry2.o)
    0x080000f0   0x080000f0   0x00000004   Code   RO         2145    .ARM.Collect$$$$00000004  mc_w.l(entry5.o)
    0x080000f4   0x080000f4   0x00000000   Code   RO         2147    .ARM.Collect$$$$00000008  mc_w.l(entry7b.o)
    0x080000f4   0x080000f4   0x00000000   Code   RO         2149    .ARM.Collect$$$$0000000A  mc_w.l(entry8b.o)
    0x080000f4   0x080000f4   0x00000008   Code   RO         2150    .ARM.Collect$$$$0000000B  mc_w.l(entry9a.o)
    0x080000fc   0x080000fc   0x00000000   Code   RO         2152    .ARM.Collect$$$$0000000D  mc_w.l(entry10a.o)
    0x080000fc   0x080000fc   0x00000000   Code   RO         2154    .ARM.Collect$$$$0000000F  mc_w.l(entry11a.o)
    0x080000fc   0x080000fc   0x00000004   Code   RO         2143    .ARM.Collect$$$$00002712  mc_w.l(entry2.o)
    0x08000100   0x08000100   0x00000024   Code   RO            4    .text               startup_stm32f103xb.o
    0x08000124   0x08000124   0x00000024   Code   RO         2134    .text               mc_w.l(memcpya.o)
    0x08000148   0x08000148   0x00000024   Code   RO         2136    .text               mc_w.l(memseta.o)
    0x0800016c   0x0800016c   0x0000000e   Code   RO         2138    .text               mc_w.l(strlen.o)
    0x0800017a   0x0800017a   0x00000002   PAD
    0x0800017c   0x0800017c   0x00000024   Code   RO         2156    .text               mc_w.l(init.o)
    0x080001a0   0x080001a0   0x00000056   Code   RO         2166    .text               mc_w.l(__dczerorl2.o)
    0x080001f6   0x080001f6   0x00000004   Code   RO          167    i.BusFault_Handler  stm32f1xx_it.o
    0x080001fa   0x080001fa   0x00000002   PAD
    0x080001fc   0x080001fc   0x000000a8   Code   RO         1841    i.Button_Init       task.o
    0x080002a4   0x080002a4   0x00000002   Code   RO          168    i.DebugMon_Handler  stm32f1xx_it.o
    0x080002a6   0x080002a6   0x00000006   Code   RO           13    i.Error_Handler     main.o
    0x080002ac   0x080002ac   0x00000320   Code   RO          624    i.HAL_GPIO_Init     stm32f1xx_hal_gpio.o
    0x080005cc   0x080005cc   0x00000010   Code   RO          626    i.HAL_GPIO_ReadPin  stm32f1xx_hal_gpio.o
    0x080005dc   0x080005dc   0x0000000c   Code   RO          628    i.HAL_GPIO_WritePin  stm32f1xx_hal_gpio.o
    0x080005e8   0x080005e8   0x0000000c   Code   RO          313    i.HAL_GetTick       stm32f1xx_hal.o
    0x080005f4   0x080005f4   0x00000018   Code   RO          319    i.HAL_IncTick       stm32f1xx_hal.o
    0x0800060c   0x0800060c   0x00000028   Code   RO          320    i.HAL_Init          stm32f1xx_hal.o
    0x08000634   0x08000634   0x0000004c   Code   RO          321    i.HAL_InitTick      stm32f1xx_hal.o
    0x08000680   0x08000680   0x00000054   Code   RO          242    i.HAL_MspInit       stm32f1xx_hal_msp.o
    0x080006d4   0x080006d4   0x0000007c   Code   RO          790    i.HAL_NVIC_SetPriority  stm32f1xx_hal_cortex.o
    0x08000750   0x08000750   0x00000028   Code   RO          791    i.HAL_NVIC_SetPriorityGrouping  stm32f1xx_hal_cortex.o
    0x08000778   0x08000778   0x0000018c   Code   RO          477    i.HAL_RCC_ClockConfig  stm32f1xx_hal_rcc.o
    0x08000904   0x08000904   0x00000070   Code   RO          486    i.HAL_RCC_GetSysClockFreq  stm32f1xx_hal_rcc.o
    0x08000974   0x08000974   0x00000464   Code   RO          489    i.HAL_RCC_OscConfig  stm32f1xx_hal_rcc.o
    0x08000dd8   0x08000dd8   0x00000034   Code   RO          795    i.HAL_SYSTICK_Config  stm32f1xx_hal_cortex.o
    0x08000e0c   0x08000e0c   0x00000004   Code   RO          169    i.HardFault_Handler  stm32f1xx_it.o
    0x08000e10   0x08000e10   0x00000020   Code   RO         1842    i.Led_Init          task.o
    0x08000e30   0x08000e30   0x0000013c   Code   RO           14    i.MX_GPIO_Init      main.o
    0x08000f6c   0x08000f6c   0x00000004   Code   RO          170    i.MemManage_Handler  stm32f1xx_it.o
    0x08000f70   0x08000f70   0x00000004   Code   RO          171    i.NMI_Handler       stm32f1xx_it.o
    0x08000f74   0x08000f74   0x00000002   Code   RO          172    i.PendSV_Handler    stm32f1xx_it.o
    0x08000f76   0x08000f76   0x00000002   PAD
    0x08000f78   0x08000f78   0x00000028   Code   RO          490    i.RCC_Delay         stm32f1xx_hal_rcc.o
    0x08000fa0   0x08000fa0   0x00000002   Code   RO          173    i.SVC_Handler       stm32f1xx_it.o
    0x08000fa2   0x08000fa2   0x00000008   Code   RO          174    i.SysTick_Handler   stm32f1xx_it.o
    0x08000faa   0x08000faa   0x00000066   Code   RO           15    i.SystemClock_Config  main.o
    0x08001010   0x08001010   0x00000002   Code   RO         1311    i.SystemInit        system_stm32f1xx.o
    0x08001012   0x08001012   0x00000004   Code   RO          175    i.UsageFault_Handler  stm32f1xx_it.o
    0x08001016   0x08001016   0x00000002   PAD
    0x08001018   0x08001018   0x00000010   Code   RO          797    i.__NVIC_GetPriorityGrouping  stm32f1xx_hal_cortex.o
    0x08001028   0x08001028   0x00000028   Code   RO          798    i.__NVIC_SetPriority  stm32f1xx_hal_cortex.o
    0x08001050   0x08001050   0x0000000e   Code   RO         2160    i.__scatterload_copy  mc_w.l(handlers.o)
    0x0800105e   0x0800105e   0x00000002   Code   RO         2161    i.__scatterload_null  mc_w.l(handlers.o)
    0x08001060   0x08001060   0x0000000e   Code   RO         2162    i.__scatterload_zeroinit  mc_w.l(handlers.o)
    0x0800106e   0x0800106e   0x00000002   PAD
    0x08001070   0x08001070   0x00000014   Code   RO         1608    i.emBtnGetCurEvent  botton.o
    0x08001084   0x08001084   0x00000014   Code   RO         1609    i.emBtnGetCurStatus  botton.o
    0x08001098   0x08001098   0x00000014   Code   RO         1610    i.emBtnGetLastStatus  botton.o
    0x080010ac   0x080010ac   0x0000000c   Code   RO         1886    i.emGetCurrentPage  menu.o
    0x080010b8   0x080010b8   0x0000008c   Code   RO         1737    i.emHandleInput1State  test.o
    0x08001144   0x08001144   0x000000b8   Code   RO         1738    i.emHandleInput2State  test.o
    0x080011fc   0x080011fc   0x00000078   Code   RO         1739    i.emHandleResultState  test.o
    0x08001274   0x08001274   0x00000088   Code   RO         1740    i.emProcessOperator  test.o
    0x080012fc   0x080012fc   0x0000002a   Code   RO         1741    i.emReturnEvent     test.o
    0x08001326   0x08001326   0x0000003a   Code   RO         1978    i.emUibuttonTriggerStuScan  ui_button.o
    0x08001360   0x08001360   0x0000005c   Code   RO         1742    i.iEventSum         test.o
    0x080013bc   0x080013bc   0x00000028   Code   RO           16    i.main              main.o
    0x080013e4   0x080013e4   0x00000020   Code   RO         1611    i.s_vBtnStaticParamCopy  botton.o
    0x08001404   0x08001404   0x00000018   Code   RO         1549    i.s_vLedStaticParamCopy  led_device.o
    0x0800141c   0x0800141c   0x0000003e   Code   RO         1348    i.s_vOledIicSendByte  oled_device.o
    0x0800145a   0x0800145a   0x0000001e   Code   RO         1349    i.s_vOledIicStart   oled_device.o
    0x08001478   0x08001478   0x00000018   Code   RO         1350    i.s_vOledIicStop    oled_device.o
    0x08001490   0x08001490   0x00000012   Code   RO         1351    i.s_vOledIicWaitAck  oled_device.o
    0x080014a2   0x080014a2   0x00000002   PAD
    0x080014a4   0x080014a4   0x00000024   Code   RO         1352    i.s_vOledSclReset   oled_device.o
    0x080014c8   0x080014c8   0x00000024   Code   RO         1353    i.s_vOledSclSet     oled_device.o
    0x080014ec   0x080014ec   0x00000024   Code   RO         1354    i.s_vOledSdaReset   oled_device.o
    0x08001510   0x08001510   0x00000024   Code   RO         1355    i.s_vOledSdaSet     oled_device.o
    0x08001534   0x08001534   0x00000050   Code   RO         1356    i.s_vOledWriteFewBytesData  oled_device.o
    0x08001584   0x08001584   0x0000003e   Code   RO         1357    i.s_vOledWriteOneByteCmd  oled_device.o
    0x080015c2   0x080015c2   0x00000002   PAD
    0x080015c4   0x080015c4   0x00000018   Code   RO         1612    i.ucBtnGetucDoubleWait  botton.o
    0x080015dc   0x080015dc   0x0000002c   Code   RO         1887    i.ucGetMenuSelectedIndex  menu.o
    0x08001608   0x08001608   0x0000002c   Code   RO         1979    i.ucGetUibuttonSelectedIndex  ui_button.o
    0x08001634   0x08001634   0x00000098   Code   RO         1744    i.ucInt32ToStr      test.o
    0x080016cc   0x080016cc   0x00000180   Code   RO         1519    i.ucKeypad_scan     keypad4_4.o
    0x0800184c   0x0800184c   0x0000004c   Code   RO         1745    i.ucOledShowNumber  test.o
    0x08001898   0x08001898   0x00000014   Code   RO         1613    i.ulBtnGetClickTick  botton.o
    0x080018ac   0x080018ac   0x00000014   Code   RO         1614    i.ulBtnGetDeCntTh   botton.o
    0x080018c0   0x080018c0   0x00000014   Code   RO         1615    i.ulBtnGetDoubleClickCntTh  botton.o
    0x080018d4   0x080018d4   0x00000014   Code   RO         1616    i.ulBtnGetLongPressCntTh  botton.o
    0x080018e8   0x080018e8   0x00000014   Code   RO         1617    i.ulBtnGetPressTick  botton.o
    0x080018fc   0x080018fc   0x00000026   Code   RO         2096    i.vBtnEventClear    button_mid.o
    0x08001922   0x08001922   0x0000010a   Code   RO         2097    i.vBtnEventUpdata   button_mid.o
    0x08001a2c   0x08001a2c   0x0000001c   Code   RO         2098    i.vBtnExecute       button_mid.o
    0x08001a48   0x08001a48   0x000000a0   Code   RO         1618    i.vBtnParamInit     botton.o
    0x08001ae8   0x08001ae8   0x00000040   Code   RO         1980    i.vBtnScanAndExecute  ui_button.o
    0x08001b28   0x08001b28   0x00000014   Code   RO         1619    i.vBtnSetClickTick  botton.o
    0x08001b3c   0x08001b3c   0x00000014   Code   RO         1620    i.vBtnSetCurEvent   botton.o
    0x08001b50   0x08001b50   0x00000014   Code   RO         1621    i.vBtnSetLastStatus  botton.o
    0x08001b64   0x08001b64   0x00000014   Code   RO         1622    i.vBtnSetPressTick  botton.o
    0x08001b78   0x08001b78   0x00000014   Code   RO         1623    i.vBtnSetucDoubleWait  botton.o
    0x08001b8c   0x08001b8c   0x000000cc   Code   RO         1624    i.vBtnStatusUpdata  botton.o
    0x08001c58   0x08001c58   0x0000000c   Code   RO         1981    i.vButtonCallback_Off  ui_button.o
    0x08001c64   0x08001c64   0x0000000c   Code   RO         1982    i.vButtonCallback_On  ui_button.o
    0x08001c70   0x08001c70   0x0000000c   Code   RO         1983    i.vButtonCallback_Turn  ui_button.o
    0x08001c7c   0x08001c7c   0x0000002c   Code   RO         1746    i.vCalcParamInit    test.o
    0x08001ca8   0x08001ca8   0x00000010   Code   RO         1747    i.vCalcSystemInit   test.o
    0x08001cb8   0x08001cb8   0x00000050   Code   RO         1888    i.vCurrentPageShow  menu.o
    0x08001d08   0x08001d08   0x0000004c   Code   RO         1550    i.vLedParamInit     led_device.o
    0x08001d54   0x08001d54   0x00000020   Code   RO         1551    i.vLed_Off          led_device.o
    0x08001d74   0x08001d74   0x00000020   Code   RO         1552    i.vLed_On           led_device.o
    0x08001d94   0x08001d94   0x00000028   Code   RO         1553    i.vLed_Turn         led_device.o
    0x08001dbc   0x08001dbc   0x00000050   Code   RO         1554    i.vLed_Update       led_device.o
    0x08001e0c   0x08001e0c   0x0000009a   Code   RO         1843    i.vMainMenuKeyHandler  task.o
    0x08001ea6   0x08001ea6   0x00000002   PAD
    0x08001ea8   0x08001ea8   0x0000000c   Code   RO         1889    i.vMenuCancel       menu.o
    0x08001eb4   0x08001eb4   0x00000048   Code   RO         1890    i.vMenuEnter        menu.o
    0x08001efc   0x08001efc   0x00000018   Code   RO         1891    i.vMenuInit         menu.o
    0x08001f14   0x08001f14   0x00000058   Code   RO         1892    i.vMenuSelectDown   menu.o
    0x08001f6c   0x08001f6c   0x00000050   Code   RO         1893    i.vMenuSelectUp     menu.o
    0x08001fbc   0x08001fbc   0x00000014   Code   RO         1358    i.vOledClearBuffer  oled_device.o
    0x08001fd0   0x08001fd0   0x00000044   Code   RO         1359    i.vOledClearOnePointToBuffer  oled_device.o
    0x08002014   0x08002014   0x000000e6   Code   RO         1360    i.vOledCmdInit      oled_device.o
    0x080020fa   0x080020fa   0x00000002   PAD
    0x080020fc   0x080020fc   0x00000024   Code   RO         1361    i.vOledDeviceInit   oled_device.o
    0x08002120   0x08002120   0x00000040   Code   RO         1363    i.vOledDrawArrow    oled_device.o
    0x08002160   0x08002160   0x00000044   Code   RO         1364    i.vOledDrawOnePointToBuffer  oled_device.o
    0x080021a4   0x080021a4   0x000000cc   Code   RO         1365    i.vOledDrawRectangle  oled_device.o
    0x08002270   0x08002270   0x00000024   Code   RO         1748    i.vOledInit         test.o
    0x08002294   0x08002294   0x0000004c   Code   RO         1366    i.vOledRefreshFromBuffer  oled_device.o
    0x080022e0   0x080022e0   0x00000224   Code   RO         1367    i.vOledWriteOneCharToBuffer  oled_device.o
    0x08002504   0x08002504   0x00000048   Code   RO         1368    i.vOledWriteStringToBuffer  oled_device.o
    0x0800254c   0x0800254c   0x00000002   Code   RO         1894    i.vShowCalculatorMenu  menu.o
    0x0800254e   0x0800254e   0x00000014   Code   RO         1895    i.vShowLEDMenu      menu.o
    0x08002562   0x08002562   0x00000008   Code   RO         1896    i.vShowMenu         menu.o
    0x0800256a   0x0800256a   0x00000002   PAD
    0x0800256c   0x0800256c   0x00000068   Code   RO         1897    i.vShowMenuTextAll  menu.o
    0x080025d4   0x080025d4   0x0000005c   Code   RO         1984    i.vShowNumberSelectorAll  ui_button.o
    0x08002630   0x08002630   0x00000044   Code   RO         2070    i.vShowSingleLineAll  ui_text.o
    0x08002674   0x08002674   0x000000c4   Code   RO         1985    i.vShowUibuttonTextAll  ui_button.o
    0x08002738   0x08002738   0x0000002c   Code   RO         1749    i.vState_machine_run  test.o
    0x08002764   0x08002764   0x0000001c   Code   RO         1844    i.vTask             task.o
    0x08002780   0x08002780   0x0000001a   Code   RO         1750    i.vTest             test.o
    0x0800279a   0x0800279a   0x00000002   PAD
    0x0800279c   0x0800279c   0x00000018   Code   RO         1987    i.vUibuttonEnter    ui_button.o
    0x080027b4   0x080027b4   0x00000034   Code   RO         1988    i.vUibuttonSelectDown  ui_button.o
    0x080027e8   0x080027e8   0x00000030   Code   RO         1989    i.vUibuttonSelectUp  ui_button.o
    0x08002818   0x08002818   0x00000012   Data   RO          491    .constdata          stm32f1xx_hal_rcc.o
    0x0800282a   0x0800282a   0x00000018   Data   RO         1312    .constdata          system_stm32f1xx.o
    0x08002842   0x08002842   0x000017c0   Data   RO         1504    .constdata          oled_font.o
    0x08004002   0x08004002   0x00000002   PAD
    0x08004004   0x08004004   0x00000020   Data   RO         2158    Region$$Table       anon$$obj.o


    Execution Region RW_IRAM1 (Exec base: 0x20000000, Load base: 0x08004024, Size: 0x00000ab8, Max: 0x00005000, ABSOLUTE, COMPRESSED[0x00000108])

    Exec Addr    Load Addr    Size         Type   Attr      Idx    E Section Name        Object

    0x20000000   COMPRESSED   0x00000009   Data   RW          327    .data               stm32f1xx_hal.o
    0x20000009   COMPRESSED   0x00000003   PAD
    0x2000000c   COMPRESSED   0x00000004   Data   RW         1313    .data               system_stm32f1xx.o
    0x20000010   COMPRESSED   0x00000012   Data   RW         1520    .data               keypad4_4.o
    0x20000022   COMPRESSED   0x00000002   PAD
    0x20000024   COMPRESSED   0x00000010   Data   RW         1752    .data               test.o
    0x20000034   COMPRESSED   0x000000d8   Data   RW         1898    .data               menu.o
    0x2000010c   COMPRESSED   0x00000080   Data   RW         1990    .data               ui_button.o
    0x2000018c   COMPRESSED   0x00000034   Data   RW         2071    .data               ui_text.o
    0x200001c0        -       0x00000410   Zero   RW         1369    .bss                oled_device.o
    0x200005d0        -       0x00000030   Zero   RW         1555    .bss                led_device.o
    0x20000600        -       0x000000a0   Zero   RW         1625    .bss                botton.o
    0x200006a0        -       0x00000014   Zero   RW         1751    .bss                test.o
    0x200006b4   COMPRESSED   0x00000004   PAD
    0x200006b8        -       0x00000400   Zero   RW            1    STACK               startup_stm32f103xb.o


==============================================================================

Image component sizes


      Code (inc. data)   RO Data    RW Data    ZI Data      Debug   Object Name

       680         84          0          0        160      11062   botton.o
       332          0          0          0          0       1881   button_mid.o
       384         20          0         18          0       1792   keypad4_4.o
       284         30          0          0         48       4843   led_device.o
       464         18          0          0          0     387916   main.o
       546         68          0        216          0       6936   menu.o
      1806         72          0          0       1040      14580   oled_device.o
         0          0       6080          0          0        776   oled_font.o
        36          8        236          0       1024        812   startup_stm32f103xb.o
       152         32          0          9          0       5349   stm32f1xx_hal.o
       272         22          0          0          0      28810   stm32f1xx_hal_cortex.o
       828         34          0          0          0       3355   stm32f1xx_hal_gpio.o
        84          8          0          0          0        914   stm32f1xx_hal_msp.o
      1672         72         18          0          0       4392   stm32f1xx_hal_rcc.o
        34          0          0          0          0       4022   stm32f1xx_it.o
         2          0         24          4          0       1151   system_stm32f1xx.o
       382         14          0          0          0       2343   task.o
      1108         54          0         16         20       9394   test.o
       614         38          0        128          0       6854   ui_button.o
        68          6          0         52          0       1277   ui_text.o

    ----------------------------------------------------------------------
      9766        580       6392        448       2296     498459   Object Totals
         0          0         32          0          0          0   (incl. Generated)
        18          0          2          5          4          0   (incl. Padding)

    ----------------------------------------------------------------------

      Code (inc. data)   RO Data    RW Data    ZI Data      Debug   Library Member Name

        86          0          0          0          0          0   __dczerorl2.o
         0          0          0          0          0          0   entry.o
         0          0          0          0          0          0   entry10a.o
         0          0          0          0          0          0   entry11a.o
         8          4          0          0          0          0   entry2.o
         4          0          0          0          0          0   entry5.o
         0          0          0          0          0          0   entry7b.o
         0          0          0          0          0          0   entry8b.o
         8          4          0          0          0          0   entry9a.o
        30          0          0          0          0          0   handlers.o
        36          8          0          0          0         68   init.o
        36          0          0          0          0         68   memcpya.o
        36          0          0          0          0        108   memseta.o
        14          0          0          0          0         68   strlen.o

    ----------------------------------------------------------------------
       262         16          0          0          0        312   Library Totals
         4          0          0          0          0          0   (incl. Padding)

    ----------------------------------------------------------------------

      Code (inc. data)   RO Data    RW Data    ZI Data      Debug   Library Name

       258         16          0          0          0        312   mc_w.l

    ----------------------------------------------------------------------
       262         16          0          0          0        312   Library Totals

    ----------------------------------------------------------------------

==============================================================================


      Code (inc. data)   RO Data    RW Data    ZI Data      Debug   

     10028        596       6392        448       2296     493075   Grand Totals
     10028        596       6392        264       2296     493075   ELF Image Totals (compressed)
     10028        596       6392        264          0          0   ROM Totals

==============================================================================

    Total RO  Size (Code + RO Data)                16420 (  16.04kB)
    Total RW  Size (RW Data + ZI Data)              2744 (   2.68kB)
    Total ROM Size (Code + RO Data + RW Data)      16684 (  16.29kB)

==============================================================================

